******************************************************************************
               TMS320C6x Linker PC v7.4.11                     
******************************************************************************
>> Linked Fri Jan 16 12:11:09 2015

OUTPUT FILE NAME:   <mcbsp1.out>
ENTRY POINT SYMBOL: "_c_int00"  address: 00010e60


MEMORY CONFIGURATION

         name            origin    length      used     unused   attr    fill
----------------------  --------  ---------  --------  --------  ----  --------
  PMEM                  00000000   00016000  00012e48  000031b8  RWIX
  BMEM                  00016000   00030000  0000096a  0002f696  RWIX


SECTION ALLOCATION MAP

 output                                  attributes/
section   page    origin      length       input sections
--------  ----  ----------  ----------   ----------------
.text      0    00000000    000114e0     
                  00000000    00001260     gpcregler.obj (.text)
                  00001260    00000d20     MainLoop_Helper.obj (.text)
                  00001f80    00000ca0     MatrixVectorOp.obj (.text)
                  00002c20    00000c00     ident.obj (.text)
                  00003820    00000be0     lumatrixinv.obj (.text)
                  00004400    00000920     main.obj (.text)
                  00004d20    00000720     rts6700.lib : divd.obj (.text:__divd)
                  00005440    000006c0                 : _printfi.obj (.text:__getarg_diouxp)
                  00005b00    00000640                 : _printfi.obj (.text:__setfield)
                  00006140    00000620     main.obj (.text:retain)
                  00006760    000005c0     Command_Utility.obj (.text)
                  00006d20    00000560     rts6700.lib : _printfi.obj (.text:__printfi)
                  00007280    000004c0                 : fputs.obj (.text:_fputs)
                  00007740    00000480     EDMA_Utility.obj (.text)
                  00007bc0    00000480     dsk6713bsl.lib : dsk6713.obj (.text)
                  00008040    00000420     rts6700.lib : _printfi.obj (.text:_fcvt)
                  00008460    00000400                 : _printfi.obj (.text:__pproc_fge)
                  00008860    00000400                 : _printfi.obj (.text:_ecvt)
                  00008c60    00000380     DAC7716.obj (.text)
                  00008fe0    00000380     rts6700.lib : imath64.obj (.text:__divull)
                  00009360    00000380                 : memory.obj (.text:_free)
                  000096e0    00000360                 : _printfi.obj (.text:__pconv_e)
                  00009a40    00000360                 : _printfi.obj (.text:__pproc_fwp)
                  00009da0    00000360     enkoder.obj (.text)
                  0000a100    00000300     rts6700.lib : _printfi.obj (.text:__pproc_diouxp)
                  0000a400    000002c0                 : _printfi.obj (.text:__pproc_str)
                  0000a6c0    000002c0                 : setvbuf.obj (.text:_setvbuf)
                  0000a980    000002a0                 : _printfi.obj (.text:__pconv_g)
                  0000ac20    000002a0                 : fputc.obj (.text:_fputc)
                  0000aec0    00000280     ADC8361.obj (.text)
                  0000b140    00000280     csl6713.lib : csl_edma.obj (.text:_EDMA_open)
                  0000b3c0    00000260     rts6700.lib : imath40.obj (.text:__divul)
                  0000b620    00000240                 : _printfi.obj (.text:__mcpy)
                  0000b860    00000240                 : memory.obj (.text:_malloc)
                  0000baa0    00000240                 : memcpy62.obj (.text:_memcpy)
                  0000bce0    00000220                 : trgdrv.obj (.text:_HOSTrename)
                  0000bf00    00000220     csl6713.lib : csl.obj (.text:__CSL_init)
                  0000c120    000001e0     rts6700.lib : lowlev.obj (.text:_getdevice)
                  0000c300    00000100                 : trgdrv.obj (.text:_HOSTclose)
                  0000c400    00000200     vecs_irq.obj (.text:vecs)
                  0000c600    000001e0     dsk6713bsl.lib : dsk6713_led.obj (.text)
                  0000c7e0    000001c0     csl6713.lib : csl_i2c.obj (.text:_I2C_reset)
                  0000c9a0    000001c0                 : csl_irq.obj (.text:_IRQ_map)
                  0000cb60    000001c0     rts6700.lib : fseek.obj (.text:_fseek)
                  0000cd20    000001c0     csl6713.lib : csl_irq.obj (.text:_mux2Tables)
                  0000cee0    000001a0                 : csl_edma.obj (.text:_EDMA_allocTable)
                  0000d080    000001a0                 : csl_edma.obj (.text:_EDMA_resetAll)
                  0000d220    000001a0                 : csl_mcbsp.obj (.text:_MCBSP_reset)
                  0000d3c0    000001a0     rts6700.lib : _printfi.obj (.text:__ltostr)
                  0000d560    000001a0                 : _printfi.obj (.text:__pproc_fflags)
                  0000d700    00000160                 : trgdrv.obj (.text:_HOSTlseek)
                  0000d860    00000160                 : fclose.obj (.text:__closefile)
                  0000d9c0    00000140     I2C_Utility.obj (.text)
                  0000db00    00000140     IRQ_Utility.obj (.text)
                  0000dc40    00000140     csl6713.lib : csl_edma.obj (.text:_EDMA_reset)
                  0000dd80    00000140     rts6700.lib : trgdrv.obj (.text:_HOSTread)
                  0000dec0    00000140     csl6713.lib : csl_timer.obj (.text:_TIMER_open)
                  0000e000    00000140     rts6700.lib : frcmpyd_div.obj (.text:__frcmpyd_div)
                  0000e140    00000140                 : strasg.obj (.text:__strasgi)
                  0000e280    00000140                 : atoi.obj (.text:_atoi)
                  0000e3c0    00000140                 : fflush.obj (.text:_fflush)
                  0000e500    00000140                 : ltoa.obj (.text:_ltoa)
                  0000e640    00000140                 : sqrt.obj (.text:_sqrt)
                  0000e780    00000120                 : trgdrv.obj (.text:_HOSTopen)
                  0000e8a0    00000120                 : trgdrv.obj (.text:_HOSTwrite)
                  0000e9c0    00000120     csl6713.lib : csl_timer.obj (.text:_TIMER_reset)
                  0000eae0    00000120     rts6700.lib : _io_perm.obj (.text:__wrt_ok)
                  0000ec00    00000120                 : lowlev.obj (.text:_close)
                  0000ed20    00000120                 : fprintf.obj (.text:_fprintf)
                  0000ee40    00000120                 : memset.obj (.text:_memset)
                  0000ef60    00000100                 : trgdrv.obj (.text:_HOSTunlink)
                  0000f060    00000100     csl6713.lib : csl_i2c.obj (.text:_I2C_open)
                  0000f160    00000100                 : csl_mcbsp.obj (.text:_MCBSP_open)
                  0000f260    00000100                 : csl_mcbsp.obj (.text:_MCBSP_start)
                  0000f360    00000100     rts6700.lib : autoinit.obj (.text:__auto_init)
                  0000f460    00000100                 : _printfi.obj (.text:__div)
                  0000f560    00000100                 : imath40.obj (.text:__divli)
                  0000f660    00000100                 : _printfi.obj (.text:__pconv_f)
                  0000f760    00000100                 : lowlev.obj (.text:_lseek)
                  0000f860    00000100                 : printf.obj (.text:_printf)
                  0000f960    00000100                 : lowlev.obj (.text:_write)
                  0000fa60    000000e0                 : fopen.obj (.text:__cleanup)
                  0000fb40    000000e0                 : fflush.obj (.text:__doflush)
                  0000fc20    000000e0                 : _printfi.obj (.text:__ecpy)
                  0000fd00    000000e0                 : _printfi.obj (.text:__fcpy)
                  0000fde0    000000e0                 : strasg.obj (.text:__strasg)
                  0000fec0    000000e0                 : exit.obj (.text:_exit)
                  0000ffa0    000000e0                 : memory.obj (.text:_minsert)
                  00010080    000000e0                 : memory.obj (.text:_mremove)
                  00010160    000000c0     csl6713.lib : csl_edma.obj (.text:_EDMA_clearPram)
                  00010220    000000c0     rts6700.lib : divu.obj (.text:__divu)
                  000102e0    000000c0                 : cpy_tbl.obj (.text:_copy_in)
                  000103a0    000000c0                 : lowlev.obj (.text:_finddevice)
                  00010460    000000a0     McBSP_Utility.obj (.text)
                  00010500    000000a0     csl6713.lib : csl_edma.obj (.text:_EDMA_close)
                  000105a0    000000a0                 : csl_mcbsp.obj (.text:_MCBSP_close)
                  00010640    000000a0                 : csl_irq.obj (.text:__IRQ_init)
                  000106e0    000000a0     rts6700.lib : fixdi.obj (.text:__fixdi)
                  00010780    000000a0                 : fixdli.obj (.text:__fixdli)
                  00010820    000000a0                 : mpyll.obj (.text:__mpyll)
                  000108c0    000000a0                 : imath40.obj (.text:__remli)
                  00010960    000000a0                 : trgmsg.obj (.text:_readmsg)
                  00010a00    000000a0     csl6713.lib : csl_irq.obj (.text:_setMux)
                  00010aa0    000000a0     rts6700.lib : lowlev.obj (.text:_unlink)
                  00010b40    000000a0                 : trgmsg.obj (.text:_writemsg)
                  00010be0    00000080     csl6713.lib : csl_edma.obj (.text:_EDMA_freeTable)
                  00010c60    00000080     rts6700.lib : cpp_init.obj (.text:___TI_cpp_init)
                  00010ce0    00000080                 : assert.obj (.text:__abort_msg)
                  00010d60    00000080                 : fltlid.obj (.text:__fltlid)
                  00010de0    00000080                 : llshift.obj (.text:__llshl)
                  00010e60    00000080                 : boot.obj (.text:_c_int00)
                  00010ee0    00000080                 : memccpy.obj (.text:_memccpy)
                  00010f60    00000080     dsk6713bsl.lib : dsk6713_dip.obj (.text)
                  00010fe0    00000060     csl6713.lib : csl_edma.obj (.text:_EDMA_disableChannel)
                  00011040    00000060                 : csl_edma.obj (.text:_EDMA_enableChannel)
                  000110a0    00000060     rts6700.lib : isinf.obj (.text:___isinf)
                  00011100    00000060                 : fltid.obj (.text:__fltid)
                  00011160    00000060                 : llshift.obj (.text:__llshru)
                  000111c0    00000060                 : imath64.obj (.text:__subcull)
                  00011220    00000040                 : _printfi.obj (.text:___isnan)
                  00011260    00000040                 : args_main.obj (.text:__args_main)
                  000112a0    00000020     CPLD.obj (.text)
                  000112c0    00000020     csl6713.lib : csl.obj (.text:_CSL6713_LIB_)
                  000112e0    00000020                 : csl_irq.obj (.text:_IRQ_setVecs)
                  00011300    00000020     rts6700.lib : addd.obj (.text:__addd)
                  00011320    00000020                 : cmpd.obj (.text:__cmpd)
                  00011340    00000020                 : mpyd.obj (.text:__mpyd)
                  00011360    00000020                 : negd.obj (.text:__negd)
                  00011380    00000020                 : negll.obj (.text:__negll)
                  000113a0    00000020                 : _lock.obj (.text:__nop)
                  000113c0    00000020                 : fprintf.obj (.text:__outc)
                  000113e0    00000020                 : printf.obj (.text:__outc)
                  00011400    00000020                 : fprintf.obj (.text:__outs)
                  00011420    00000020                 : printf.obj (.text:__outs)
                  00011440    00000020                 : subd.obj (.text:__subd)
                  00011460    00000020                 : exit.obj (.text:_abort)
                  00011480    00000020                 : remove.obj (.text:_remove)
                  000114a0    00000020     csl6713.lib : csl_irq.obj (.text)
                  000114c0    00000020     vecs_irq.obj (.text)

.far       0    000114e0    000008f8     UNINITIALIZED
                  000114e0    00000324     rts6700.lib : defs.obj (.far)
                  00011804    00000004                 : errno.obj (.far)
                  00011808    00000168     MainLoop_Helper.obj (.far)
                  00011970    0000011e     main.obj (.far)
                  00011a8e    00000002     dsk6713bsl.lib : dsk6713.obj (.far)
                  00011a90    0000011c     rts6700.lib : lowlev.obj (.far)
                  00011bac    000000f4     csl6713.lib : csl_irq.obj (.far)
                  00011ca0    00000054                 : csl_edma.obj (.far)
                  00011cf4    00000038                 : csl_mcbsp.obj (.far)
                  00011d2c    00000028                 : csl.obj (.far)
                  00011d54    00000028                 : csl_i2c.obj (.far)
                  00011d7c    00000024                 : csl_timer.obj (.far)
                  00011da0    0000000e     Command_Utility.obj (.far)
                  00011dae    00000002     dsk6713bsl.lib : dsk6713_led.obj (.far)
                  00011db0    0000000c     rts6700.lib : exit.obj (.far)
                  00011dbc    00000008                 : _lock.obj (.far)
                  00011dc4    00000008                 : memory.obj (.far)
                  00011dcc    00000008                 : trgdrv.obj (.far)
                  00011dd4    00000004                 : fopen.obj (.far)

.stack     0    00011dd8    00000800     UNINITIALIZED
                  00011dd8    00000008     rts6700.lib : boot.obj (.stack)
                  00011de0    000007f8     --HOLE--

.cinit     0    000125d8    000007ec     
                  000125d8    00000174     main.obj (.cinit)
                  0001274c    00000004     --HOLE-- [fill = 0]
                  00012750    0000015c     DAC7716.obj (.cinit)
                  000128ac    00000004     --HOLE-- [fill = 0]
                  000128b0    0000012c     csl6713.lib : csl_irq.obj (.cinit)
                  000129dc    00000004     --HOLE-- [fill = 0]
                  000129e0    00000070                 : csl_edma.obj (.cinit)
                  00012a50    0000006c     MainLoop_Helper.obj (.cinit)
                  00012abc    00000004     --HOLE-- [fill = 0]
                  00012ac0    0000005c     rts6700.lib : defs.obj (.cinit)
                  00012b1c    00000004     --HOLE-- [fill = 0]
                  00012b20    0000005c                 : lowlev.obj (.cinit)
                  00012b7c    00000004     --HOLE-- [fill = 0]
                  00012b80    00000054     csl6713.lib : csl_mcbsp.obj (.cinit)
                  00012bd4    00000004     --HOLE-- [fill = 0]
                  00012bd8    0000004c     ADC8361.obj (.cinit)
                  00012c24    00000004     --HOLE-- [fill = 0]
                  00012c28    0000004c     csl6713.lib : csl_timer.obj (.cinit)
                  00012c74    00000004     --HOLE-- [fill = 0]
                  00012c78    0000003c                 : csl.obj (.cinit)
                  00012cb4    00000004     --HOLE-- [fill = 0]
                  00012cb8    00000030                 : csl_i2c.obj (.cinit)
                  00012ce8    0000002c     rts6700.lib : exit.obj (.cinit)
                  00012d14    00000004     --HOLE-- [fill = 0]
                  00012d18    0000002c                 : memory.obj (.cinit)
                  00012d44    00000004     --HOLE-- [fill = 0]
                  00012d48    00000024     Command_Utility.obj (.cinit)
                  00012d6c    00000004     --HOLE-- [fill = 0]
                  00012d70    0000001c     rts6700.lib : _lock.obj (.cinit)
                  00012d8c    00000004     --HOLE-- [fill = 0]
                  00012d90    0000000c                 : errno.obj (.cinit)
                  00012d9c    00000004     --HOLE-- [fill = 0]
                  00012da0    0000000c                 : fopen.obj (.cinit)
                  00012dac    00000004     --HOLE-- [fill = 0]
                  00012db0    0000000c     timer.obj (.cinit)
                  00012dbc    00000004     --HOLE-- [fill = 0]
                  00012dc0    00000004     (.pad.cinit) [fill = 0]

.buffers   0    00012e00    00000084     UNINITIALIZED
                  00012e00    00000084     main.obj (.buffers)

.data      0    00016000    00000000     UNINITIALIZED

.sysmem    0    00016000    00000400     UNINITIALIZED
                  00016000    00000008     rts6700.lib : memory.obj (.sysmem)
                  00016008    000003f8     --HOLE--

.const     0    00016400    000002fe     
                  00016400    00000101     rts6700.lib : ctype.obj (.const:.string:__ctypes_)
                  00016501    00000003                 : assert.obj (.const:.string)
                  00016504    0000008c     MatrixVectorOp.obj (.const:.string)
                  00016590    00000048     ADC8361.obj (.const:.string)
                  000165d8    00000040     DAC7716.obj (.const:.string)
                  00016618    00000040     I2C_Utility.obj (.const)
                  00016658    0000002c     MainLoop_Helper.obj (.const:.string)
                  00016684    0000002c     lumatrixinv.obj (.const:.string)
                  000166b0    00000023     rts6700.lib : _printfi.obj (.const:.string)
                  000166d3    00000001     --HOLE-- [fill = 0]
                  000166d4    00000020     dsk6713bsl.lib : dsk6713.obj (.const)
                  000166f4    00000008     Command_Utility.obj (.const:.string)
                  000166fc    00000002     rts6700.lib : fputs.obj (.const:.string)

.cio       0    00016700    00000120     UNINITIALIZED
                  00016700    00000120     rts6700.lib : trgmsg.obj (.cio)

.bss       0    00016820    0000010c     UNINITIALIZED
                  00016820    0000005c     main.obj (.bss)
                  0001687c    00000058     DAC7716.obj (.bss)
                  000168d4    00000034     MainLoop_Helper.obj (.bss)
                  00016908    00000014     ADC8361.obj (.bss)
                  0001691c    0000000c     timer.obj (.bss)
                  00016928    00000004     Command_Utility.obj (.bss)

.switch    0    0001692c    00000040     
                  0001692c    00000030     Command_Utility.obj (.switch:_AnalyzeCommands)
                  0001695c    00000010     DAC7716.obj (.switch:_DAC_Prepare_EDMA)


GLOBAL SYMBOLS: SORTED ALPHABETICALLY BY Name 

address    name
--------   ----
00016820   $bss
00016820   .bss
00016000   .data
00000000   .text
00011460   C$$EXIT
00010bb8   C$$IO$$
00016848   _ADCCounter
0000b0b4   _ADC_Are_All_Channels_Fresh
0000b068   _ADC_Collect_EDMA
0000af94   _ADC_Fill_Measurement_Struct
0000af34   _ADC_Fill_Measurement_With_Zeros
0000af28   _ADC_Get_Channel_Num
0000aedc   _ADC_Show_Measurement
0000aec0   _ADC_Unfresh
00006c18   _AnalyzeCommands
000112a0   _CPLD_WriteMisc
000112c0   _CSL6713_LIB_
00000b7c   _CalcArixOutput
000010d0   _CalcArxOutput
0000064c   _CalcClearArx
00000804   _CalcQT
00000490   _CalcRefModelOutput
00000ef0   _CalculateGPC
00002ee4   _CalculateIdent
00016908   _Ch0_Counter
0001690c   _Ch1_Counter
00016910   _Ch2_Counter
00016914   _Ch3_Counter
00016918   _Ch_Error_Counter
00006ae4   _CommandEngine
00006ad0   _Copy16Bit
00006a68   _CopyAllMeasurement
00006a0c   _CopyString
00008f80   _DAC_Fill_Values_With_Zeros
00008e60   _DAC_Prepare_EDMA
00008d2c   _DAC_Prepare_Frame
00008d10   _DAC_Update_Channel_To_Send
00010f68   _DSK6713_DIP_get
00010f60   _DSK6713_DIP_init
0000c600   _DSK6713_LED_init
0000c640   _DSK6713_LED_off
0000c6b0   _DSK6713_LED_on
0000c720   _DSK6713_LED_toggle
00007fd4   _DSK6713_getVersion
00007c0c   _DSK6713_init
00007f28   _DSK6713_rget
00007f3c   _DSK6713_rset
00011a8e   _DSK6713_version
00007f50   _DSK6713_wait
00007fa8   _DSK6713_waitusec
000069a4   _DownloadCommand
00007b94   _EDMAADCConfOpt
00007b84   _EDMADACConfOpt
0000cee0   _EDMA_allocTable
00010160   _EDMA_clearPram
00010500   _EDMA_close
00010fe0   _EDMA_disableChannel
00011040   _EDMA_enableChannel
00010be0   _EDMA_freeTable
0000b140   _EDMA_open
0000dc40   _EDMA_reset
0000d080   _EDMA_resetAll
00007b74   _EDMI2CRecConfOpt
00007b64   _EDMI2CTransConfOpt
000119b8   _EncMeasurement
0000a070   _Enc_Are_Both_Enc_Fresh
0000a020   _Enc_Compute_Values
00009f80   _Enc_Fill_With_Zeros
00001b2c   _Enc_PrepareFreshOutput
000067cc   _Enc_ReadEnc
00009f40   _Enc_Refresh_Bytes
00001b04   _Enc_SendOrder
00009ef4   _Enc_Unfresh_All
00001a38   _Enc_WaitForFreshInput
00009ea0   _Encoder_Are_Bytes_Fresh
00009e2c   _Encoder_Compute_Value
00009db4   _Encoder_Fill_With_Zeros
00009da0   _Encoder_Unfresh
000003b4   _FillQ
00000150   _GPC_Constructor
00000000   _GPC_Destructor
0000c300   _HOSTclose
0000d700   _HOSTlseek
0000e780   _HOSTopen
0000dd80   _HOSTread
0000bce0   _HOSTrename
0000ef60   _HOSTunlink
0000e8a0   _HOSTwrite
0000da94   _I2C_InterruptsRoutine
0000da20   _I2C_PrepareMasterConfigStruct
0000d9c0   _I2C_PrepareSlaveConfigStruct
0000dad0   _I2C_Send_Polling
0000f060   _I2C_open
0000c7e0   _I2C_reset
0000c9a0   _IRQ_map
000112e0   _IRQ_setVecs
00002ccc   _IdentObj_Constructor
00002c20   _IdentObj_Destructor
0000447c   _Initialize
00004400   _Intialize_Chipset
000105a0   _MCBSP_close
0000f160   _MCBSP_open
0000d220   _MCBSP_reset
0000f260   _MCBSP_start
00001998   _ML_CheckSwitch
000018d4   _ML_ExitProcedure
000017d4   _ML_PrepareFreshOutput
00001790   _ML_ShowGoodbyeMsg
000016bc   _ML_WaitForFreshInput
00002b7c   _MatrixMult
0000298c   _MatrixMultptr
00011a18   _Parametry1
00011a20   _Parametry2
000104b0   _Polling_Single_Receive
00010460   _Polling_Transmit
00001260   _PrepareGPC
00008c60   _PrintfDACTransferInfo
000067fc   _ProcessReceivedData
00006760   _RemoveCompletedCommand
0000dec0   _TIMER_open
0000e9c0   _TIMER_reset
00004ce0   _TimerEventHandler
00016928   _WelcomeStringLength
00016864   _Wzad_pion
00016866   _Wzad_poziom
00016860   _WzmocnienieCalki
0001685c   _WzmocnienieRegulatoraP
00016700   __CIOBUF_
0000bf00   __CSL_init
00011c98   __IRQ_dispatchTable
00011bd4   __IRQ_eventTable
000114a0   __IRQ_hookFetchPacket
00010640   __IRQ_init
00011c58   __IRQ_intTable
00011d24   __MCBSP_hDev0
00011d28   __MCBSP_hDev1
000125d8   __STACK_END
00000800   __STACK_SIZE
00000400   __SYSMEM_SIZE
00011d7c   __TIMER_deviceTable
00011d9c   __TIMER_hBios
00011d94   __TIMER_hDev0
00011d98   __TIMER_hDev1
00000001   __TI_args_main
00010c60   ___TI_cpp_init
00011db8   ___TI_enable_exit_profile_output
ffffffff   ___TI_pprof_out_hndl
ffffffff   ___TI_prof_data_size
ffffffff   ___TI_prof_data_start
ffffffff   ___binit__
00016820   ___bss__
ffffffff   ___c_args__
000125d8   ___cinit__
00016000   ___data__
00016000   ___edata__
0001692c   ___end__
000114e0   ___etext__
000110a0   ___isinf
ffffffff   ___pinit__
00000000   ___text__
00010ce0   __abort_msg
00011300   __addd
00011260   __args_main
0000f360   __auto_init
00010220   __c6xabi_divu
0000e140   __c6xabi_strasgi
0000fa60   __cleanup
00011db0   __cleanup_ptr
0000d860   __closefile
00011320   __cmpd
00016400   __ctypes_
00004d20   __divd
0000f560   __divli
00010220   __divu
0000b3c0   __divul
00008fe0   __divull
0000fb40   __doflush
00011db4   __dtors_ptr
000106e0   __fixdi
00010780   __fixdli
00011100   __fltid
00010d60   __fltlid
0000e000   __frcmpyd_div
00011800   __ft_end
000114e0   __ftable
00010de0   __llshl
00011160   __llshru
00011dbc   __lock
00011340   __mpyd
00010820   __mpyll
00011360   __negd
00011380   __negll
000113a0   __nop
00006d20   __printfi
000108c0   __remli
00011dd8   __stack
0000fde0   __strasg
0000e140   __strasgi
000111c0   __subcull
00011440   __subd
00016000   __sys_memory
000116c0   __tmpnams
00011dc0   __unlock
0000eae0   __wrt_ok
00011460   _abort
0000e280   _atoi
00010e60   _c_int00
000064c8   _c_int08
00006218   _c_int09
00006140   _c_int14
00016858   _ce2
0000ec00   _close
000102e0   _copy_in
00016854   _digital_output
0000dbf0   _enableIRQ
00007974   _enableIRQ_EDMA
00011804   _errno
0000fec0   _exit
0000e3c0   _fflush
0000ed20   _fprintf
0000ac20   _fputc
00007280   _fputs
00009360   _free
00002904   _freeMatrix
00002880   _freeMatrixV
0000cb60   _fseek
00016850   _fstart
000026e8   _getMatrixEye
0000256c   _getMatrixEyeptr
00002440   _getMatrixptr
000118d0   _identyfikatorPion
00011920   _identyfikatorPoziom
000041d8   _inverse
000168d4   _kC
000168e4   _kC2
000168d8   _kPID
000168e8   _kPID2
0000f760   _lseek
0000e500   _ltoa
00003ee8   _lubksb
00003820   _ludcmp
00004b74   _main
0000b860   _malloc
00002200   _matMult
00010ee0   _memccpy
0000baa0   _memcpy
0000ee40   _memset
0001181c   _modelPion
00011808   _modelPoziom
000021c8   _moveTableLeft
0001684c   _pEncMeasurement
000168fc   _pion
000168dc   _pomiar
000168ec   _pomiar2
000168f4   _poziom
000020c4   _printMatrix
00002020   _printTable
0000f860   _printf
00001fd0   _pushStart
00001f80   _pushStop
0000ac20   _putc
00010960   _readmsg
00011880   _regulatorPion
00011830   _regulatorPoziom
00011480   _remove
0000db00   _setupIRQ
0000a6c0   _setvbuf
0000e640   _sqrt
000077a0   _stopEdma
000168e0   _suma
000168f0   _suma2
00011cb4   _tccAllocTable
00016900   _uPion
000168f8   _uPoziom
00010aa0   _unlink
0000c420   _vector1
0000c540   _vector10
0000c560   _vector11
0000c580   _vector12
0000c5a0   _vector13
0000c5c0   _vector14
0000c5e0   _vector15
0000c440   _vector2
0000c460   _vector3
0000c480   _vector4
0000c4a0   _vector5
0000c4c0   _vector6
0000c4e0   _vector7
0000c400   _vectors
0000f960   _write
00010b40   _writemsg
000119d0   _wynik
ffffffff   binit
000125d8   cinit
00016000   edata
0001692c   end
000114e0   etext
ffffffff   pinit


GLOBAL SYMBOLS: SORTED BY Symbol Address 

address    name
--------   ----
00000000   .text
00000000   _GPC_Destructor
00000000   ___text__
00000001   __TI_args_main
00000150   _GPC_Constructor
000003b4   _FillQ
00000400   __SYSMEM_SIZE
00000490   _CalcRefModelOutput
0000064c   _CalcClearArx
00000800   __STACK_SIZE
00000804   _CalcQT
00000b7c   _CalcArixOutput
00000ef0   _CalculateGPC
000010d0   _CalcArxOutput
00001260   _PrepareGPC
000016bc   _ML_WaitForFreshInput
00001790   _ML_ShowGoodbyeMsg
000017d4   _ML_PrepareFreshOutput
000018d4   _ML_ExitProcedure
00001998   _ML_CheckSwitch
00001a38   _Enc_WaitForFreshInput
00001b04   _Enc_SendOrder
00001b2c   _Enc_PrepareFreshOutput
00001f80   _pushStop
00001fd0   _pushStart
00002020   _printTable
000020c4   _printMatrix
000021c8   _moveTableLeft
00002200   _matMult
00002440   _getMatrixptr
0000256c   _getMatrixEyeptr
000026e8   _getMatrixEye
00002880   _freeMatrixV
00002904   _freeMatrix
0000298c   _MatrixMultptr
00002b7c   _MatrixMult
00002c20   _IdentObj_Destructor
00002ccc   _IdentObj_Constructor
00002ee4   _CalculateIdent
00003820   _ludcmp
00003ee8   _lubksb
000041d8   _inverse
00004400   _Intialize_Chipset
0000447c   _Initialize
00004b74   _main
00004ce0   _TimerEventHandler
00004d20   __divd
00006140   _c_int14
00006218   _c_int09
000064c8   _c_int08
00006760   _RemoveCompletedCommand
000067cc   _Enc_ReadEnc
000067fc   _ProcessReceivedData
000069a4   _DownloadCommand
00006a0c   _CopyString
00006a68   _CopyAllMeasurement
00006ad0   _Copy16Bit
00006ae4   _CommandEngine
00006c18   _AnalyzeCommands
00006d20   __printfi
00007280   _fputs
000077a0   _stopEdma
00007974   _enableIRQ_EDMA
00007b64   _EDMI2CTransConfOpt
00007b74   _EDMI2CRecConfOpt
00007b84   _EDMADACConfOpt
00007b94   _EDMAADCConfOpt
00007c0c   _DSK6713_init
00007f28   _DSK6713_rget
00007f3c   _DSK6713_rset
00007f50   _DSK6713_wait
00007fa8   _DSK6713_waitusec
00007fd4   _DSK6713_getVersion
00008c60   _PrintfDACTransferInfo
00008d10   _DAC_Update_Channel_To_Send
00008d2c   _DAC_Prepare_Frame
00008e60   _DAC_Prepare_EDMA
00008f80   _DAC_Fill_Values_With_Zeros
00008fe0   __divull
00009360   _free
00009da0   _Encoder_Unfresh
00009db4   _Encoder_Fill_With_Zeros
00009e2c   _Encoder_Compute_Value
00009ea0   _Encoder_Are_Bytes_Fresh
00009ef4   _Enc_Unfresh_All
00009f40   _Enc_Refresh_Bytes
00009f80   _Enc_Fill_With_Zeros
0000a020   _Enc_Compute_Values
0000a070   _Enc_Are_Both_Enc_Fresh
0000a6c0   _setvbuf
0000ac20   _fputc
0000ac20   _putc
0000aec0   _ADC_Unfresh
0000aedc   _ADC_Show_Measurement
0000af28   _ADC_Get_Channel_Num
0000af34   _ADC_Fill_Measurement_With_Zeros
0000af94   _ADC_Fill_Measurement_Struct
0000b068   _ADC_Collect_EDMA
0000b0b4   _ADC_Are_All_Channels_Fresh
0000b140   _EDMA_open
0000b3c0   __divul
0000b860   _malloc
0000baa0   _memcpy
0000bce0   _HOSTrename
0000bf00   __CSL_init
0000c300   _HOSTclose
0000c400   _vectors
0000c420   _vector1
0000c440   _vector2
0000c460   _vector3
0000c480   _vector4
0000c4a0   _vector5
0000c4c0   _vector6
0000c4e0   _vector7
0000c540   _vector10
0000c560   _vector11
0000c580   _vector12
0000c5a0   _vector13
0000c5c0   _vector14
0000c5e0   _vector15
0000c600   _DSK6713_LED_init
0000c640   _DSK6713_LED_off
0000c6b0   _DSK6713_LED_on
0000c720   _DSK6713_LED_toggle
0000c7e0   _I2C_reset
0000c9a0   _IRQ_map
0000cb60   _fseek
0000cee0   _EDMA_allocTable
0000d080   _EDMA_resetAll
0000d220   _MCBSP_reset
0000d700   _HOSTlseek
0000d860   __closefile
0000d9c0   _I2C_PrepareSlaveConfigStruct
0000da20   _I2C_PrepareMasterConfigStruct
0000da94   _I2C_InterruptsRoutine
0000dad0   _I2C_Send_Polling
0000db00   _setupIRQ
0000dbf0   _enableIRQ
0000dc40   _EDMA_reset
0000dd80   _HOSTread
0000dec0   _TIMER_open
0000e000   __frcmpyd_div
0000e140   __c6xabi_strasgi
0000e140   __strasgi
0000e280   _atoi
0000e3c0   _fflush
0000e500   _ltoa
0000e640   _sqrt
0000e780   _HOSTopen
0000e8a0   _HOSTwrite
0000e9c0   _TIMER_reset
0000eae0   __wrt_ok
0000ec00   _close
0000ed20   _fprintf
0000ee40   _memset
0000ef60   _HOSTunlink
0000f060   _I2C_open
0000f160   _MCBSP_open
0000f260   _MCBSP_start
0000f360   __auto_init
0000f560   __divli
0000f760   _lseek
0000f860   _printf
0000f960   _write
0000fa60   __cleanup
0000fb40   __doflush
0000fde0   __strasg
0000fec0   _exit
00010160   _EDMA_clearPram
00010220   __c6xabi_divu
00010220   __divu
000102e0   _copy_in
00010460   _Polling_Transmit
000104b0   _Polling_Single_Receive
00010500   _EDMA_close
000105a0   _MCBSP_close
00010640   __IRQ_init
000106e0   __fixdi
00010780   __fixdli
00010820   __mpyll
000108c0   __remli
00010960   _readmsg
00010aa0   _unlink
00010b40   _writemsg
00010bb8   C$$IO$$
00010be0   _EDMA_freeTable
00010c60   ___TI_cpp_init
00010ce0   __abort_msg
00010d60   __fltlid
00010de0   __llshl
00010e60   _c_int00
00010ee0   _memccpy
00010f60   _DSK6713_DIP_init
00010f68   _DSK6713_DIP_get
00010fe0   _EDMA_disableChannel
00011040   _EDMA_enableChannel
000110a0   ___isinf
00011100   __fltid
00011160   __llshru
000111c0   __subcull
00011260   __args_main
000112a0   _CPLD_WriteMisc
000112c0   _CSL6713_LIB_
000112e0   _IRQ_setVecs
00011300   __addd
00011320   __cmpd
00011340   __mpyd
00011360   __negd
00011380   __negll
000113a0   __nop
00011440   __subd
00011460   C$$EXIT
00011460   _abort
00011480   _remove
000114a0   __IRQ_hookFetchPacket
000114e0   ___etext__
000114e0   __ftable
000114e0   etext
000116c0   __tmpnams
00011800   __ft_end
00011804   _errno
00011808   _modelPoziom
0001181c   _modelPion
00011830   _regulatorPoziom
00011880   _regulatorPion
000118d0   _identyfikatorPion
00011920   _identyfikatorPoziom
000119b8   _EncMeasurement
000119d0   _wynik
00011a18   _Parametry1
00011a20   _Parametry2
00011a8e   _DSK6713_version
00011bd4   __IRQ_eventTable
00011c58   __IRQ_intTable
00011c98   __IRQ_dispatchTable
00011cb4   _tccAllocTable
00011d24   __MCBSP_hDev0
00011d28   __MCBSP_hDev1
00011d7c   __TIMER_deviceTable
00011d94   __TIMER_hDev0
00011d98   __TIMER_hDev1
00011d9c   __TIMER_hBios
00011db0   __cleanup_ptr
00011db4   __dtors_ptr
00011db8   ___TI_enable_exit_profile_output
00011dbc   __lock
00011dc0   __unlock
00011dd8   __stack
000125d8   __STACK_END
000125d8   ___cinit__
000125d8   cinit
00016000   .data
00016000   ___data__
00016000   ___edata__
00016000   __sys_memory
00016000   edata
00016400   __ctypes_
00016700   __CIOBUF_
00016820   $bss
00016820   .bss
00016820   ___bss__
00016848   _ADCCounter
0001684c   _pEncMeasurement
00016850   _fstart
00016854   _digital_output
00016858   _ce2
0001685c   _WzmocnienieRegulatoraP
00016860   _WzmocnienieCalki
00016864   _Wzad_pion
00016866   _Wzad_poziom
000168d4   _kC
000168d8   _kPID
000168dc   _pomiar
000168e0   _suma
000168e4   _kC2
000168e8   _kPID2
000168ec   _pomiar2
000168f0   _suma2
000168f4   _poziom
000168f8   _uPoziom
000168fc   _pion
00016900   _uPion
00016908   _Ch0_Counter
0001690c   _Ch1_Counter
00016910   _Ch2_Counter
00016914   _Ch3_Counter
00016918   _Ch_Error_Counter
00016928   _WelcomeStringLength
0001692c   ___end__
0001692c   end
ffffffff   ___TI_pprof_out_hndl
ffffffff   ___TI_prof_data_size
ffffffff   ___TI_prof_data_start
ffffffff   ___binit__
ffffffff   ___c_args__
ffffffff   ___pinit__
ffffffff   binit
ffffffff   pinit

[298 symbols]
