******************************************************************************
               TMS320C6x Linker PC v7.4.4                      
******************************************************************************
>> Linked Thu Jan 15 22:17:40 2015

OUTPUT FILE NAME:   <mcbsp1.out>
ENTRY POINT SYMBOL: "_c_int00"  address: 00011140


MEMORY CONFIGURATION

         name            origin    length      used     unused   attr    fill
----------------------  --------  ---------  --------  --------  ----  --------
  PMEM                  00000000   00016000  00013118  00002ee8  RWIX
  BMEM                  00016000   00030000  0000099e  0002f662  RWIX


SECTION ALLOCATION MAP

 output                                  attributes/
section   page    origin      length       input sections
--------  ----  ----------  ----------   ----------------
.text      0    00000000    000117c0     
                  00000000    000012c0     gpcregler.obj (.text)
                  000012c0    00000f60     ident.obj (.text)
                  00002220    00000e20     MainLoop_Helper.obj (.text)
                  00003040    00000c80     MatrixVectorOp.obj (.text)
                  00003cc0    00000b00     lumatrixinv.obj (.text)
                  000047c0    00000840     main.obj (.text)
                  00005000    00000720     rts6700.lib : divd.obj (.text:__divd)
                  00005720    000006c0                 : _printfi.obj (.text:__getarg_diouxp)
                  00005de0    00000640                 : _printfi.obj (.text:__setfield)
                  00006420    00000620     Command_Utility.obj (.text)
                  00006a40    00000620     main.obj (.text:retain)
                  00007060    00000560     rts6700.lib : _printfi.obj (.text:__printfi)
                  000075c0    000004c0                 : fputs.obj (.text:_fputs)
                  00007a80    00000480     EDMA_Utility.obj (.text)
                  00007f00    00000480     dsk6713bsl.lib : dsk6713.obj (.text)
                  00008380    00000420     rts6700.lib : _printfi.obj (.text:_fcvt)
                  000087a0    00000400                 : _printfi.obj (.text:__pproc_fge)
                  00008ba0    00000400                 : _printfi.obj (.text:_ecvt)
                  00008fa0    000003c0     DAC7716.obj (.text)
                  00009360    00000380     rts6700.lib : imath64.obj (.text:__divull)
                  000096e0    00000380                 : memory.obj (.text:_free)
                  00009a60    00000360                 : _printfi.obj (.text:__pconv_e)
                  00009dc0    00000360                 : _printfi.obj (.text:__pproc_fwp)
                  0000a120    00000360     enkoder.obj (.text)
                  0000a480    00000300     rts6700.lib : _printfi.obj (.text:__pproc_diouxp)
                  0000a780    000002c0     ADC8361.obj (.text)
                  0000aa40    000002c0     rts6700.lib : _printfi.obj (.text:__pproc_str)
                  0000ad00    000002c0                 : setvbuf.obj (.text:_setvbuf)
                  0000afc0    000002a0                 : _printfi.obj (.text:__pconv_g)
                  0000b260    000002a0                 : fputc.obj (.text:_fputc)
                  0000b500    00000260     csl6713.lib : csl_edma.obj (.text:_EDMA_open)
                  0000b760    00000260     rts6700.lib : imath40.obj (.text:__divul)
                  0000b9c0    00000240                 : _printfi.obj (.text:__mcpy)
                  0000bc00    00000240                 : memory.obj (.text:_malloc)
                  0000be40    00000240                 : memcpy62.obj (.text:_memcpy)
                  0000c080    00000220                 : trgdrv.obj (.text:_HOSTrename)
                  0000c2a0    00000200     csl6713.lib : csl_edma.obj (.text:_EDMA_allocTable)
                  0000c4a0    000001e0     rts6700.lib : lowlev.obj (.text:_getdevice)
                  0000c680    00000180     csl6713.lib : csl_edma.obj (.text:_EDMA_resetAll)
                  0000c800    00000200     vecs_irq.obj (.text:vecs)
                  0000ca00    000001e0     dsk6713bsl.lib : dsk6713_led.obj (.text)
                  0000cbe0    000001c0     csl6713.lib : csl.obj (.text:__CSL_init)
                  0000cda0    000001c0     rts6700.lib : fseek.obj (.text:_fseek)
                  0000cf60    000001a0     csl6713.lib : csl_i2c.obj (.text:_I2C_reset)
                  0000d100    000001a0                 : csl_irq.obj (.text:_IRQ_map)
                  0000d2a0    000001a0     rts6700.lib : _printfi.obj (.text:__ltostr)
                  0000d440    000001a0                 : _printfi.obj (.text:__pproc_fflags)
                  0000d5e0    00000180     csl6713.lib : csl_mcbsp.obj (.text:_MCBSP_reset)
                  0000d760    00000160     rts6700.lib : trgdrv.obj (.text:_HOSTlseek)
                  0000d8c0    00000160     csl6713.lib : csl_timer.obj (.text:_TIMER_open)
                  0000da20    00000160     rts6700.lib : fclose.obj (.text:__closefile)
                  0000db80    00000140     I2C_Utility.obj (.text)
                  0000dcc0    00000140     IRQ_Utility.obj (.text)
                  0000de00    00000140     rts6700.lib : trgdrv.obj (.text:_HOSTread)
                  0000df40    00000140                 : frcmpyd_div.obj (.text:__frcmpyd_div)
                  0000e080    00000140                 : strasg.obj (.text:__strasgi)
                  0000e1c0    00000140                 : atoi.obj (.text:_atoi)
                  0000e300    00000140                 : fflush.obj (.text:_fflush)
                  0000e440    00000140                 : ltoa.obj (.text:_ltoa)
                  0000e580    00000140                 : sqrt.obj (.text:_sqrt)
                  0000e6c0    00000120     csl6713.lib : csl_edma.obj (.text:_EDMA_reset)
                  0000e7e0    00000120     rts6700.lib : trgdrv.obj (.text:_HOSTopen)
                  0000e900    00000120                 : trgdrv.obj (.text:_HOSTwrite)
                  0000ea20    00000120     csl6713.lib : csl_timer.obj (.text:_TIMER_reset)
                  0000eb40    00000120     rts6700.lib : _io_perm.obj (.text:__wrt_ok)
                  0000ec60    00000120                 : lowlev.obj (.text:_close)
                  0000ed80    00000120                 : fprintf.obj (.text:_fprintf)
                  0000eea0    00000120                 : memset.obj (.text:_memset)
                  0000efc0    00000120     csl6713.lib : csl_irq.obj (.text:_mux2Tables)
                  0000f0e0    00000100     rts6700.lib : trgdrv.obj (.text:_HOSTclose)
                  0000f1e0    00000100                 : trgdrv.obj (.text:_HOSTunlink)
                  0000f2e0    00000100     csl6713.lib : csl_mcbsp.obj (.text:_MCBSP_start)
                  0000f3e0    00000100     rts6700.lib : autoinit.obj (.text:__auto_init)
                  0000f4e0    00000100                 : _printfi.obj (.text:__div)
                  0000f5e0    00000100                 : imath40.obj (.text:__divli)
                  0000f6e0    00000100                 : _printfi.obj (.text:__pconv_f)
                  0000f7e0    00000100                 : lowlev.obj (.text:_lseek)
                  0000f8e0    00000100                 : printf.obj (.text:_printf)
                  0000f9e0    00000100                 : lowlev.obj (.text:_write)
                  0000fae0    000000e0     csl6713.lib : csl_i2c.obj (.text:_I2C_open)
                  0000fbc0    000000e0                 : csl_mcbsp.obj (.text:_MCBSP_open)
                  0000fca0    000000e0     rts6700.lib : fopen.obj (.text:__cleanup)
                  0000fd80    000000e0                 : fflush.obj (.text:__doflush)
                  0000fe60    000000e0                 : _printfi.obj (.text:__ecpy)
                  0000ff40    000000e0                 : _printfi.obj (.text:__fcpy)
                  00010020    000000e0                 : strasg.obj (.text:__strasg)
                  00010100    000000e0                 : exit.obj (.text:_exit)
                  000101e0    000000e0                 : memory.obj (.text:_minsert)
                  000102c0    000000e0                 : memory.obj (.text:_mremove)
                  000103a0    000000c0     csl6713.lib : csl_edma.obj (.text:_EDMA_clearPram)
                  00010460    000000c0                 : csl_edma.obj (.text:_EDMA_close)
                  00010520    000000c0     rts6700.lib : divu.obj (.text:__divu)
                  000105e0    000000c0                 : cpy_tbl.obj (.text:_copy_in)
                  000106a0    000000c0                 : lowlev.obj (.text:_finddevice)
                  00010760    000000c0     csl6713.lib : csl_irq.obj (.text:_getMux)
                  00010820    000000a0                 : csl_mcbsp.obj (.text:_MCBSP_close)
                  000108c0    000000a0     rts6700.lib : fixdi.obj (.text:__fixdi)
                  00010960    000000a0                 : fixdli.obj (.text:__fixdli)
                  00010a00    000000a0                 : mpyll.obj (.text:__mpyll)
                  00010aa0    000000a0                 : imath40.obj (.text:__remli)
                  00010b40    000000a0                 : trgmsg.obj (.text:_readmsg)
                  00010be0    000000a0     csl6713.lib : csl_irq.obj (.text:_setMux)
                  00010c80    000000a0     rts6700.lib : lowlev.obj (.text:_unlink)
                  00010d20    000000a0                 : trgmsg.obj (.text:_writemsg)
                  00010dc0    00000080     McBSP_Utility.obj (.text)
                  00010e40    00000080     csl6713.lib : csl_edma.obj (.text:_EDMA_freeTable)
                  00010ec0    00000080                 : csl_irq.obj (.text:__IRQ_init)
                  00010f40    00000080     rts6700.lib : cpp_init.obj (.text:___TI_cpp_init)
                  00010fc0    00000080                 : assert.obj (.text:__abort_msg)
                  00011040    00000080                 : fltlid.obj (.text:__fltlid)
                  000110c0    00000080                 : llshift.obj (.text:__llshl)
                  00011140    00000080                 : boot.obj (.text:_c_int00)
                  000111c0    00000080                 : memccpy.obj (.text:_memccpy)
                  00011240    00000080     dsk6713bsl.lib : dsk6713_dip.obj (.text)
                  000112c0    00000060     csl6713.lib : csl_edma.obj (.text:_EDMA_disableChannel)
                  00011320    00000060                 : csl_edma.obj (.text:_EDMA_enableChannel)
                  00011380    00000060     rts6700.lib : isinf.obj (.text:___isinf)
                  000113e0    00000060                 : fltid.obj (.text:__fltid)
                  00011440    00000060                 : llshift.obj (.text:__llshru)
                  000114a0    00000060                 : imath64.obj (.text:__subcull)
                  00011500    00000040                 : _printfi.obj (.text:___isnan)
                  00011540    00000040                 : args_main.obj (.text:__args_main)
                  00011580    00000020     CPLD.obj (.text)
                  000115a0    00000020     csl6713.lib : csl.obj (.text:_CSL6713_LIB_)
                  000115c0    00000020                 : csl_irq.obj (.text:_IRQ_setVecs)
                  000115e0    00000020     rts6700.lib : addd.obj (.text:__addd)
                  00011600    00000020                 : cmpd.obj (.text:__cmpd)
                  00011620    00000020                 : mpyd.obj (.text:__mpyd)
                  00011640    00000020                 : negd.obj (.text:__negd)
                  00011660    00000020                 : negll.obj (.text:__negll)
                  00011680    00000020                 : _lock.obj (.text:__nop)
                  000116a0    00000020                 : fprintf.obj (.text:__outc)
                  000116c0    00000020                 : printf.obj (.text:__outc)
                  000116e0    00000020                 : fprintf.obj (.text:__outs)
                  00011700    00000020                 : printf.obj (.text:__outs)
                  00011720    00000020                 : subd.obj (.text:__subd)
                  00011740    00000020                 : exit.obj (.text:_abort)
                  00011760    00000020                 : remove.obj (.text:_remove)
                  00011780    00000020     csl6713.lib : csl_irq.obj (.text)
                  000117a0    00000020     vecs_irq.obj (.text)

$BRID      0    00000000    000002c4     COPY SECTION
                  00000000    00000014     csl6713.lib : csl.obj ($BRID)
                  00000014    000000e8                 : csl_edma.obj ($BRID)
                  000000fc    00000074                 : csl_i2c.obj ($BRID)
                  00000170    00000078                 : csl_irq.obj ($BRID)
                  000001e8    0000007c                 : csl_mcbsp.obj ($BRID)
                  00000264    00000060                 : csl_timer.obj ($BRID)

.far       0    000117c0    000008f8     UNINITIALIZED
                  000117c0    00000324     rts6700.lib : defs.obj (.far)
                  00011ae4    00000004                 : errno.obj (.far)
                  00011ae8    00000168     MainLoop_Helper.obj (.far)
                  00011c50    0000011e     main.obj (.far)
                  00011d6e    00000002     dsk6713bsl.lib : dsk6713.obj (.far)
                  00011d70    0000011c     rts6700.lib : lowlev.obj (.far)
                  00011e8c    000000f4     csl6713.lib : csl_irq.obj (.far)
                  00011f80    00000054                 : csl_edma.obj (.far)
                  00011fd4    00000038                 : csl_mcbsp.obj (.far)
                  0001200c    00000028                 : csl.obj (.far)
                  00012034    00000028                 : csl_i2c.obj (.far)
                  0001205c    00000024                 : csl_timer.obj (.far)
                  00012080    0000000e     Command_Utility.obj (.far)
                  0001208e    00000002     dsk6713bsl.lib : dsk6713_led.obj (.far)
                  00012090    0000000c     rts6700.lib : exit.obj (.far)
                  0001209c    00000008                 : _lock.obj (.far)
                  000120a4    00000008                 : memory.obj (.far)
                  000120ac    00000008                 : trgdrv.obj (.far)
                  000120b4    00000004                 : fopen.obj (.far)

.stack     0    000120b8    00000800     UNINITIALIZED
                  000120b8    00000008     rts6700.lib : boot.obj (.stack)
                  000120c0    000007f8     --HOLE--

.cinit     0    000128b8    000007dc     
                  000128b8    00000164     main.obj (.cinit)
                  00012a1c    00000004     --HOLE-- [fill = 0]
                  00012a20    0000015c     DAC7716.obj (.cinit)
                  00012b7c    00000004     --HOLE-- [fill = 0]
                  00012b80    0000012c     csl6713.lib : csl_irq.obj (.cinit)
                  00012cac    00000004     --HOLE-- [fill = 0]
                  00012cb0    00000070                 : csl_edma.obj (.cinit)
                  00012d20    0000006c     MainLoop_Helper.obj (.cinit)
                  00012d8c    00000004     --HOLE-- [fill = 0]
                  00012d90    0000005c     rts6700.lib : defs.obj (.cinit)
                  00012dec    00000004     --HOLE-- [fill = 0]
                  00012df0    0000005c                 : lowlev.obj (.cinit)
                  00012e4c    00000004     --HOLE-- [fill = 0]
                  00012e50    00000054     csl6713.lib : csl_mcbsp.obj (.cinit)
                  00012ea4    00000004     --HOLE-- [fill = 0]
                  00012ea8    0000004c     ADC8361.obj (.cinit)
                  00012ef4    00000004     --HOLE-- [fill = 0]
                  00012ef8    0000004c     csl6713.lib : csl_timer.obj (.cinit)
                  00012f44    00000004     --HOLE-- [fill = 0]
                  00012f48    0000003c                 : csl.obj (.cinit)
                  00012f84    00000004     --HOLE-- [fill = 0]
                  00012f88    00000030                 : csl_i2c.obj (.cinit)
                  00012fb8    0000002c     rts6700.lib : exit.obj (.cinit)
                  00012fe4    00000004     --HOLE-- [fill = 0]
                  00012fe8    0000002c                 : memory.obj (.cinit)
                  00013014    00000004     --HOLE-- [fill = 0]
                  00013018    00000024     Command_Utility.obj (.cinit)
                  0001303c    00000004     --HOLE-- [fill = 0]
                  00013040    0000001c     rts6700.lib : _lock.obj (.cinit)
                  0001305c    00000004     --HOLE-- [fill = 0]
                  00013060    0000000c                 : errno.obj (.cinit)
                  0001306c    00000004     --HOLE-- [fill = 0]
                  00013070    0000000c                 : fopen.obj (.cinit)
                  0001307c    00000004     --HOLE-- [fill = 0]
                  00013080    0000000c     timer.obj (.cinit)
                  0001308c    00000004     --HOLE-- [fill = 0]
                  00013090    00000004     (.pad.cinit) [fill = 0]

.buffers   0    00013100    00000084     UNINITIALIZED
                  00013100    00000084     main.obj (.buffers)

.data      0    00016000    00000000     UNINITIALIZED

.sysmem    0    00016000    00000400     UNINITIALIZED
                  00016000    00000008     rts6700.lib : memory.obj (.sysmem)
                  00016008    000003f8     --HOLE--

.const     0    00016400    00000336     
                  00016400    00000101     rts6700.lib : ctype.obj (.const:.string:__ctypes_)
                  00016501    00000003                 : assert.obj (.const:.string)
                  00016504    0000008c     MatrixVectorOp.obj (.const:.string)
                  00016590    00000048     ADC8361.obj (.const:.string)
                  000165d8    00000040     DAC7716.obj (.const:.string)
                  00016618    00000040     I2C_Utility.obj (.const)
                  00016658    00000038     ident.obj (.const:.string)
                  00016690    0000002c     MainLoop_Helper.obj (.const:.string)
                  000166bc    0000002c     lumatrixinv.obj (.const:.string)
                  000166e8    00000023     rts6700.lib : _printfi.obj (.const:.string)
                  0001670b    00000001     --HOLE-- [fill = 0]
                  0001670c    00000020     dsk6713bsl.lib : dsk6713.obj (.const)
                  0001672c    00000008     Command_Utility.obj (.const:.string)
                  00016734    00000002     rts6700.lib : fputs.obj (.const:.string)

.cio       0    00016738    00000120     UNINITIALIZED
                  00016738    00000120     rts6700.lib : trgmsg.obj (.cio)

.bss       0    00016858    00000108     UNINITIALIZED
                  00016858    00000058     DAC7716.obj (.bss)
                  000168b0    00000058     main.obj (.bss)
                  00016908    00000034     MainLoop_Helper.obj (.bss)
                  0001693c    00000014     ADC8361.obj (.bss)
                  00016950    0000000c     timer.obj (.bss)
                  0001695c    00000004     Command_Utility.obj (.bss)

.switch    0    00016960    00000040     
                  00016960    00000030     Command_Utility.obj (.switch:_AnalyzeCommands)
                  00016990    00000010     DAC7716.obj (.switch:_DAC_Prepare_EDMA)


GLOBAL SYMBOLS: SORTED ALPHABETICALLY BY Name 

address    name
--------   ----
00016858   $bss
00016858   .bss
00016000   .data
00000000   .text
00011740   C$$EXIT
00010d98   C$$IO$$
000168d4   _ADCCounter
0000a780   _ADC_Are_All_Channels_Fresh
0000a98c   _ADC_Collect_EDMA
0000a834   _ADC_Fill_Measurement_Struct
0000a918   _ADC_Fill_Measurement_With_Zeros
0000a828   _ADC_Get_Channel_Num
0000a9d8   _ADC_Show_Measurement
0000a80c   _ADC_Unfresh
00006494   _AnalyzeCommands
00011580   _CPLD_WriteMisc
000115a0   _CSL6713_LIB_
00000d88   _CalcArixOutput
00001128   _CalcArxOutput
00000ba0   _CalcClearArx
00000580   _CalcQT
000009c4   _CalcRefModelOutput
000003a4   _CalculateGPC
000015d0   _CalculateIdent
0001693c   _Ch0_Counter
00016940   _Ch1_Counter
00016944   _Ch2_Counter
00016948   _Ch3_Counter
0001694c   _Ch_Error_Counter
000065c0   _CommandEngine
00006988   _Copy16Bit
0000699c   _CopyAllMeasurement
00006924   _CopyString
00009240   _DAC_Fill_Values_With_Zeros
0000912c   _DAC_Prepare_EDMA
00008fa0   _DAC_Prepare_Frame
00009110   _DAC_Update_Channel_To_Send
00011248   _DSK6713_DIP_get
00011240   _DSK6713_DIP_init
0000ca00   _DSK6713_LED_init
0000ca40   _DSK6713_LED_off
0000cab0   _DSK6713_LED_on
0000cb20   _DSK6713_LED_toggle
00008314   _DSK6713_getVersion
00007f4c   _DSK6713_init
00008268   _DSK6713_rget
0000827c   _DSK6713_rset
00011d6e   _DSK6713_version
00008290   _DSK6713_wait
000082e8   _DSK6713_waitusec
00006420   _DownloadCommand
00007b40   _EDMAADCConfOpt
00007b50   _EDMADACConfOpt
0000c2a0   _EDMA_allocTable
000103a0   _EDMA_clearPram
00010460   _EDMA_close
000112c0   _EDMA_disableChannel
00011320   _EDMA_enableChannel
00010e40   _EDMA_freeTable
0000b500   _EDMA_open
0000e6c0   _EDMA_reset
0000c680   _EDMA_resetAll
00007b60   _EDMI2CRecConfOpt
00007b70   _EDMI2CTransConfOpt
00011c98   _EncMeasurement
0000a2c0   _Enc_Are_Both_Enc_Fresh
0000a334   _Enc_Compute_Values
0000a3c8   _Enc_Fill_With_Zeros
00002ba8   _Enc_PrepareFreshOutput
00006a04   _Enc_ReadEnc
0000a280   _Enc_Refresh_Bytes
00003000   _Enc_SendOrder
0000a37c   _Enc_Unfresh_All
000024e4   _Enc_WaitForFreshInput
0000a134   _Encoder_Are_Bytes_Fresh
0000a188   _Encoder_Compute_Value
0000a204   _Encoder_Fill_With_Zeros
0000a120   _Encoder_Unfresh
000008c8   _FillQ
00000000   _GPC_Constructor
00000254   _GPC_Destructor
0000f0e0   _HOSTclose
0000d760   _HOSTlseek
0000e7e0   _HOSTopen
0000de00   _HOSTread
0000c080   _HOSTrename
0000f1e0   _HOSTunlink
0000e900   _HOSTwrite
0000dc58   _I2C_InterruptsRoutine
0000db80   _I2C_PrepareMasterConfigStruct
0000dbf4   _I2C_PrepareSlaveConfigStruct
0000dc94   _I2C_Send_Polling
0000fae0   _I2C_open
0000cf60   _I2C_reset
0000d100   _IRQ_map
000115c0   _IRQ_setVecs
000012c0   _IdentObj_Constructor
00001524   _IdentObj_Destructor
00004920   _Initialize
000048a0   _Intialize_Chipset
00010820   _MCBSP_close
0000fbc0   _MCBSP_open
0000d5e0   _MCBSP_reset
0000f2e0   _MCBSP_start
00002220   _ML_CheckSwitch
000022c0   _ML_ExitProcedure
00002594   _ML_PrepareFreshOutput
00002388   _ML_ShowGoodbyeMsg
000023cc   _ML_WaitForFreshInput
00003684   _MatrixMult
0000372c   _MatrixMultptr
00011cf8   _Parametry1
00011d00   _Parametry2
00010df4   _Polling_Single_Receive
00010dc0   _Polling_Transmit
000026f4   _PrepareGPC
00009294   _PrintfDACTransferInfo
0000677c   _ProcessReceivedData
0000670c   _RemoveCompletedCommand
0000d8c0   _TIMER_open
0000ea20   _TIMER_reset
00004878   _TimerEventHandler
0001695c   _WelcomeStringLength
000168f0   _Wzad_pion
000168f2   _Wzad_poziom
000168ec   _WzmocnienieCalki
000168e8   _WzmocnienieRegulatoraP
00016738   __CIOBUF_
0000cbe0   __CSL_init
00011f78   __IRQ_dispatchTable
00011eb4   __IRQ_eventTable
00011780   __IRQ_hookFetchPacket
00010ec0   __IRQ_init
00011f38   __IRQ_intTable
00012004   __MCBSP_hDev0
00012008   __MCBSP_hDev1
000128b8   __STACK_END
00000800   __STACK_SIZE
00000400   __SYSMEM_SIZE
0001205c   __TIMER_deviceTable
0001207c   __TIMER_hBios
00012074   __TIMER_hDev0
00012078   __TIMER_hDev1
00000001   __TI_args_main
00010f40   ___TI_cpp_init
00012098   ___TI_enable_exit_profile_output
ffffffff   ___TI_pprof_out_hndl
ffffffff   ___TI_prof_data_size
ffffffff   ___TI_prof_data_start
ffffffff   ___binit__
00016858   ___bss__
ffffffff   ___c_args__
000128b8   ___cinit__
00016000   ___data__
00016000   ___edata__
00016960   ___end__
000117c0   ___etext__
00011380   ___isinf
ffffffff   ___pinit__
00000000   ___text__
00010fc0   __abort_msg
000115e0   __addd
00011540   __args_main
0000f3e0   __auto_init
00010520   __c6xabi_divu
0000e080   __c6xabi_strasgi
0000fca0   __cleanup
00012090   __cleanup_ptr
0000da20   __closefile
00011600   __cmpd
00016400   __ctypes_
00005000   __divd
0000f5e0   __divli
00010520   __divu
0000b760   __divul
00009360   __divull
0000fd80   __doflush
00012094   __dtors_ptr
000108c0   __fixdi
00010960   __fixdli
000113e0   __fltid
00011040   __fltlid
0000df40   __frcmpyd_div
00011ae0   __ft_end
000117c0   __ftable
000110c0   __llshl
00011440   __llshru
0001209c   __lock
00011620   __mpyd
00010a00   __mpyll
00011640   __negd
00011660   __negll
00011680   __nop
00007060   __printfi
00010aa0   __remli
000120b8   __stack
00010020   __strasg
0000e080   __strasgi
000114a0   __subcull
00011720   __subd
00016000   __sys_memory
000119a0   __tmpnams
000120a0   __unlock
0000eb40   __wrt_ok
00011740   _abort
0000e1c0   _atoi
00011140   _c_int00
00006a40   _c_int08
00006ccc   _c_int09
00006f7c   _c_int14
000168e4   _ce2
0000ec60   _close
000105e0   _copy_in
000168e0   _digital_output
0000ddb0   _enableIRQ
00007b80   _enableIRQ_EDMA
00011ae4   _errno
00010100   _exit
0000e300   _fflush
0000ed80   _fprintf
0000b260   _fputc
000075c0   _fputs
000096e0   _free
0000345c   _freeMatrix
000034e4   _freeMatrixV
0000cda0   _fseek
000168dc   _fstart
00003158   _getMatrixEye
000032ec   _getMatrixEyeptr
00003040   _getMatrixptr
00011bb0   _identyfikatorPion
00011c00   _identyfikatorPoziom
00003cc0   _inverse
00016908   _kC
00016918   _kC2
0001690c   _kPID
0001691c   _kPID2
0000f7e0   _lseek
0000e440   _ltoa
00004538   _lubksb
00003f00   _ludcmp
000047c0   _main
0000bc00   _malloc
000038e0   _matMult
000111c0   _memccpy
0000be40   _memcpy
0000eea0   _memset
00011afc   _modelPion
00011ae8   _modelPoziom
00003ba0   _moveTableLeft
000168d8   _pEncMeasurement
00016930   _pion
00016910   _pomiar
00016920   _pomiar2
00016928   _poziom
00003580   _printMatrix
00003ae8   _printTable
0000f8e0   _printf
00003c50   _pushStart
00003bf0   _pushStop
0000b260   _putc
00010b40   _readmsg
00011b60   _regulatorPion
00011b10   _regulatorPoziom
00011760   _remove
0000dcc0   _setupIRQ
0000ad00   _setvbuf
0000e580   _sqrt
00007da0   _stopEdma
00016914   _suma
00016924   _suma2
00011f94   _tccAllocTable
00016934   _uPion
0001692c   _uPoziom
00010c80   _unlink
0000c820   _vector1
0000c940   _vector10
0000c960   _vector11
0000c980   _vector12
0000c9a0   _vector13
0000c9c0   _vector14
0000c9e0   _vector15
0000c840   _vector2
0000c860   _vector3
0000c880   _vector4
0000c8a0   _vector5
0000c8c0   _vector6
0000c8e0   _vector7
0000c800   _vectors
0000f9e0   _write
00010d20   _writemsg
00011cb0   _wynik
ffffffff   binit
000128b8   cinit
00016000   edata
00016960   end
000117c0   etext
ffffffff   pinit


GLOBAL SYMBOLS: SORTED BY Symbol Address 

address    name
--------   ----
00000000   .text
00000000   _GPC_Constructor
00000000   ___text__
00000001   __TI_args_main
00000254   _GPC_Destructor
000003a4   _CalculateGPC
00000400   __SYSMEM_SIZE
00000580   _CalcQT
00000800   __STACK_SIZE
000008c8   _FillQ
000009c4   _CalcRefModelOutput
00000ba0   _CalcClearArx
00000d88   _CalcArixOutput
00001128   _CalcArxOutput
000012c0   _IdentObj_Constructor
00001524   _IdentObj_Destructor
000015d0   _CalculateIdent
00002220   _ML_CheckSwitch
000022c0   _ML_ExitProcedure
00002388   _ML_ShowGoodbyeMsg
000023cc   _ML_WaitForFreshInput
000024e4   _Enc_WaitForFreshInput
00002594   _ML_PrepareFreshOutput
000026f4   _PrepareGPC
00002ba8   _Enc_PrepareFreshOutput
00003000   _Enc_SendOrder
00003040   _getMatrixptr
00003158   _getMatrixEye
000032ec   _getMatrixEyeptr
0000345c   _freeMatrix
000034e4   _freeMatrixV
00003580   _printMatrix
00003684   _MatrixMult
0000372c   _MatrixMultptr
000038e0   _matMult
00003ae8   _printTable
00003ba0   _moveTableLeft
00003bf0   _pushStop
00003c50   _pushStart
00003cc0   _inverse
00003f00   _ludcmp
00004538   _lubksb
000047c0   _main
00004878   _TimerEventHandler
000048a0   _Intialize_Chipset
00004920   _Initialize
00005000   __divd
00006420   _DownloadCommand
00006494   _AnalyzeCommands
000065c0   _CommandEngine
0000670c   _RemoveCompletedCommand
0000677c   _ProcessReceivedData
00006924   _CopyString
00006988   _Copy16Bit
0000699c   _CopyAllMeasurement
00006a04   _Enc_ReadEnc
00006a40   _c_int08
00006ccc   _c_int09
00006f7c   _c_int14
00007060   __printfi
000075c0   _fputs
00007b40   _EDMAADCConfOpt
00007b50   _EDMADACConfOpt
00007b60   _EDMI2CRecConfOpt
00007b70   _EDMI2CTransConfOpt
00007b80   _enableIRQ_EDMA
00007da0   _stopEdma
00007f4c   _DSK6713_init
00008268   _DSK6713_rget
0000827c   _DSK6713_rset
00008290   _DSK6713_wait
000082e8   _DSK6713_waitusec
00008314   _DSK6713_getVersion
00008fa0   _DAC_Prepare_Frame
00009110   _DAC_Update_Channel_To_Send
0000912c   _DAC_Prepare_EDMA
00009240   _DAC_Fill_Values_With_Zeros
00009294   _PrintfDACTransferInfo
00009360   __divull
000096e0   _free
0000a120   _Encoder_Unfresh
0000a134   _Encoder_Are_Bytes_Fresh
0000a188   _Encoder_Compute_Value
0000a204   _Encoder_Fill_With_Zeros
0000a280   _Enc_Refresh_Bytes
0000a2c0   _Enc_Are_Both_Enc_Fresh
0000a334   _Enc_Compute_Values
0000a37c   _Enc_Unfresh_All
0000a3c8   _Enc_Fill_With_Zeros
0000a780   _ADC_Are_All_Channels_Fresh
0000a80c   _ADC_Unfresh
0000a828   _ADC_Get_Channel_Num
0000a834   _ADC_Fill_Measurement_Struct
0000a918   _ADC_Fill_Measurement_With_Zeros
0000a98c   _ADC_Collect_EDMA
0000a9d8   _ADC_Show_Measurement
0000ad00   _setvbuf
0000b260   _fputc
0000b260   _putc
0000b500   _EDMA_open
0000b760   __divul
0000bc00   _malloc
0000be40   _memcpy
0000c080   _HOSTrename
0000c2a0   _EDMA_allocTable
0000c680   _EDMA_resetAll
0000c800   _vectors
0000c820   _vector1
0000c840   _vector2
0000c860   _vector3
0000c880   _vector4
0000c8a0   _vector5
0000c8c0   _vector6
0000c8e0   _vector7
0000c940   _vector10
0000c960   _vector11
0000c980   _vector12
0000c9a0   _vector13
0000c9c0   _vector14
0000c9e0   _vector15
0000ca00   _DSK6713_LED_init
0000ca40   _DSK6713_LED_off
0000cab0   _DSK6713_LED_on
0000cb20   _DSK6713_LED_toggle
0000cbe0   __CSL_init
0000cda0   _fseek
0000cf60   _I2C_reset
0000d100   _IRQ_map
0000d5e0   _MCBSP_reset
0000d760   _HOSTlseek
0000d8c0   _TIMER_open
0000da20   __closefile
0000db80   _I2C_PrepareMasterConfigStruct
0000dbf4   _I2C_PrepareSlaveConfigStruct
0000dc58   _I2C_InterruptsRoutine
0000dc94   _I2C_Send_Polling
0000dcc0   _setupIRQ
0000ddb0   _enableIRQ
0000de00   _HOSTread
0000df40   __frcmpyd_div
0000e080   __c6xabi_strasgi
0000e080   __strasgi
0000e1c0   _atoi
0000e300   _fflush
0000e440   _ltoa
0000e580   _sqrt
0000e6c0   _EDMA_reset
0000e7e0   _HOSTopen
0000e900   _HOSTwrite
0000ea20   _TIMER_reset
0000eb40   __wrt_ok
0000ec60   _close
0000ed80   _fprintf
0000eea0   _memset
0000f0e0   _HOSTclose
0000f1e0   _HOSTunlink
0000f2e0   _MCBSP_start
0000f3e0   __auto_init
0000f5e0   __divli
0000f7e0   _lseek
0000f8e0   _printf
0000f9e0   _write
0000fae0   _I2C_open
0000fbc0   _MCBSP_open
0000fca0   __cleanup
0000fd80   __doflush
00010020   __strasg
00010100   _exit
000103a0   _EDMA_clearPram
00010460   _EDMA_close
00010520   __c6xabi_divu
00010520   __divu
000105e0   _copy_in
00010820   _MCBSP_close
000108c0   __fixdi
00010960   __fixdli
00010a00   __mpyll
00010aa0   __remli
00010b40   _readmsg
00010c80   _unlink
00010d20   _writemsg
00010d98   C$$IO$$
00010dc0   _Polling_Transmit
00010df4   _Polling_Single_Receive
00010e40   _EDMA_freeTable
00010ec0   __IRQ_init
00010f40   ___TI_cpp_init
00010fc0   __abort_msg
00011040   __fltlid
000110c0   __llshl
00011140   _c_int00
000111c0   _memccpy
00011240   _DSK6713_DIP_init
00011248   _DSK6713_DIP_get
000112c0   _EDMA_disableChannel
00011320   _EDMA_enableChannel
00011380   ___isinf
000113e0   __fltid
00011440   __llshru
000114a0   __subcull
00011540   __args_main
00011580   _CPLD_WriteMisc
000115a0   _CSL6713_LIB_
000115c0   _IRQ_setVecs
000115e0   __addd
00011600   __cmpd
00011620   __mpyd
00011640   __negd
00011660   __negll
00011680   __nop
00011720   __subd
00011740   C$$EXIT
00011740   _abort
00011760   _remove
00011780   __IRQ_hookFetchPacket
000117c0   ___etext__
000117c0   __ftable
000117c0   etext
000119a0   __tmpnams
00011ae0   __ft_end
00011ae4   _errno
00011ae8   _modelPoziom
00011afc   _modelPion
00011b10   _regulatorPoziom
00011b60   _regulatorPion
00011bb0   _identyfikatorPion
00011c00   _identyfikatorPoziom
00011c98   _EncMeasurement
00011cb0   _wynik
00011cf8   _Parametry1
00011d00   _Parametry2
00011d6e   _DSK6713_version
00011eb4   __IRQ_eventTable
00011f38   __IRQ_intTable
00011f78   __IRQ_dispatchTable
00011f94   _tccAllocTable
00012004   __MCBSP_hDev0
00012008   __MCBSP_hDev1
0001205c   __TIMER_deviceTable
00012074   __TIMER_hDev0
00012078   __TIMER_hDev1
0001207c   __TIMER_hBios
00012090   __cleanup_ptr
00012094   __dtors_ptr
00012098   ___TI_enable_exit_profile_output
0001209c   __lock
000120a0   __unlock
000120b8   __stack
000128b8   __STACK_END
000128b8   ___cinit__
000128b8   cinit
00016000   .data
00016000   ___data__
00016000   ___edata__
00016000   __sys_memory
00016000   edata
00016400   __ctypes_
00016738   __CIOBUF_
00016858   $bss
00016858   .bss
00016858   ___bss__
000168d4   _ADCCounter
000168d8   _pEncMeasurement
000168dc   _fstart
000168e0   _digital_output
000168e4   _ce2
000168e8   _WzmocnienieRegulatoraP
000168ec   _WzmocnienieCalki
000168f0   _Wzad_pion
000168f2   _Wzad_poziom
00016908   _kC
0001690c   _kPID
00016910   _pomiar
00016914   _suma
00016918   _kC2
0001691c   _kPID2
00016920   _pomiar2
00016924   _suma2
00016928   _poziom
0001692c   _uPoziom
00016930   _pion
00016934   _uPion
0001693c   _Ch0_Counter
00016940   _Ch1_Counter
00016944   _Ch2_Counter
00016948   _Ch3_Counter
0001694c   _Ch_Error_Counter
0001695c   _WelcomeStringLength
00016960   ___end__
00016960   end
ffffffff   ___TI_pprof_out_hndl
ffffffff   ___TI_prof_data_size
ffffffff   ___TI_prof_data_start
ffffffff   ___binit__
ffffffff   ___c_args__
ffffffff   ___pinit__
ffffffff   binit
ffffffff   pinit

[298 symbols]
