<?xml version="1.0"?>
<link_info>
   <banner>TMS320C6x Linker PC v7.4.11</banner>
   <copyright>Copyright (c) 1996-2014 Texas Instruments Incorporated</copyright>
   <link_time>0x54cb6e0f</link_time>
   <output_file>mcbsp1.out</output_file>
   <entry_point>
      <name>_c_int00</name>
      <address>0xf120</address>
   </entry_point>
   <input_file_list>
      <input_file id="fl-2">
         <path>.\</path>
         <kind>object</kind>
         <file>CPLD.obj</file>
         <name>CPLD.obj</name>
      </input_file>
      <input_file id="fl-3">
         <path>.\</path>
         <kind>object</kind>
         <file>Command_Utility.obj</file>
         <name>Command_Utility.obj</name>
      </input_file>
      <input_file id="fl-4">
         <path>.\</path>
         <kind>object</kind>
         <file>DAC7716.obj</file>
         <name>DAC7716.obj</name>
      </input_file>
      <input_file id="fl-5">
         <path>.\</path>
         <kind>object</kind>
         <file>I2C_Utility.obj</file>
         <name>I2C_Utility.obj</name>
      </input_file>
      <input_file id="fl-6">
         <path>.\</path>
         <kind>object</kind>
         <file>IRQ_Utility.obj</file>
         <name>IRQ_Utility.obj</name>
      </input_file>
      <input_file id="fl-7">
         <path>.\</path>
         <kind>object</kind>
         <file>MainLoop_Helper.obj</file>
         <name>MainLoop_Helper.obj</name>
      </input_file>
      <input_file id="fl-8">
         <path>.\</path>
         <kind>object</kind>
         <file>MatrixVectorOp.obj</file>
         <name>MatrixVectorOp.obj</name>
      </input_file>
      <input_file id="fl-9">
         <path>.\</path>
         <kind>object</kind>
         <file>McBSP_Utility.obj</file>
         <name>McBSP_Utility.obj</name>
      </input_file>
      <input_file id="fl-a">
         <path>.\</path>
         <kind>object</kind>
         <file>alokacja.obj</file>
         <name>alokacja.obj</name>
      </input_file>
      <input_file id="fl-b">
         <path>.\</path>
         <kind>object</kind>
         <file>enkoder.obj</file>
         <name>enkoder.obj</name>
      </input_file>
      <input_file id="fl-c">
         <path>.\</path>
         <kind>object</kind>
         <file>gpcregler.obj</file>
         <name>gpcregler.obj</name>
      </input_file>
      <input_file id="fl-d">
         <path>.\</path>
         <kind>object</kind>
         <file>ident.obj</file>
         <name>ident.obj</name>
      </input_file>
      <input_file id="fl-e">
         <path>.\</path>
         <kind>object</kind>
         <file>lumatrixinv.obj</file>
         <name>lumatrixinv.obj</name>
      </input_file>
      <input_file id="fl-f">
         <path>.\</path>
         <kind>object</kind>
         <file>main.obj</file>
         <name>main.obj</name>
      </input_file>
      <input_file id="fl-10">
         <path>.\</path>
         <kind>object</kind>
         <file>timer.obj</file>
         <name>timer.obj</name>
      </input_file>
      <input_file id="fl-11">
         <path>.\</path>
         <kind>object</kind>
         <file>vecs_irq.obj</file>
         <name>vecs_irq.obj</name>
      </input_file>
      <input_file id="fl-17">
         <path>C:\ti\ccsv6\tools\compiler\c6000_7.4.8\dsk6713\lib\</path>
         <kind>archive</kind>
         <file>dsk6713bsl.lib</file>
         <name>dsk6713.obj</name>
      </input_file>
      <input_file id="fl-18">
         <path>C:\ti\ccsv6\tools\compiler\c6000_7.4.8\dsk6713\lib\</path>
         <kind>archive</kind>
         <file>dsk6713bsl.lib</file>
         <name>dsk6713_dip.obj</name>
      </input_file>
      <input_file id="fl-19">
         <path>C:\ti\ccsv6\tools\compiler\c6000_7.4.8\dsk6713\lib\</path>
         <kind>archive</kind>
         <file>dsk6713bsl.lib</file>
         <name>dsk6713_led.obj</name>
      </input_file>
      <input_file id="fl-1a">
         <path>C:\Program Files\C6xCSL\lib_3x\</path>
         <kind>archive</kind>
         <file>csl6713.lib</file>
         <name>csl.obj</name>
      </input_file>
      <input_file id="fl-1b">
         <path>C:\Program Files\C6xCSL\lib_3x\</path>
         <kind>archive</kind>
         <file>csl6713.lib</file>
         <name>csl_i2c.obj</name>
      </input_file>
      <input_file id="fl-1c">
         <path>C:\Program Files\C6xCSL\lib_3x\</path>
         <kind>archive</kind>
         <file>csl6713.lib</file>
         <name>csl_irq.obj</name>
      </input_file>
      <input_file id="fl-1d">
         <path>C:\Program Files\C6xCSL\lib_3x\</path>
         <kind>archive</kind>
         <file>csl6713.lib</file>
         <name>csl_mcbsp.obj</name>
      </input_file>
      <input_file id="fl-1e">
         <path>C:\Program Files\C6xCSL\lib_3x\</path>
         <kind>archive</kind>
         <file>csl6713.lib</file>
         <name>csl_timer.obj</name>
      </input_file>
      <input_file id="fl-1f">
         <path>c:\ti\ccsv6\tools\compiler\c6000_7.4.11\lib\</path>
         <kind>archive</kind>
         <file>rts6700.lib</file>
         <name>addd.obj</name>
      </input_file>
      <input_file id="fl-20">
         <path>c:\ti\ccsv6\tools\compiler\c6000_7.4.11\lib\</path>
         <kind>archive</kind>
         <file>rts6700.lib</file>
         <name>addf.obj</name>
      </input_file>
      <input_file id="fl-21">
         <path>c:\ti\ccsv6\tools\compiler\c6000_7.4.11\lib\</path>
         <kind>archive</kind>
         <file>rts6700.lib</file>
         <name>assert.obj</name>
      </input_file>
      <input_file id="fl-22">
         <path>c:\ti\ccsv6\tools\compiler\c6000_7.4.11\lib\</path>
         <kind>archive</kind>
         <file>rts6700.lib</file>
         <name>boot.obj</name>
      </input_file>
      <input_file id="fl-23">
         <path>c:\ti\ccsv6\tools\compiler\c6000_7.4.11\lib\</path>
         <kind>archive</kind>
         <file>rts6700.lib</file>
         <name>cmpd.obj</name>
      </input_file>
      <input_file id="fl-24">
         <path>c:\ti\ccsv6\tools\compiler\c6000_7.4.11\lib\</path>
         <kind>archive</kind>
         <file>rts6700.lib</file>
         <name>cmpf.obj</name>
      </input_file>
      <input_file id="fl-25">
         <path>c:\ti\ccsv6\tools\compiler\c6000_7.4.11\lib\</path>
         <kind>archive</kind>
         <file>rts6700.lib</file>
         <name>cvtdf.obj</name>
      </input_file>
      <input_file id="fl-26">
         <path>c:\ti\ccsv6\tools\compiler\c6000_7.4.11\lib\</path>
         <kind>archive</kind>
         <file>rts6700.lib</file>
         <name>cvtfd.obj</name>
      </input_file>
      <input_file id="fl-27">
         <path>c:\ti\ccsv6\tools\compiler\c6000_7.4.11\lib\</path>
         <kind>archive</kind>
         <file>rts6700.lib</file>
         <name>defs.obj</name>
      </input_file>
      <input_file id="fl-28">
         <path>c:\ti\ccsv6\tools\compiler\c6000_7.4.11\lib\</path>
         <kind>archive</kind>
         <file>rts6700.lib</file>
         <name>divd.obj</name>
      </input_file>
      <input_file id="fl-29">
         <path>c:\ti\ccsv6\tools\compiler\c6000_7.4.11\lib\</path>
         <kind>archive</kind>
         <file>rts6700.lib</file>
         <name>divf.obj</name>
      </input_file>
      <input_file id="fl-2a">
         <path>c:\ti\ccsv6\tools\compiler\c6000_7.4.11\lib\</path>
         <kind>archive</kind>
         <file>rts6700.lib</file>
         <name>exit.obj</name>
      </input_file>
      <input_file id="fl-2b">
         <path>c:\ti\ccsv6\tools\compiler\c6000_7.4.11\lib\</path>
         <kind>archive</kind>
         <file>rts6700.lib</file>
         <name>fflush.obj</name>
      </input_file>
      <input_file id="fl-2c">
         <path>c:\ti\ccsv6\tools\compiler\c6000_7.4.11\lib\</path>
         <kind>archive</kind>
         <file>rts6700.lib</file>
         <name>fixfi.obj</name>
      </input_file>
      <input_file id="fl-2d">
         <path>c:\ti\ccsv6\tools\compiler\c6000_7.4.11\lib\</path>
         <kind>archive</kind>
         <file>rts6700.lib</file>
         <name>fltif.obj</name>
      </input_file>
      <input_file id="fl-2e">
         <path>c:\ti\ccsv6\tools\compiler\c6000_7.4.11\lib\</path>
         <kind>archive</kind>
         <file>rts6700.lib</file>
         <name>fprintf.obj</name>
      </input_file>
      <input_file id="fl-2f">
         <path>c:\ti\ccsv6\tools\compiler\c6000_7.4.11\lib\</path>
         <kind>archive</kind>
         <file>rts6700.lib</file>
         <name>fputc.obj</name>
      </input_file>
      <input_file id="fl-30">
         <path>c:\ti\ccsv6\tools\compiler\c6000_7.4.11\lib\</path>
         <kind>archive</kind>
         <file>rts6700.lib</file>
         <name>fputs.obj</name>
      </input_file>
      <input_file id="fl-31">
         <path>c:\ti\ccsv6\tools\compiler\c6000_7.4.11\lib\</path>
         <kind>archive</kind>
         <file>rts6700.lib</file>
         <name>frcmpyd_div.obj</name>
      </input_file>
      <input_file id="fl-32">
         <path>c:\ti\ccsv6\tools\compiler\c6000_7.4.11\lib\</path>
         <kind>archive</kind>
         <file>rts6700.lib</file>
         <name>llshift.obj</name>
      </input_file>
      <input_file id="fl-33">
         <path>c:\ti\ccsv6\tools\compiler\c6000_7.4.11\lib\</path>
         <kind>archive</kind>
         <file>rts6700.lib</file>
         <name>lowlev.obj</name>
      </input_file>
      <input_file id="fl-34">
         <path>c:\ti\ccsv6\tools\compiler\c6000_7.4.11\lib\</path>
         <kind>archive</kind>
         <file>rts6700.lib</file>
         <name>memcpy62.obj</name>
      </input_file>
      <input_file id="fl-35">
         <path>c:\ti\ccsv6\tools\compiler\c6000_7.4.11\lib\</path>
         <kind>archive</kind>
         <file>rts6700.lib</file>
         <name>memory.obj</name>
      </input_file>
      <input_file id="fl-36">
         <path>c:\ti\ccsv6\tools\compiler\c6000_7.4.11\lib\</path>
         <kind>archive</kind>
         <file>rts6700.lib</file>
         <name>mpyd.obj</name>
      </input_file>
      <input_file id="fl-37">
         <path>c:\ti\ccsv6\tools\compiler\c6000_7.4.11\lib\</path>
         <kind>archive</kind>
         <file>rts6700.lib</file>
         <name>mpyf.obj</name>
      </input_file>
      <input_file id="fl-38">
         <path>c:\ti\ccsv6\tools\compiler\c6000_7.4.11\lib\</path>
         <kind>archive</kind>
         <file>rts6700.lib</file>
         <name>mpyll.obj</name>
      </input_file>
      <input_file id="fl-39">
         <path>c:\ti\ccsv6\tools\compiler\c6000_7.4.11\lib\</path>
         <kind>archive</kind>
         <file>rts6700.lib</file>
         <name>negf.obj</name>
      </input_file>
      <input_file id="fl-3a">
         <path>c:\ti\ccsv6\tools\compiler\c6000_7.4.11\lib\</path>
         <kind>archive</kind>
         <file>rts6700.lib</file>
         <name>printf.obj</name>
      </input_file>
      <input_file id="fl-3b">
         <path>c:\ti\ccsv6\tools\compiler\c6000_7.4.11\lib\</path>
         <kind>archive</kind>
         <file>rts6700.lib</file>
         <name>rand.obj</name>
      </input_file>
      <input_file id="fl-3c">
         <path>c:\ti\ccsv6\tools\compiler\c6000_7.4.11\lib\</path>
         <kind>archive</kind>
         <file>rts6700.lib</file>
         <name>remi.obj</name>
      </input_file>
      <input_file id="fl-3d">
         <path>c:\ti\ccsv6\tools\compiler\c6000_7.4.11\lib\</path>
         <kind>archive</kind>
         <file>rts6700.lib</file>
         <name>sqrt.obj</name>
      </input_file>
      <input_file id="fl-3e">
         <path>c:\ti\ccsv6\tools\compiler\c6000_7.4.11\lib\</path>
         <kind>archive</kind>
         <file>rts6700.lib</file>
         <name>strasg.obj</name>
      </input_file>
      <input_file id="fl-3f">
         <path>c:\ti\ccsv6\tools\compiler\c6000_7.4.11\lib\</path>
         <kind>archive</kind>
         <file>rts6700.lib</file>
         <name>subd.obj</name>
      </input_file>
      <input_file id="fl-40">
         <path>c:\ti\ccsv6\tools\compiler\c6000_7.4.11\lib\</path>
         <kind>archive</kind>
         <file>rts6700.lib</file>
         <name>subf.obj</name>
      </input_file>
      <input_file id="fl-41">
         <path>c:\ti\ccsv6\tools\compiler\c6000_7.4.11\lib\</path>
         <kind>archive</kind>
         <file>rts6700.lib</file>
         <name>trgdrv.obj</name>
      </input_file>
      <input_file id="fl-42">
         <path>c:\ti\ccsv6\tools\compiler\c6000_7.4.11\lib\</path>
         <kind>archive</kind>
         <file>rts6700.lib</file>
         <name>trgmsg.obj</name>
      </input_file>
      <input_file id="fl-43">
         <path>c:\ti\ccsv6\tools\compiler\c6000_7.4.11\lib\</path>
         <kind>archive</kind>
         <file>rts6700.lib</file>
         <name>_io_perm.obj</name>
      </input_file>
      <input_file id="fl-44">
         <path>c:\ti\ccsv6\tools\compiler\c6000_7.4.11\lib\</path>
         <kind>archive</kind>
         <file>rts6700.lib</file>
         <name>_lock.obj</name>
      </input_file>
      <input_file id="fl-45">
         <path>c:\ti\ccsv6\tools\compiler\c6000_7.4.11\lib\</path>
         <kind>archive</kind>
         <file>rts6700.lib</file>
         <name>_printfi.obj</name>
      </input_file>
      <input_file id="fl-46">
         <path>c:\ti\ccsv6\tools\compiler\c6000_7.4.11\lib\</path>
         <kind>archive</kind>
         <file>rts6700.lib</file>
         <name>args_main.obj</name>
      </input_file>
      <input_file id="fl-47">
         <path>c:\ti\ccsv6\tools\compiler\c6000_7.4.11\lib\</path>
         <kind>archive</kind>
         <file>rts6700.lib</file>
         <name>atoi.obj</name>
      </input_file>
      <input_file id="fl-48">
         <path>c:\ti\ccsv6\tools\compiler\c6000_7.4.11\lib\</path>
         <kind>archive</kind>
         <file>rts6700.lib</file>
         <name>autoinit.obj</name>
      </input_file>
      <input_file id="fl-49">
         <path>c:\ti\ccsv6\tools\compiler\c6000_7.4.11\lib\</path>
         <kind>archive</kind>
         <file>rts6700.lib</file>
         <name>cpp_init.obj</name>
      </input_file>
      <input_file id="fl-4a">
         <path>c:\ti\ccsv6\tools\compiler\c6000_7.4.11\lib\</path>
         <kind>archive</kind>
         <file>rts6700.lib</file>
         <name>cpy_tbl.obj</name>
      </input_file>
      <input_file id="fl-4b">
         <path>c:\ti\ccsv6\tools\compiler\c6000_7.4.11\lib\</path>
         <kind>archive</kind>
         <file>rts6700.lib</file>
         <name>ctype.obj</name>
      </input_file>
      <input_file id="fl-4c">
         <path>c:\ti\ccsv6\tools\compiler\c6000_7.4.11\lib\</path>
         <kind>archive</kind>
         <file>rts6700.lib</file>
         <name>divu.obj</name>
      </input_file>
      <input_file id="fl-4d">
         <path>c:\ti\ccsv6\tools\compiler\c6000_7.4.11\lib\</path>
         <kind>archive</kind>
         <file>rts6700.lib</file>
         <name>errno.obj</name>
      </input_file>
      <input_file id="fl-4e">
         <path>c:\ti\ccsv6\tools\compiler\c6000_7.4.11\lib\</path>
         <kind>archive</kind>
         <file>rts6700.lib</file>
         <name>fixdli.obj</name>
      </input_file>
      <input_file id="fl-4f">
         <path>c:\ti\ccsv6\tools\compiler\c6000_7.4.11\lib\</path>
         <kind>archive</kind>
         <file>rts6700.lib</file>
         <name>fltlid.obj</name>
      </input_file>
      <input_file id="fl-50">
         <path>c:\ti\ccsv6\tools\compiler\c6000_7.4.11\lib\</path>
         <kind>archive</kind>
         <file>rts6700.lib</file>
         <name>fseek.obj</name>
      </input_file>
      <input_file id="fl-51">
         <path>c:\ti\ccsv6\tools\compiler\c6000_7.4.11\lib\</path>
         <kind>archive</kind>
         <file>rts6700.lib</file>
         <name>imath40.obj</name>
      </input_file>
      <input_file id="fl-52">
         <path>c:\ti\ccsv6\tools\compiler\c6000_7.4.11\lib\</path>
         <kind>archive</kind>
         <file>rts6700.lib</file>
         <name>imath64.obj</name>
      </input_file>
      <input_file id="fl-53">
         <path>c:\ti\ccsv6\tools\compiler\c6000_7.4.11\lib\</path>
         <kind>archive</kind>
         <file>rts6700.lib</file>
         <name>isinf.obj</name>
      </input_file>
      <input_file id="fl-54">
         <path>c:\ti\ccsv6\tools\compiler\c6000_7.4.11\lib\</path>
         <kind>archive</kind>
         <file>rts6700.lib</file>
         <name>ltoa.obj</name>
      </input_file>
      <input_file id="fl-55">
         <path>c:\ti\ccsv6\tools\compiler\c6000_7.4.11\lib\</path>
         <kind>archive</kind>
         <file>rts6700.lib</file>
         <name>memccpy.obj</name>
      </input_file>
      <input_file id="fl-56">
         <path>c:\ti\ccsv6\tools\compiler\c6000_7.4.11\lib\</path>
         <kind>archive</kind>
         <file>rts6700.lib</file>
         <name>memset.obj</name>
      </input_file>
      <input_file id="fl-57">
         <path>c:\ti\ccsv6\tools\compiler\c6000_7.4.11\lib\</path>
         <kind>archive</kind>
         <file>rts6700.lib</file>
         <name>negll.obj</name>
      </input_file>
      <input_file id="fl-58">
         <path>c:\ti\ccsv6\tools\compiler\c6000_7.4.11\lib\</path>
         <kind>archive</kind>
         <file>rts6700.lib</file>
         <name>setvbuf.obj</name>
      </input_file>
      <input_file id="fl-59">
         <path>c:\ti\ccsv6\tools\compiler\c6000_7.4.11\lib\</path>
         <kind>archive</kind>
         <file>rts6700.lib</file>
         <name>abs.obj</name>
      </input_file>
      <input_file id="fl-5a">
         <path>c:\ti\ccsv6\tools\compiler\c6000_7.4.11\lib\</path>
         <kind>archive</kind>
         <file>rts6700.lib</file>
         <name>fopen.obj</name>
      </input_file>
      <input_file id="fl-5b">
         <path>c:\ti\ccsv6\tools\compiler\c6000_7.4.11\lib\</path>
         <kind>archive</kind>
         <file>rts6700.lib</file>
         <name>fclose.obj</name>
      </input_file>
      <input_file id="fl-5c">
         <path>c:\ti\ccsv6\tools\compiler\c6000_7.4.11\lib\</path>
         <kind>archive</kind>
         <file>rts6700.lib</file>
         <name>remove.obj</name>
      </input_file>
   </input_file_list>
   <object_component_list>
      <object_component id="oc-17f">
         <name>.text</name>
         <load_address>0x0</load_address>
         <run_address>0x0</run_address>
         <size>0x1080</size>
         <input_file_ref idref="fl-c"/>
      </object_component>
      <object_component id="oc-175">
         <name>.text</name>
         <load_address>0x1080</load_address>
         <run_address>0x1080</run_address>
         <size>0xc20</size>
         <input_file_ref idref="fl-7"/>
      </object_component>
      <object_component id="oc-180">
         <name>.text</name>
         <load_address>0x1ca0</load_address>
         <run_address>0x1ca0</run_address>
         <size>0xb00</size>
         <input_file_ref idref="fl-d"/>
      </object_component>
      <object_component id="oc-194">
         <name>.text</name>
         <load_address>0x27a0</load_address>
         <run_address>0x27a0</run_address>
         <size>0xa80</size>
         <input_file_ref idref="fl-e"/>
      </object_component>
      <object_component id="oc-189">
         <name>.text</name>
         <load_address>0x3220</load_address>
         <run_address>0x3220</run_address>
         <size>0xa40</size>
         <input_file_ref idref="fl-8"/>
      </object_component>
      <object_component id="oc-196">
         <name>.text:__divd</name>
         <load_address>0x3c60</load_address>
         <run_address>0x3c60</run_address>
         <size>0x720</size>
         <input_file_ref idref="fl-28"/>
      </object_component>
      <object_component id="oc-1be">
         <name>.text:__getarg_diouxp</name>
         <load_address>0x4380</load_address>
         <run_address>0x4380</run_address>
         <size>0x6c0</size>
         <input_file_ref idref="fl-45"/>
      </object_component>
      <object_component id="oc-1ad">
         <name>.text:__setfield</name>
         <load_address>0x4a40</load_address>
         <run_address>0x4a40</run_address>
         <size>0x640</size>
         <input_file_ref idref="fl-45"/>
      </object_component>
      <object_component id="oc-1a4">
         <name>.text:__printfi</name>
         <load_address>0x5080</load_address>
         <run_address>0x5080</run_address>
         <size>0x560</size>
         <input_file_ref idref="fl-45"/>
      </object_component>
      <object_component id="oc-15a">
         <name>.text</name>
         <load_address>0x55e0</load_address>
         <run_address>0x55e0</run_address>
         <size>0x520</size>
         <input_file_ref idref="fl-3"/>
      </object_component>
      <object_component id="oc-1a9">
         <name>.text:_fputs</name>
         <load_address>0x5b00</load_address>
         <run_address>0x5b00</run_address>
         <size>0x4c0</size>
         <input_file_ref idref="fl-30"/>
      </object_component>
      <object_component id="oc-5e">
         <name>.text</name>
         <load_address>0x5fc0</load_address>
         <run_address>0x5fc0</run_address>
         <size>0x480</size>
         <input_file_ref idref="fl-17"/>
      </object_component>
      <object_component id="oc-1c6">
         <name>.text:_fcvt</name>
         <load_address>0x6440</load_address>
         <run_address>0x6440</run_address>
         <size>0x420</size>
         <input_file_ref idref="fl-45"/>
      </object_component>
      <object_component id="oc-166">
         <name>.text</name>
         <load_address>0x6860</load_address>
         <run_address>0x6860</run_address>
         <size>0x420</size>
         <input_file_ref idref="fl-f"/>
      </object_component>
      <object_component id="oc-1b3">
         <name>.text:__pproc_fge</name>
         <load_address>0x6c80</load_address>
         <run_address>0x6c80</run_address>
         <size>0x400</size>
         <input_file_ref idref="fl-45"/>
      </object_component>
      <object_component id="oc-1c3">
         <name>.text:_ecvt</name>
         <load_address>0x7080</load_address>
         <run_address>0x7080</run_address>
         <size>0x400</size>
         <input_file_ref idref="fl-45"/>
      </object_component>
      <object_component id="oc-1cf">
         <name>.text:__divull</name>
         <load_address>0x7480</load_address>
         <run_address>0x7480</run_address>
         <size>0x380</size>
         <input_file_ref idref="fl-52"/>
      </object_component>
      <object_component id="oc-18e">
         <name>.text:_free</name>
         <load_address>0x7800</load_address>
         <run_address>0x7800</run_address>
         <size>0x380</size>
         <input_file_ref idref="fl-35"/>
      </object_component>
      <object_component id="oc-1bd">
         <name>.text:__pconv_e</name>
         <load_address>0x7b80</load_address>
         <run_address>0x7b80</run_address>
         <size>0x360</size>
         <input_file_ref idref="fl-45"/>
      </object_component>
      <object_component id="oc-1ac">
         <name>.text:__pproc_fwp</name>
         <load_address>0x7ee0</load_address>
         <run_address>0x7ee0</run_address>
         <size>0x360</size>
         <input_file_ref idref="fl-45"/>
      </object_component>
      <object_component id="oc-169">
         <name>.text</name>
         <load_address>0x8240</load_address>
         <run_address>0x8240</run_address>
         <size>0x360</size>
         <input_file_ref idref="fl-b"/>
      </object_component>
      <object_component id="oc-184">
         <name>.text:__divf</name>
         <load_address>0x85a0</load_address>
         <run_address>0x85a0</run_address>
         <size>0x300</size>
         <input_file_ref idref="fl-29"/>
      </object_component>
      <object_component id="oc-1b4">
         <name>.text:__pproc_diouxp</name>
         <load_address>0x88a0</load_address>
         <run_address>0x88a0</run_address>
         <size>0x300</size>
         <input_file_ref idref="fl-45"/>
      </object_component>
      <object_component id="oc-4f">
         <name>.text:retain</name>
         <load_address>0x8ba0</load_address>
         <run_address>0x8ba0</run_address>
         <size>0x300</size>
         <input_file_ref idref="fl-f"/>
      </object_component>
      <object_component id="oc-171">
         <name>.text</name>
         <load_address>0x8ea0</load_address>
         <run_address>0x8ea0</run_address>
         <size>0x2c0</size>
         <input_file_ref idref="fl-4"/>
      </object_component>
      <object_component id="oc-1ae">
         <name>.text:__pproc_str</name>
         <load_address>0x9160</load_address>
         <run_address>0x9160</run_address>
         <size>0x2c0</size>
         <input_file_ref idref="fl-45"/>
      </object_component>
      <object_component id="oc-1b7">
         <name>.text:_setvbuf</name>
         <load_address>0x9420</load_address>
         <run_address>0x9420</run_address>
         <size>0x2c0</size>
         <input_file_ref idref="fl-58"/>
      </object_component>
      <object_component id="oc-1bb">
         <name>.text:__pconv_g</name>
         <load_address>0x96e0</load_address>
         <run_address>0x96e0</run_address>
         <size>0x2a0</size>
         <input_file_ref idref="fl-45"/>
      </object_component>
      <object_component id="oc-1aa">
         <name>.text:_fputc</name>
         <load_address>0x9980</load_address>
         <run_address>0x9980</run_address>
         <size>0x2a0</size>
         <input_file_ref idref="fl-2f"/>
      </object_component>
      <object_component id="oc-1ce">
         <name>.text:__divul</name>
         <load_address>0x9c20</load_address>
         <run_address>0x9c20</run_address>
         <size>0x260</size>
         <input_file_ref idref="fl-51"/>
      </object_component>
      <object_component id="oc-1c5">
         <name>.text:__mcpy</name>
         <load_address>0x9e80</load_address>
         <run_address>0x9e80</run_address>
         <size>0x240</size>
         <input_file_ref idref="fl-45"/>
      </object_component>
      <object_component id="oc-18d">
         <name>.text:_malloc</name>
         <load_address>0xa0c0</load_address>
         <run_address>0xa0c0</run_address>
         <size>0x240</size>
         <input_file_ref idref="fl-35"/>
      </object_component>
      <object_component id="oc-158">
         <name>.text:_memcpy</name>
         <load_address>0xa300</load_address>
         <run_address>0xa300</run_address>
         <size>0x240</size>
         <input_file_ref idref="fl-34"/>
      </object_component>
      <object_component id="oc-162">
         <name>.text:_HOSTrename</name>
         <load_address>0xa540</load_address>
         <run_address>0xa540</run_address>
         <size>0x220</size>
         <input_file_ref idref="fl-41"/>
      </object_component>
      <object_component id="oc-16e">
         <name>.text:__CSL_init</name>
         <load_address>0xa760</load_address>
         <run_address>0xa760</run_address>
         <size>0x220</size>
         <input_file_ref idref="fl-1a"/>
      </object_component>
      <object_component id="oc-1d7">
         <name>.text:_getdevice</name>
         <load_address>0xa980</load_address>
         <run_address>0xa980</run_address>
         <size>0x1e0</size>
         <input_file_ref idref="fl-33"/>
      </object_component>
      <object_component id="oc-176">
         <name>.text</name>
         <load_address>0xab60</load_address>
         <run_address>0xab60</run_address>
         <size>0xa0</size>
         <input_file_ref idref="fl-9"/>
      </object_component>
      <object_component id="oc-5a">
         <name>.text:vecs</name>
         <load_address>0xac00</load_address>
         <run_address>0xac00</run_address>
         <size>0x200</size>
         <input_file_ref idref="fl-11"/>
      </object_component>
      <object_component id="oc-68">
         <name>.text</name>
         <load_address>0xae00</load_address>
         <run_address>0xae00</run_address>
         <size>0x1e0</size>
         <input_file_ref idref="fl-19"/>
      </object_component>
      <object_component id="oc-179">
         <name>.text:_I2C_reset</name>
         <load_address>0xafe0</load_address>
         <run_address>0xafe0</run_address>
         <size>0x1c0</size>
         <input_file_ref idref="fl-1b"/>
      </object_component>
      <object_component id="oc-17c">
         <name>.text:_IRQ_map</name>
         <load_address>0xb1a0</load_address>
         <run_address>0xb1a0</run_address>
         <size>0x1c0</size>
         <input_file_ref idref="fl-1c"/>
      </object_component>
      <object_component id="oc-1b6">
         <name>.text:_fseek</name>
         <load_address>0xb360</load_address>
         <run_address>0xb360</run_address>
         <size>0x1c0</size>
         <input_file_ref idref="fl-50"/>
      </object_component>
      <object_component id="oc-18a">
         <name>.text:_mux2Tables</name>
         <load_address>0xb520</load_address>
         <run_address>0xb520</run_address>
         <size>0x1c0</size>
         <input_file_ref idref="fl-1c"/>
      </object_component>
      <object_component id="oc-17d">
         <name>.text:_MCBSP_reset</name>
         <load_address>0xb6e0</load_address>
         <run_address>0xb6e0</run_address>
         <size>0x1a0</size>
         <input_file_ref idref="fl-1d"/>
      </object_component>
      <object_component id="oc-1c0">
         <name>.text:__ltostr</name>
         <load_address>0xb880</load_address>
         <run_address>0xb880</run_address>
         <size>0x1a0</size>
         <input_file_ref idref="fl-45"/>
      </object_component>
      <object_component id="oc-1ab">
         <name>.text:__pproc_fflags</name>
         <load_address>0xba20</load_address>
         <run_address>0xba20</run_address>
         <size>0x1a0</size>
         <input_file_ref idref="fl-45"/>
      </object_component>
      <object_component id="oc-160">
         <name>.text:_HOSTlseek</name>
         <load_address>0xbbc0</load_address>
         <run_address>0xbbc0</run_address>
         <size>0x160</size>
         <input_file_ref idref="fl-41"/>
      </object_component>
      <object_component id="oc-1c9">
         <name>.text:__closefile</name>
         <load_address>0xbd20</load_address>
         <run_address>0xbd20</run_address>
         <size>0x160</size>
         <input_file_ref idref="fl-5b"/>
      </object_component>
      <object_component id="oc-159">
         <name>.text</name>
         <load_address>0xbe80</load_address>
         <run_address>0xbe80</run_address>
         <size>0x140</size>
         <input_file_ref idref="fl-5"/>
      </object_component>
      <object_component id="oc-15e">
         <name>.text:_HOSTread</name>
         <load_address>0xbfc0</load_address>
         <run_address>0xbfc0</run_address>
         <size>0x140</size>
         <input_file_ref idref="fl-41"/>
      </object_component>
      <object_component id="oc-178">
         <name>.text:_TIMER_open</name>
         <load_address>0xc100</load_address>
         <run_address>0xc100</run_address>
         <size>0x140</size>
         <input_file_ref idref="fl-1e"/>
      </object_component>
      <object_component id="oc-1a0">
         <name>.text:__frcmpyd_div</name>
         <load_address>0xc240</load_address>
         <run_address>0xc240</run_address>
         <size>0x140</size>
         <input_file_ref idref="fl-31"/>
      </object_component>
      <object_component id="oc-168">
         <name>.text:__strasgi</name>
         <load_address>0xc380</load_address>
         <run_address>0xc380</run_address>
         <size>0x140</size>
         <input_file_ref idref="fl-3e"/>
      </object_component>
      <object_component id="oc-1b2">
         <name>.text:_atoi</name>
         <load_address>0xc4c0</load_address>
         <run_address>0xc4c0</run_address>
         <size>0x140</size>
         <input_file_ref idref="fl-47"/>
      </object_component>
      <object_component id="oc-1a1">
         <name>.text:_fflush</name>
         <load_address>0xc600</load_address>
         <run_address>0xc600</run_address>
         <size>0x140</size>
         <input_file_ref idref="fl-2b"/>
      </object_component>
      <object_component id="oc-1cb">
         <name>.text:_ltoa</name>
         <load_address>0xc740</load_address>
         <run_address>0xc740</run_address>
         <size>0x140</size>
         <input_file_ref idref="fl-54"/>
      </object_component>
      <object_component id="oc-197">
         <name>.text:_sqrt</name>
         <load_address>0xc880</load_address>
         <run_address>0xc880</run_address>
         <size>0x140</size>
         <input_file_ref idref="fl-3d"/>
      </object_component>
      <object_component id="oc-15c">
         <name>.text:_HOSTopen</name>
         <load_address>0xc9c0</load_address>
         <run_address>0xc9c0</run_address>
         <size>0x120</size>
         <input_file_ref idref="fl-41"/>
      </object_component>
      <object_component id="oc-15f">
         <name>.text:_HOSTwrite</name>
         <load_address>0xcae0</load_address>
         <run_address>0xcae0</run_address>
         <size>0x120</size>
         <input_file_ref idref="fl-41"/>
      </object_component>
      <object_component id="oc-18b">
         <name>.text:_TIMER_reset</name>
         <load_address>0xcc00</load_address>
         <run_address>0xcc00</run_address>
         <size>0x120</size>
         <input_file_ref idref="fl-1e"/>
      </object_component>
      <object_component id="oc-1b0">
         <name>.text:__wrt_ok</name>
         <load_address>0xcd20</load_address>
         <run_address>0xcd20</run_address>
         <size>0x120</size>
         <input_file_ref idref="fl-43"/>
      </object_component>
      <object_component id="oc-1d0">
         <name>.text:_close</name>
         <load_address>0xce40</load_address>
         <run_address>0xce40</run_address>
         <size>0x120</size>
         <input_file_ref idref="fl-33"/>
      </object_component>
      <object_component id="oc-19d">
         <name>.text:_fprintf</name>
         <load_address>0xcf60</load_address>
         <run_address>0xcf60</run_address>
         <size>0x120</size>
         <input_file_ref idref="fl-2e"/>
      </object_component>
      <object_component id="oc-1b1">
         <name>.text:_memset</name>
         <load_address>0xd080</load_address>
         <run_address>0xd080</run_address>
         <size>0x120</size>
         <input_file_ref idref="fl-56"/>
      </object_component>
      <object_component id="oc-15d">
         <name>.text:_HOSTclose</name>
         <load_address>0xd1a0</load_address>
         <run_address>0xd1a0</run_address>
         <size>0x100</size>
         <input_file_ref idref="fl-41"/>
      </object_component>
      <object_component id="oc-161">
         <name>.text:_HOSTunlink</name>
         <load_address>0xd2a0</load_address>
         <run_address>0xd2a0</run_address>
         <size>0x100</size>
         <input_file_ref idref="fl-41"/>
      </object_component>
      <object_component id="oc-170">
         <name>.text:_I2C_open</name>
         <load_address>0xd3a0</load_address>
         <run_address>0xd3a0</run_address>
         <size>0x100</size>
         <input_file_ref idref="fl-1b"/>
      </object_component>
      <object_component id="oc-173">
         <name>.text:_MCBSP_open</name>
         <load_address>0xd4a0</load_address>
         <run_address>0xd4a0</run_address>
         <size>0x100</size>
         <input_file_ref idref="fl-1d"/>
      </object_component>
      <object_component id="oc-174">
         <name>.text:_MCBSP_start</name>
         <load_address>0xd5a0</load_address>
         <run_address>0xd5a0</run_address>
         <size>0x100</size>
         <input_file_ref idref="fl-1d"/>
      </object_component>
      <object_component id="oc-155">
         <name>.text:__auto_init</name>
         <load_address>0xd6a0</load_address>
         <run_address>0xd6a0</run_address>
         <size>0x100</size>
         <input_file_ref idref="fl-48"/>
      </object_component>
      <object_component id="oc-1c8">
         <name>.text:__div</name>
         <load_address>0xd7a0</load_address>
         <run_address>0xd7a0</run_address>
         <size>0x100</size>
         <input_file_ref idref="fl-45"/>
      </object_component>
      <object_component id="oc-1d3">
         <name>.text:__divli</name>
         <load_address>0xd8a0</load_address>
         <run_address>0xd8a0</run_address>
         <size>0x100</size>
         <input_file_ref idref="fl-51"/>
      </object_component>
      <object_component id="oc-1bc">
         <name>.text:__pconv_f</name>
         <load_address>0xd9a0</load_address>
         <run_address>0xd9a0</run_address>
         <size>0x100</size>
         <input_file_ref idref="fl-45"/>
      </object_component>
      <object_component id="oc-181">
         <name>.text:__remi</name>
         <load_address>0xdaa0</load_address>
         <run_address>0xdaa0</run_address>
         <size>0x100</size>
         <input_file_ref idref="fl-3c"/>
      </object_component>
      <object_component id="oc-1c1">
         <name>.text:_lseek</name>
         <load_address>0xdba0</load_address>
         <run_address>0xdba0</run_address>
         <size>0x100</size>
         <input_file_ref idref="fl-33"/>
      </object_component>
      <object_component id="oc-19e">
         <name>.text:_printf</name>
         <load_address>0xdca0</load_address>
         <run_address>0xdca0</run_address>
         <size>0x100</size>
         <input_file_ref idref="fl-3a"/>
      </object_component>
      <object_component id="oc-1af">
         <name>.text:_write</name>
         <load_address>0xdda0</load_address>
         <run_address>0xdda0</run_address>
         <size>0x100</size>
         <input_file_ref idref="fl-33"/>
      </object_component>
      <object_component id="oc-172">
         <name>.text</name>
         <load_address>0xdea0</load_address>
         <run_address>0xdea0</run_address>
         <size>0xe0</size>
         <input_file_ref idref="fl-6"/>
      </object_component>
      <object_component id="oc-1c2">
         <name>.text:__cleanup</name>
         <load_address>0xdf80</load_address>
         <run_address>0xdf80</run_address>
         <size>0xe0</size>
         <input_file_ref idref="fl-5a"/>
      </object_component>
      <object_component id="oc-1a8">
         <name>.text:__doflush</name>
         <load_address>0xe060</load_address>
         <run_address>0xe060</run_address>
         <size>0xe0</size>
         <input_file_ref idref="fl-2b"/>
      </object_component>
      <object_component id="oc-1c4">
         <name>.text:__ecpy</name>
         <load_address>0xe140</load_address>
         <run_address>0xe140</run_address>
         <size>0xe0</size>
         <input_file_ref idref="fl-45"/>
      </object_component>
      <object_component id="oc-1c7">
         <name>.text:__fcpy</name>
         <load_address>0xe220</load_address>
         <run_address>0xe220</run_address>
         <size>0xe0</size>
         <input_file_ref idref="fl-45"/>
      </object_component>
      <object_component id="oc-15b">
         <name>.text:__strasg</name>
         <load_address>0xe300</load_address>
         <run_address>0xe300</run_address>
         <size>0xe0</size>
         <input_file_ref idref="fl-3e"/>
      </object_component>
      <object_component id="oc-157">
         <name>.text:_exit</name>
         <load_address>0xe3e0</load_address>
         <run_address>0xe3e0</run_address>
         <size>0xe0</size>
         <input_file_ref idref="fl-2a"/>
      </object_component>
      <object_component id="oc-19b">
         <name>.text:_minsert</name>
         <load_address>0xe4c0</load_address>
         <run_address>0xe4c0</run_address>
         <size>0xe0</size>
         <input_file_ref idref="fl-35"/>
      </object_component>
      <object_component id="oc-19a">
         <name>.text:_mremove</name>
         <load_address>0xe5a0</load_address>
         <run_address>0xe5a0</run_address>
         <size>0xe0</size>
         <input_file_ref idref="fl-35"/>
      </object_component>
      <object_component id="oc-1cd">
         <name>.text:__divu</name>
         <load_address>0xe680</load_address>
         <run_address>0xe680</run_address>
         <size>0xc0</size>
         <input_file_ref idref="fl-4c"/>
      </object_component>
      <object_component id="oc-164">
         <name>.text:_copy_in</name>
         <load_address>0xe740</load_address>
         <run_address>0xe740</run_address>
         <size>0xc0</size>
         <input_file_ref idref="fl-4a"/>
      </object_component>
      <object_component id="oc-1d8">
         <name>.text:_finddevice</name>
         <load_address>0xe800</load_address>
         <run_address>0xe800</run_address>
         <size>0xc0</size>
         <input_file_ref idref="fl-33"/>
      </object_component>
      <object_component id="oc-182">
         <name>.text:_rand</name>
         <load_address>0xe8c0</load_address>
         <run_address>0xe8c0</run_address>
         <size>0xc0</size>
         <input_file_ref idref="fl-3b"/>
      </object_component>
      <object_component id="oc-177">
         <name>.text:__IRQ_init</name>
         <load_address>0xe980</load_address>
         <run_address>0xe980</run_address>
         <size>0xa0</size>
         <input_file_ref idref="fl-1c"/>
      </object_component>
      <object_component id="oc-1ca">
         <name>.text:__fixdli</name>
         <load_address>0xea20</load_address>
         <run_address>0xea20</run_address>
         <size>0xa0</size>
         <input_file_ref idref="fl-4e"/>
      </object_component>
      <object_component id="oc-188">
         <name>.text:__fixfi</name>
         <load_address>0xeac0</load_address>
         <run_address>0xeac0</run_address>
         <size>0xa0</size>
         <input_file_ref idref="fl-2c"/>
      </object_component>
      <object_component id="oc-1a7">
         <name>.text:__mpyll</name>
         <load_address>0xeb60</load_address>
         <run_address>0xeb60</run_address>
         <size>0xa0</size>
         <input_file_ref idref="fl-38"/>
      </object_component>
      <object_component id="oc-1d2">
         <name>.text:__remli</name>
         <load_address>0xec00</load_address>
         <run_address>0xec00</run_address>
         <size>0xa0</size>
         <input_file_ref idref="fl-51"/>
      </object_component>
      <object_component id="oc-16c">
         <name>.text:_readmsg</name>
         <load_address>0xeca0</load_address>
         <run_address>0xeca0</run_address>
         <size>0xa0</size>
         <input_file_ref idref="fl-42"/>
      </object_component>
      <object_component id="oc-18c">
         <name>.text:_setMux</name>
         <load_address>0xed40</load_address>
         <run_address>0xed40</run_address>
         <size>0xa0</size>
         <input_file_ref idref="fl-1c"/>
      </object_component>
      <object_component id="oc-1d6">
         <name>.text:_unlink</name>
         <load_address>0xede0</load_address>
         <run_address>0xede0</run_address>
         <size>0xa0</size>
         <input_file_ref idref="fl-33"/>
      </object_component>
      <object_component id="oc-16b">
         <name>.text:_writemsg</name>
         <load_address>0xee80</load_address>
         <run_address>0xee80</run_address>
         <size>0xa0</size>
         <input_file_ref idref="fl-42"/>
      </object_component>
      <object_component id="oc-165">
         <name>.text:___TI_cpp_init</name>
         <load_address>0xef20</load_address>
         <run_address>0xef20</run_address>
         <size>0x80</size>
         <input_file_ref idref="fl-49"/>
      </object_component>
      <object_component id="oc-199">
         <name>.text:__abort_msg</name>
         <load_address>0xefa0</load_address>
         <run_address>0xefa0</run_address>
         <size>0x80</size>
         <input_file_ref idref="fl-21"/>
      </object_component>
      <object_component id="oc-1cc">
         <name>.text:__fltlid</name>
         <load_address>0xf020</load_address>
         <run_address>0xf020</run_address>
         <size>0x80</size>
         <input_file_ref idref="fl-4f"/>
      </object_component>
      <object_component id="oc-1d4">
         <name>.text:__llshl</name>
         <load_address>0xf0a0</load_address>
         <run_address>0xf0a0</run_address>
         <size>0x80</size>
         <input_file_ref idref="fl-32"/>
      </object_component>
      <object_component id="oc-e">
         <name>.text:_c_int00</name>
         <load_address>0xf120</load_address>
         <run_address>0xf120</run_address>
         <size>0x80</size>
         <input_file_ref idref="fl-22"/>
      </object_component>
      <object_component id="oc-1b5">
         <name>.text:_memccpy</name>
         <load_address>0xf1a0</load_address>
         <run_address>0xf1a0</run_address>
         <size>0x80</size>
         <input_file_ref idref="fl-55"/>
      </object_component>
      <object_component id="oc-64">
         <name>.text</name>
         <load_address>0xf220</load_address>
         <run_address>0xf220</run_address>
         <size>0x80</size>
         <input_file_ref idref="fl-18"/>
      </object_component>
      <object_component id="oc-1ba">
         <name>.text:___isinf</name>
         <load_address>0xf2a0</load_address>
         <run_address>0xf2a0</run_address>
         <size>0x60</size>
         <input_file_ref idref="fl-53"/>
      </object_component>
      <object_component id="oc-183">
         <name>.text:__fltif</name>
         <load_address>0xf300</load_address>
         <run_address>0xf300</run_address>
         <size>0x60</size>
         <input_file_ref idref="fl-2d"/>
      </object_component>
      <object_component id="oc-19f">
         <name>.text:__llshru</name>
         <load_address>0xf360</load_address>
         <run_address>0xf360</run_address>
         <size>0x60</size>
         <input_file_ref idref="fl-32"/>
      </object_component>
      <object_component id="oc-1d5">
         <name>.text:__subcull</name>
         <load_address>0xf3c0</load_address>
         <run_address>0xf3c0</run_address>
         <size>0x60</size>
         <input_file_ref idref="fl-52"/>
      </object_component>
      <object_component id="oc-17e">
         <name>.text</name>
         <load_address>0xf420</load_address>
         <run_address>0xf420</run_address>
         <size>0x60</size>
         <input_file_ref idref="fl-a"/>
      </object_component>
      <object_component id="oc-1b9">
         <name>.text:___isnan</name>
         <load_address>0xf480</load_address>
         <run_address>0xf480</run_address>
         <size>0x40</size>
         <input_file_ref idref="fl-45"/>
      </object_component>
      <object_component id="oc-156">
         <name>.text:__args_main</name>
         <load_address>0xf4c0</load_address>
         <run_address>0xf4c0</run_address>
         <size>0x40</size>
         <input_file_ref idref="fl-46"/>
      </object_component>
      <object_component id="oc-16f">
         <name>.text</name>
         <load_address>0xf500</load_address>
         <run_address>0xf500</run_address>
         <size>0x20</size>
         <input_file_ref idref="fl-2"/>
      </object_component>
      <object_component id="oc-16d">
         <name>.text:_CSL6713_LIB_</name>
         <load_address>0xf520</load_address>
         <run_address>0xf520</run_address>
         <size>0x20</size>
         <input_file_ref idref="fl-1a"/>
      </object_component>
      <object_component id="oc-17b">
         <name>.text:_IRQ_setVecs</name>
         <load_address>0xf540</load_address>
         <run_address>0xf540</run_address>
         <size>0x20</size>
         <input_file_ref idref="fl-1c"/>
      </object_component>
      <object_component id="oc-192">
         <name>.text:__addd</name>
         <load_address>0xf560</load_address>
         <run_address>0xf560</run_address>
         <size>0x20</size>
         <input_file_ref idref="fl-1f"/>
      </object_component>
      <object_component id="oc-186">
         <name>.text:__addf</name>
         <load_address>0xf580</load_address>
         <run_address>0xf580</run_address>
         <size>0x20</size>
         <input_file_ref idref="fl-20"/>
      </object_component>
      <object_component id="oc-19c">
         <name>.text:__cmpd</name>
         <load_address>0xf5a0</load_address>
         <run_address>0xf5a0</run_address>
         <size>0x20</size>
         <input_file_ref idref="fl-23"/>
      </object_component>
      <object_component id="oc-198">
         <name>.text:__cmpf</name>
         <load_address>0xf5c0</load_address>
         <run_address>0xf5c0</run_address>
         <size>0x20</size>
         <input_file_ref idref="fl-24"/>
      </object_component>
      <object_component id="oc-193">
         <name>.text:__cvtdf</name>
         <load_address>0xf5e0</load_address>
         <run_address>0xf5e0</run_address>
         <size>0x20</size>
         <input_file_ref idref="fl-25"/>
      </object_component>
      <object_component id="oc-18f">
         <name>.text:__cvtfd</name>
         <load_address>0xf600</load_address>
         <run_address>0xf600</run_address>
         <size>0x20</size>
         <input_file_ref idref="fl-26"/>
      </object_component>
      <object_component id="oc-191">
         <name>.text:__mpyd</name>
         <load_address>0xf620</load_address>
         <run_address>0xf620</run_address>
         <size>0x20</size>
         <input_file_ref idref="fl-36"/>
      </object_component>
      <object_component id="oc-185">
         <name>.text:__mpyf</name>
         <load_address>0xf640</load_address>
         <run_address>0xf640</run_address>
         <size>0x20</size>
         <input_file_ref idref="fl-37"/>
      </object_component>
      <object_component id="oc-195">
         <name>.text:__negf</name>
         <load_address>0xf660</load_address>
         <run_address>0xf660</run_address>
         <size>0x20</size>
         <input_file_ref idref="fl-39"/>
      </object_component>
      <object_component id="oc-1bf">
         <name>.text:__negll</name>
         <load_address>0xf680</load_address>
         <run_address>0xf680</run_address>
         <size>0x20</size>
         <input_file_ref idref="fl-57"/>
      </object_component>
      <object_component id="oc-163">
         <name>.text:__nop</name>
         <load_address>0xf6a0</load_address>
         <run_address>0xf6a0</run_address>
         <size>0x20</size>
         <input_file_ref idref="fl-44"/>
      </object_component>
      <object_component id="oc-1a3">
         <name>.text:__outc</name>
         <load_address>0xf6c0</load_address>
         <run_address>0xf6c0</run_address>
         <size>0x20</size>
         <input_file_ref idref="fl-2e"/>
      </object_component>
      <object_component id="oc-1a6">
         <name>.text:__outc</name>
         <load_address>0xf6e0</load_address>
         <run_address>0xf6e0</run_address>
         <size>0x20</size>
         <input_file_ref idref="fl-3a"/>
      </object_component>
      <object_component id="oc-1a2">
         <name>.text:__outs</name>
         <load_address>0xf700</load_address>
         <run_address>0xf700</run_address>
         <size>0x20</size>
         <input_file_ref idref="fl-2e"/>
      </object_component>
      <object_component id="oc-1a5">
         <name>.text:__outs</name>
         <load_address>0xf720</load_address>
         <run_address>0xf720</run_address>
         <size>0x20</size>
         <input_file_ref idref="fl-3a"/>
      </object_component>
      <object_component id="oc-190">
         <name>.text:__subd</name>
         <load_address>0xf740</load_address>
         <run_address>0xf740</run_address>
         <size>0x20</size>
         <input_file_ref idref="fl-3f"/>
      </object_component>
      <object_component id="oc-187">
         <name>.text:__subf</name>
         <load_address>0xf760</load_address>
         <run_address>0xf760</run_address>
         <size>0x20</size>
         <input_file_ref idref="fl-40"/>
      </object_component>
      <object_component id="oc-167">
         <name>.text:_abort</name>
         <load_address>0xf780</load_address>
         <run_address>0xf780</run_address>
         <size>0x20</size>
         <input_file_ref idref="fl-2a"/>
      </object_component>
      <object_component id="oc-1d1">
         <name>.text:_remove</name>
         <load_address>0xf7a0</load_address>
         <run_address>0xf7a0</run_address>
         <size>0x20</size>
         <input_file_ref idref="fl-5c"/>
      </object_component>
      <object_component id="oc-77">
         <name>.text</name>
         <load_address>0xf7c0</load_address>
         <run_address>0xf7c0</run_address>
         <size>0x20</size>
         <input_file_ref idref="fl-1c"/>
      </object_component>
      <object_component id="oc-59">
         <name>.text</name>
         <load_address>0xf7e0</load_address>
         <run_address>0xf7e0</run_address>
         <size>0x20</size>
         <input_file_ref idref="fl-11"/>
      </object_component>
      <object_component id="oc-92">
         <name>.stack</name>
         <uninitialized>true</uninitialized>
         <run_address>0x10020</run_address>
         <size>0x8</size>
         <input_file_ref idref="fl-22"/>
      </object_component>
      <object_component id="oc-1ee">
         <name>.stack</name>
         <uninitialized>true</uninitialized>
         <run_address>0x10020</run_address>
         <size>0x0</size>
      </object_component>
      <object_component id="oc-29">
         <name>.far</name>
         <uninitialized>true</uninitialized>
         <run_address>0xfb24</run_address>
         <size>0x128</size>
         <input_file_ref idref="fl-7"/>
      </object_component>
      <object_component id="oc-4e">
         <name>.far</name>
         <uninitialized>true</uninitialized>
         <run_address>0xfe5c</run_address>
         <size>0xde</size>
         <input_file_ref idref="fl-f"/>
      </object_component>
      <object_component id="oc-5f">
         <name>.far</name>
         <uninitialized>true</uninitialized>
         <run_address>0xff3a</run_address>
         <size>0x2</size>
         <input_file_ref idref="fl-17"/>
      </object_component>
      <object_component id="oc-69">
         <name>.far</name>
         <uninitialized>true</uninitialized>
         <run_address>0x1001c</run_address>
         <size>0x2</size>
         <input_file_ref idref="fl-19"/>
      </object_component>
      <object_component id="oc-6e">
         <name>.far</name>
         <uninitialized>true</uninitialized>
         <run_address>0xff74</run_address>
         <size>0x28</size>
         <input_file_ref idref="fl-1a"/>
      </object_component>
      <object_component id="oc-73">
         <name>.far</name>
         <uninitialized>true</uninitialized>
         <run_address>0xff9c</run_address>
         <size>0x28</size>
         <input_file_ref idref="fl-1b"/>
      </object_component>
      <object_component id="oc-79">
         <name>.far</name>
         <uninitialized>true</uninitialized>
         <run_address>0xfd68</run_address>
         <size>0xf4</size>
         <input_file_ref idref="fl-1c"/>
      </object_component>
      <object_component id="oc-7e">
         <name>.far</name>
         <uninitialized>true</uninitialized>
         <run_address>0xff3c</run_address>
         <size>0x38</size>
         <input_file_ref idref="fl-1d"/>
      </object_component>
      <object_component id="oc-83">
         <name>.far</name>
         <uninitialized>true</uninitialized>
         <run_address>0xffc4</run_address>
         <size>0x24</size>
         <input_file_ref idref="fl-1e"/>
      </object_component>
      <object_component id="oc-a3">
         <name>.far</name>
         <uninitialized>true</uninitialized>
         <run_address>0xf800</run_address>
         <size>0x324</size>
         <input_file_ref idref="fl-27"/>
      </object_component>
      <object_component id="oc-ad">
         <name>.far</name>
         <uninitialized>true</uninitialized>
         <run_address>0xffe8</run_address>
         <size>0xc</size>
         <input_file_ref idref="fl-2a"/>
      </object_component>
      <object_component id="oc-cb">
         <name>.far</name>
         <uninitialized>true</uninitialized>
         <run_address>0xfc4c</run_address>
         <size>0x11c</size>
         <input_file_ref idref="fl-33"/>
      </object_component>
      <object_component id="oc-d3">
         <name>.far</name>
         <uninitialized>true</uninitialized>
         <run_address>0xfffc</run_address>
         <size>0x8</size>
         <input_file_ref idref="fl-35"/>
      </object_component>
      <object_component id="oc-e8">
         <name>.far</name>
         <uninitialized>true</uninitialized>
         <run_address>0x10008</run_address>
         <size>0x8</size>
         <input_file_ref idref="fl-3b"/>
      </object_component>
      <object_component id="oc-fb">
         <name>.far</name>
         <uninitialized>true</uninitialized>
         <run_address>0x10010</run_address>
         <size>0x8</size>
         <input_file_ref idref="fl-41"/>
      </object_component>
      <object_component id="oc-107">
         <name>.far</name>
         <uninitialized>true</uninitialized>
         <run_address>0xfff4</run_address>
         <size>0x8</size>
         <input_file_ref idref="fl-44"/>
      </object_component>
      <object_component id="oc-124">
         <name>.far</name>
         <uninitialized>true</uninitialized>
         <run_address>0x10004</run_address>
         <size>0x4</size>
         <input_file_ref idref="fl-4d"/>
      </object_component>
      <object_component id="oc-14c">
         <name>.far</name>
         <uninitialized>true</uninitialized>
         <run_address>0x10018</run_address>
         <size>0x4</size>
         <input_file_ref idref="fl-5a"/>
      </object_component>
      <object_component id="oc-16a">
         <name>.switch:_AnalyzeCommands</name>
         <load_address>0x28440</load_address>
         <run_address>0x28440</run_address>
         <size>0x30</size>
         <input_file_ref idref="fl-3"/>
      </object_component>
      <object_component id="oc-17a">
         <name>.switch:_DAC_Prepare_EDMA</name>
         <load_address>0x28470</load_address>
         <run_address>0x28470</run_address>
         <size>0x10</size>
         <input_file_ref idref="fl-4"/>
      </object_component>
      <object_component id="oc-17">
         <name>.bss</name>
         <uninitialized>true</uninitialized>
         <run_address>0x28358</run_address>
         <size>0x58</size>
         <input_file_ref idref="fl-4"/>
      </object_component>
      <object_component id="oc-26">
         <name>.bss</name>
         <uninitialized>true</uninitialized>
         <run_address>0x283fc</run_address>
         <size>0x38</size>
         <input_file_ref idref="fl-7"/>
      </object_component>
      <object_component id="oc-4b">
         <name>.bss</name>
         <uninitialized>true</uninitialized>
         <run_address>0x283b0</run_address>
         <size>0x4c</size>
         <input_file_ref idref="fl-f"/>
      </object_component>
      <object_component id="oc-53">
         <name>.bss</name>
         <uninitialized>true</uninitialized>
         <run_address>0x28434</run_address>
         <size>0xc</size>
         <input_file_ref idref="fl-10"/>
      </object_component>
      <object_component id="oc-d4">
         <name>.sysmem</name>
         <uninitialized>true</uninitialized>
         <run_address>0x12000</run_address>
         <size>0x8</size>
         <input_file_ref idref="fl-35"/>
      </object_component>
      <object_component id="oc-1ef">
         <name>.sysmem</name>
         <uninitialized>true</uninitialized>
         <run_address>0x12000</run_address>
         <size>0x0</size>
      </object_component>
      <object_component id="oc-19">
         <name>.cinit</name>
         <load_address>0x10820</load_address>
         <run_address>0x10820</run_address>
         <size>0x15c</size>
         <input_file_ref idref="fl-4"/>
      </object_component>
      <object_component id="oc-4d">
         <name>.cinit</name>
         <load_address>0x10980</load_address>
         <run_address>0x10980</run_address>
         <size>0x154</size>
         <input_file_ref idref="fl-f"/>
      </object_component>
      <object_component id="oc-78">
         <name>.cinit</name>
         <load_address>0x10ad8</load_address>
         <run_address>0x10ad8</run_address>
         <size>0x12c</size>
         <input_file_ref idref="fl-1c"/>
      </object_component>
      <object_component id="oc-28">
         <name>.cinit</name>
         <load_address>0x10c08</load_address>
         <run_address>0x10c08</run_address>
         <size>0x7c</size>
         <input_file_ref idref="fl-7"/>
      </object_component>
      <object_component id="oc-a2">
         <name>.cinit</name>
         <load_address>0x10c88</load_address>
         <run_address>0x10c88</run_address>
         <size>0x5c</size>
         <input_file_ref idref="fl-27"/>
      </object_component>
      <object_component id="oc-ca">
         <name>.cinit</name>
         <load_address>0x10ce8</load_address>
         <run_address>0x10ce8</run_address>
         <size>0x5c</size>
         <input_file_ref idref="fl-33"/>
      </object_component>
      <object_component id="oc-7d">
         <name>.cinit</name>
         <load_address>0x10d48</load_address>
         <run_address>0x10d48</run_address>
         <size>0x54</size>
         <input_file_ref idref="fl-1d"/>
      </object_component>
      <object_component id="oc-82">
         <name>.cinit</name>
         <load_address>0x10da0</load_address>
         <run_address>0x10da0</run_address>
         <size>0x4c</size>
         <input_file_ref idref="fl-1e"/>
      </object_component>
      <object_component id="oc-6d">
         <name>.cinit</name>
         <load_address>0x10df0</load_address>
         <run_address>0x10df0</run_address>
         <size>0x3c</size>
         <input_file_ref idref="fl-1a"/>
      </object_component>
      <object_component id="oc-72">
         <name>.cinit</name>
         <load_address>0x10e30</load_address>
         <run_address>0x10e30</run_address>
         <size>0x30</size>
         <input_file_ref idref="fl-1b"/>
      </object_component>
      <object_component id="oc-ac">
         <name>.cinit</name>
         <load_address>0x10e60</load_address>
         <run_address>0x10e60</run_address>
         <size>0x2c</size>
         <input_file_ref idref="fl-2a"/>
      </object_component>
      <object_component id="oc-d2">
         <name>.cinit</name>
         <load_address>0x10e90</load_address>
         <run_address>0x10e90</run_address>
         <size>0x2c</size>
         <input_file_ref idref="fl-35"/>
      </object_component>
      <object_component id="oc-106">
         <name>.cinit</name>
         <load_address>0x10ec0</load_address>
         <run_address>0x10ec0</run_address>
         <size>0x1c</size>
         <input_file_ref idref="fl-44"/>
      </object_component>
      <object_component id="oc-e7">
         <name>.cinit</name>
         <load_address>0x10ee0</load_address>
         <run_address>0x10ee0</run_address>
         <size>0x10</size>
         <input_file_ref idref="fl-3b"/>
      </object_component>
      <object_component id="oc-123">
         <name>.cinit</name>
         <load_address>0x10ef0</load_address>
         <run_address>0x10ef0</run_address>
         <size>0xc</size>
         <input_file_ref idref="fl-4d"/>
      </object_component>
      <object_component id="oc-14b">
         <name>.cinit</name>
         <load_address>0x10f00</load_address>
         <run_address>0x10f00</run_address>
         <size>0xc</size>
         <input_file_ref idref="fl-5a"/>
      </object_component>
      <object_component id="oc-55">
         <name>.cinit</name>
         <load_address>0x10f10</load_address>
         <run_address>0x10f10</run_address>
         <size>0xc</size>
         <input_file_ref idref="fl-10"/>
      </object_component>
      <object_component id="oc-1b8">
         <name>.const:.string:__ctypes_</name>
         <load_address>0x28000</load_address>
         <run_address>0x28000</run_address>
         <size>0x101</size>
         <input_file_ref idref="fl-4b"/>
      </object_component>
      <object_component id="oc-8e">
         <name>.const:.string</name>
         <load_address>0x28101</load_address>
         <run_address>0x28101</run_address>
         <size>0x3</size>
         <input_file_ref idref="fl-21"/>
      </object_component>
      <object_component id="oc-2e">
         <name>.const:.string</name>
         <load_address>0x28104</load_address>
         <run_address>0x28104</run_address>
         <size>0x80</size>
         <input_file_ref idref="fl-8"/>
      </object_component>
      <object_component id="oc-1e">
         <name>.const</name>
         <load_address>0x28184</load_address>
         <run_address>0x28184</run_address>
         <size>0x40</size>
         <input_file_ref idref="fl-5"/>
      </object_component>
      <object_component id="oc-47">
         <name>.const:.string</name>
         <load_address>0x281c4</load_address>
         <run_address>0x281c4</run_address>
         <size>0x2c</size>
         <input_file_ref idref="fl-e"/>
      </object_component>
      <object_component id="oc-10b">
         <name>.const:.string</name>
         <load_address>0x281f0</load_address>
         <run_address>0x281f0</run_address>
         <size>0x23</size>
         <input_file_ref idref="fl-45"/>
      </object_component>
      <object_component id="oc-60">
         <name>.const</name>
         <load_address>0x28214</load_address>
         <run_address>0x28214</run_address>
         <size>0x20</size>
         <input_file_ref idref="fl-17"/>
      </object_component>
      <object_component id="oc-c0">
         <name>.const:.string</name>
         <load_address>0x28234</load_address>
         <run_address>0x28234</run_address>
         <size>0x2</size>
         <input_file_ref idref="fl-30"/>
      </object_component>
      <object_component id="oc-ff">
         <name>.cio</name>
         <uninitialized>true</uninitialized>
         <run_address>0x28238</run_address>
         <size>0x120</size>
         <input_file_ref idref="fl-42"/>
      </object_component>
      <object_component id="oc-f">
         <name>.debug_info</name>
         <load_address>0x0</load_address>
         <run_address>0x0</run_address>
         <size>0x678</size>
         <input_file_ref idref="fl-2"/>
      </object_component>
      <object_component id="oc-13">
         <name>.debug_info</name>
         <load_address>0x678</load_address>
         <run_address>0x678</run_address>
         <size>0x137c</size>
         <input_file_ref idref="fl-3"/>
      </object_component>
      <object_component id="oc-18">
         <name>.debug_info</name>
         <load_address>0x19f4</load_address>
         <run_address>0x19f4</run_address>
         <size>0xe52</size>
         <input_file_ref idref="fl-4"/>
      </object_component>
      <object_component id="oc-1d">
         <name>.debug_info</name>
         <load_address>0x2846</load_address>
         <run_address>0x2846</run_address>
         <size>0xb70</size>
         <input_file_ref idref="fl-5"/>
      </object_component>
      <object_component id="oc-22">
         <name>.debug_info</name>
         <load_address>0x33b6</load_address>
         <run_address>0x33b6</run_address>
         <size>0x734</size>
         <input_file_ref idref="fl-6"/>
      </object_component>
      <object_component id="oc-27">
         <name>.debug_info</name>
         <load_address>0x3aea</load_address>
         <run_address>0x3aea</run_address>
         <size>0x1ae0</size>
         <input_file_ref idref="fl-7"/>
      </object_component>
      <object_component id="oc-2d">
         <name>.debug_info</name>
         <load_address>0x55ca</load_address>
         <run_address>0x55ca</run_address>
         <size>0x1a64</size>
         <input_file_ref idref="fl-8"/>
      </object_component>
      <object_component id="oc-32">
         <name>.debug_info</name>
         <load_address>0x702e</load_address>
         <run_address>0x702e</run_address>
         <size>0x981</size>
         <input_file_ref idref="fl-9"/>
      </object_component>
      <object_component id="oc-36">
         <name>.debug_info</name>
         <load_address>0x79af</load_address>
         <run_address>0x79af</run_address>
         <size>0x6ca</size>
         <input_file_ref idref="fl-a"/>
      </object_component>
      <object_component id="oc-3a">
         <name>.debug_info</name>
         <load_address>0x8079</load_address>
         <run_address>0x8079</run_address>
         <size>0xeab</size>
         <input_file_ref idref="fl-b"/>
      </object_component>
      <object_component id="oc-3e">
         <name>.debug_info</name>
         <load_address>0x8f24</load_address>
         <run_address>0x8f24</run_address>
         <size>0x1df0</size>
         <input_file_ref idref="fl-c"/>
      </object_component>
      <object_component id="oc-42">
         <name>.debug_info</name>
         <load_address>0xad14</load_address>
         <run_address>0xad14</run_address>
         <size>0x15e6</size>
         <input_file_ref idref="fl-d"/>
      </object_component>
      <object_component id="oc-46">
         <name>.debug_info</name>
         <load_address>0xc2fa</load_address>
         <run_address>0xc2fa</run_address>
         <size>0x1672</size>
         <input_file_ref idref="fl-e"/>
      </object_component>
      <object_component id="oc-4c">
         <name>.debug_info</name>
         <load_address>0xd96c</load_address>
         <run_address>0xd96c</run_address>
         <size>0x1d26</size>
         <input_file_ref idref="fl-f"/>
      </object_component>
      <object_component id="oc-54">
         <name>.debug_info</name>
         <load_address>0xf692</load_address>
         <run_address>0xf692</run_address>
         <size>0x785</size>
         <input_file_ref idref="fl-10"/>
      </object_component>
      <object_component id="oc-5b">
         <name>.debug_info</name>
         <load_address>0xfe17</load_address>
         <run_address>0xfe17</run_address>
         <size>0xf8</size>
         <input_file_ref idref="fl-11"/>
      </object_component>
      <object_component id="oc-62">
         <name>.debug_info</name>
         <load_address>0xff0f</load_address>
         <run_address>0xff0f</run_address>
         <size>0x8a7</size>
         <input_file_ref idref="fl-17"/>
      </object_component>
      <object_component id="oc-66">
         <name>.debug_info</name>
         <load_address>0x107b6</load_address>
         <run_address>0x107b6</run_address>
         <size>0x4c3</size>
         <input_file_ref idref="fl-18"/>
      </object_component>
      <object_component id="oc-6b">
         <name>.debug_info</name>
         <load_address>0x10c79</load_address>
         <run_address>0x10c79</run_address>
         <size>0x60b</size>
         <input_file_ref idref="fl-19"/>
      </object_component>
      <object_component id="oc-70">
         <name>.debug_info</name>
         <load_address>0x11284</load_address>
         <run_address>0x11284</run_address>
         <size>0xa13</size>
         <input_file_ref idref="fl-1a"/>
      </object_component>
      <object_component id="oc-75">
         <name>.debug_info</name>
         <load_address>0x11c97</load_address>
         <run_address>0x11c97</run_address>
         <size>0x9ab</size>
         <input_file_ref idref="fl-1b"/>
      </object_component>
      <object_component id="oc-7b">
         <name>.debug_info</name>
         <load_address>0x12642</load_address>
         <run_address>0x12642</run_address>
         <size>0xc67</size>
         <input_file_ref idref="fl-1c"/>
      </object_component>
      <object_component id="oc-80">
         <name>.debug_info</name>
         <load_address>0x132a9</load_address>
         <run_address>0x132a9</run_address>
         <size>0xac3</size>
         <input_file_ref idref="fl-1d"/>
      </object_component>
      <object_component id="oc-85">
         <name>.debug_info</name>
         <load_address>0x13d6c</load_address>
         <run_address>0x13d6c</run_address>
         <size>0x93b</size>
         <input_file_ref idref="fl-1e"/>
      </object_component>
      <object_component id="oc-87">
         <name>.debug_info</name>
         <load_address>0x146a7</load_address>
         <run_address>0x146a7</run_address>
         <size>0x639</size>
         <input_file_ref idref="fl-1f"/>
      </object_component>
      <object_component id="oc-8a">
         <name>.debug_info</name>
         <load_address>0x14ce0</load_address>
         <run_address>0x14ce0</run_address>
         <size>0x639</size>
         <input_file_ref idref="fl-20"/>
      </object_component>
      <object_component id="oc-8d">
         <name>.debug_info</name>
         <load_address>0x15319</load_address>
         <run_address>0x15319</run_address>
         <size>0x786</size>
         <input_file_ref idref="fl-21"/>
      </object_component>
      <object_component id="oc-91">
         <name>.debug_info</name>
         <load_address>0x15a9f</load_address>
         <run_address>0x15a9f</run_address>
         <size>0x70d</size>
         <input_file_ref idref="fl-22"/>
      </object_component>
      <object_component id="oc-95">
         <name>.debug_info</name>
         <load_address>0x161ac</load_address>
         <run_address>0x161ac</run_address>
         <size>0x639</size>
         <input_file_ref idref="fl-23"/>
      </object_component>
      <object_component id="oc-98">
         <name>.debug_info</name>
         <load_address>0x167e5</load_address>
         <run_address>0x167e5</run_address>
         <size>0x639</size>
         <input_file_ref idref="fl-24"/>
      </object_component>
      <object_component id="oc-9b">
         <name>.debug_info</name>
         <load_address>0x16e1e</load_address>
         <run_address>0x16e1e</run_address>
         <size>0x624</size>
         <input_file_ref idref="fl-25"/>
      </object_component>
      <object_component id="oc-9e">
         <name>.debug_info</name>
         <load_address>0x17442</load_address>
         <run_address>0x17442</run_address>
         <size>0x624</size>
         <input_file_ref idref="fl-26"/>
      </object_component>
      <object_component id="oc-a1">
         <name>.debug_info</name>
         <load_address>0x17a66</load_address>
         <run_address>0x17a66</run_address>
         <size>0x6e9</size>
         <input_file_ref idref="fl-27"/>
      </object_component>
      <object_component id="oc-a5">
         <name>.debug_info</name>
         <load_address>0x1814f</load_address>
         <run_address>0x1814f</run_address>
         <size>0x984</size>
         <input_file_ref idref="fl-28"/>
      </object_component>
      <object_component id="oc-a8">
         <name>.debug_info</name>
         <load_address>0x18ad3</load_address>
         <run_address>0x18ad3</run_address>
         <size>0x8d0</size>
         <input_file_ref idref="fl-29"/>
      </object_component>
      <object_component id="oc-ab">
         <name>.debug_info</name>
         <load_address>0x193a3</load_address>
         <run_address>0x193a3</run_address>
         <size>0x800</size>
         <input_file_ref idref="fl-2a"/>
      </object_component>
      <object_component id="oc-b0">
         <name>.debug_info</name>
         <load_address>0x19ba3</load_address>
         <run_address>0x19ba3</run_address>
         <size>0x88b</size>
         <input_file_ref idref="fl-2b"/>
      </object_component>
      <object_component id="oc-b3">
         <name>.debug_info</name>
         <load_address>0x1a42e</load_address>
         <run_address>0x1a42e</run_address>
         <size>0x64e</size>
         <input_file_ref idref="fl-2c"/>
      </object_component>
      <object_component id="oc-b6">
         <name>.debug_info</name>
         <load_address>0x1aa7c</load_address>
         <run_address>0x1aa7c</run_address>
         <size>0x661</size>
         <input_file_ref idref="fl-2d"/>
      </object_component>
      <object_component id="oc-b9">
         <name>.debug_info</name>
         <load_address>0x1b0dd</load_address>
         <run_address>0x1b0dd</run_address>
         <size>0x8fa</size>
         <input_file_ref idref="fl-2e"/>
      </object_component>
      <object_component id="oc-bc">
         <name>.debug_info</name>
         <load_address>0x1b9d7</load_address>
         <run_address>0x1b9d7</run_address>
         <size>0x82c</size>
         <input_file_ref idref="fl-2f"/>
      </object_component>
      <object_component id="oc-bf">
         <name>.debug_info</name>
         <load_address>0x1c203</load_address>
         <run_address>0x1c203</run_address>
         <size>0xb93</size>
         <input_file_ref idref="fl-30"/>
      </object_component>
      <object_component id="oc-c3">
         <name>.debug_info</name>
         <load_address>0x1cd96</load_address>
         <run_address>0x1cd96</run_address>
         <size>0x6a6</size>
         <input_file_ref idref="fl-31"/>
      </object_component>
      <object_component id="oc-c6">
         <name>.debug_info</name>
         <load_address>0x1d43c</load_address>
         <run_address>0x1d43c</run_address>
         <size>0x703</size>
         <input_file_ref idref="fl-32"/>
      </object_component>
      <object_component id="oc-c9">
         <name>.debug_info</name>
         <load_address>0x1db3f</load_address>
         <run_address>0x1db3f</run_address>
         <size>0xf6c</size>
[...]
         <value>0x63a8</value>
         <object_component_ref idref="oc-5e"/>
      </symbol>
      <symbol id="sm-5bf">
         <name>_DSK6713_getVersion</name>
         <value>0x63d4</value>
         <object_component_ref idref="oc-5e"/>
      </symbol>
      <symbol id="sm-5c9">
         <name>_DSK6713_DIP_init</name>
         <value>0xf220</value>
         <object_component_ref idref="oc-64"/>
      </symbol>
      <symbol id="sm-5ca">
         <name>_DSK6713_DIP_get</name>
         <value>0xf228</value>
         <object_component_ref idref="oc-64"/>
      </symbol>
      <symbol id="sm-5d6">
         <name>_DSK6713_LED_init</name>
         <value>0xae00</value>
         <object_component_ref idref="oc-68"/>
      </symbol>
      <symbol id="sm-5d7">
         <name>_DSK6713_LED_on</name>
         <value>0xaeb0</value>
         <object_component_ref idref="oc-68"/>
      </symbol>
      <symbol id="sm-5d8">
         <name>_DSK6713_LED_toggle</name>
         <value>0xaf20</value>
         <object_component_ref idref="oc-68"/>
      </symbol>
      <symbol id="sm-5d9">
         <name>_DSK6713_LED_off</name>
         <value>0xae40</value>
         <object_component_ref idref="oc-68"/>
      </symbol>
      <symbol id="sm-5e9">
         <name>_CSL6713_LIB_</name>
         <value>0xf520</value>
         <object_component_ref idref="oc-16d"/>
      </symbol>
      <symbol id="sm-5ea">
         <name>__CSL_init</name>
         <value>0xa760</value>
         <object_component_ref idref="oc-16e"/>
      </symbol>
      <symbol id="sm-5fa">
         <name>_I2C_open</name>
         <value>0xd3a0</value>
         <object_component_ref idref="oc-170"/>
      </symbol>
      <symbol id="sm-5fb">
         <name>_I2C_reset</name>
         <value>0xafe0</value>
         <object_component_ref idref="oc-179"/>
      </symbol>
      <symbol id="sm-613">
         <name>_IRQ_setVecs</name>
         <value>0xf540</value>
         <object_component_ref idref="oc-17b"/>
      </symbol>
      <symbol id="sm-614">
         <name>__IRQ_eventTable</name>
         <value>0xfd90</value>
         <object_component_ref idref="oc-79"/>
      </symbol>
      <symbol id="sm-615">
         <name>__IRQ_intTable</name>
         <value>0xfe14</value>
         <object_component_ref idref="oc-79"/>
      </symbol>
      <symbol id="sm-616">
         <name>_IRQ_map</name>
         <value>0xb1a0</value>
         <object_component_ref idref="oc-17c"/>
      </symbol>
      <symbol id="sm-617">
         <name>__IRQ_init</name>
         <value>0xe980</value>
         <object_component_ref idref="oc-177"/>
      </symbol>
      <symbol id="sm-618">
         <name>__IRQ_dispatchTable</name>
         <value>0xfe54</value>
         <object_component_ref idref="oc-79"/>
      </symbol>
      <symbol id="sm-619">
         <name>__IRQ_hookFetchPacket</name>
         <value>0xf7c0</value>
         <object_component_ref idref="oc-77"/>
      </symbol>
      <symbol id="sm-62b">
         <name>_MCBSP_reset</name>
         <value>0xb6e0</value>
         <object_component_ref idref="oc-17d"/>
      </symbol>
      <symbol id="sm-62c">
         <name>_MCBSP_open</name>
         <value>0xd4a0</value>
         <object_component_ref idref="oc-173"/>
      </symbol>
      <symbol id="sm-62d">
         <name>__MCBSP_hDev0</name>
         <value>0xff6c</value>
         <object_component_ref idref="oc-7e"/>
      </symbol>
      <symbol id="sm-62e">
         <name>__MCBSP_hDev1</name>
         <value>0xff70</value>
         <object_component_ref idref="oc-7e"/>
      </symbol>
      <symbol id="sm-62f">
         <name>_MCBSP_start</name>
         <value>0xd5a0</value>
         <object_component_ref idref="oc-174"/>
      </symbol>
      <symbol id="sm-63f">
         <name>_TIMER_reset</name>
         <value>0xcc00</value>
         <object_component_ref idref="oc-18b"/>
      </symbol>
      <symbol id="sm-640">
         <name>_TIMER_open</name>
         <value>0xc100</value>
         <object_component_ref idref="oc-178"/>
      </symbol>
      <symbol id="sm-641">
         <name>__TIMER_hDev0</name>
         <value>0xffdc</value>
         <object_component_ref idref="oc-83"/>
      </symbol>
      <symbol id="sm-642">
         <name>__TIMER_hDev1</name>
         <value>0xffe0</value>
         <object_component_ref idref="oc-83"/>
      </symbol>
      <symbol id="sm-643">
         <name>__TIMER_hBios</name>
         <value>0xffe4</value>
         <object_component_ref idref="oc-83"/>
      </symbol>
      <symbol id="sm-644">
         <name>__TIMER_deviceTable</name>
         <value>0xffc4</value>
         <object_component_ref idref="oc-83"/>
      </symbol>
      <symbol id="sm-64e">
         <name>__addd</name>
         <value>0xf560</value>
         <object_component_ref idref="oc-192"/>
      </symbol>
      <symbol id="sm-658">
         <name>__addf</name>
         <value>0xf580</value>
         <object_component_ref idref="oc-186"/>
      </symbol>
      <symbol id="sm-664">
         <name>__abort_msg</name>
         <value>0xefa0</value>
         <object_component_ref idref="oc-199"/>
      </symbol>
      <symbol id="sm-670">
         <name>_c_int00</name>
         <value>0xf120</value>
         <object_component_ref idref="oc-e"/>
      </symbol>
      <symbol id="sm-671">
         <name>__stack</name>
         <value>0x10020</value>
         <object_component_ref idref="oc-92"/>
      </symbol>
      <symbol id="sm-67b">
         <name>__cmpd</name>
         <value>0xf5a0</value>
         <object_component_ref idref="oc-19c"/>
      </symbol>
      <symbol id="sm-685">
         <name>__cmpf</name>
         <value>0xf5c0</value>
         <object_component_ref idref="oc-198"/>
      </symbol>
      <symbol id="sm-68f">
         <name>__cvtdf</name>
         <value>0xf5e0</value>
         <object_component_ref idref="oc-193"/>
      </symbol>
      <symbol id="sm-699">
         <name>__cvtfd</name>
         <value>0xf600</value>
         <object_component_ref idref="oc-18f"/>
      </symbol>
      <symbol id="sm-6a3">
         <name>__tmpnams</name>
         <value>0xf9e0</value>
         <object_component_ref idref="oc-a3"/>
      </symbol>
      <symbol id="sm-6a4">
         <name>__ft_end</name>
         <value>0xfb20</value>
         <object_component_ref idref="oc-a3"/>
      </symbol>
      <symbol id="sm-6a5">
         <name>__ftable</name>
         <value>0xf800</value>
         <object_component_ref idref="oc-a3"/>
      </symbol>
      <symbol id="sm-6af">
         <name>__divd</name>
         <value>0x3c60</value>
         <object_component_ref idref="oc-196"/>
      </symbol>
      <symbol id="sm-6b9">
         <name>__divf</name>
         <value>0x85a0</value>
         <object_component_ref idref="oc-184"/>
      </symbol>
      <symbol id="sm-6c9">
         <name>C$$EXIT</name>
         <value>0xf780</value>
         <object_component_ref idref="oc-167"/>
      </symbol>
      <symbol id="sm-6ca">
         <name>_exit</name>
         <value>0xe3e0</value>
         <object_component_ref idref="oc-157"/>
      </symbol>
      <symbol id="sm-6cb">
         <name>___TI_enable_exit_profile_output</name>
         <value>0xfff0</value>
         <object_component_ref idref="oc-ad"/>
      </symbol>
      <symbol id="sm-6cc">
         <name>_abort</name>
         <value>0xf780</value>
         <object_component_ref idref="oc-167"/>
      </symbol>
      <symbol id="sm-6cd">
         <name>__cleanup_ptr</name>
         <value>0xffe8</value>
         <object_component_ref idref="oc-ad"/>
      </symbol>
      <symbol id="sm-6ce">
         <name>__dtors_ptr</name>
         <value>0xffec</value>
         <object_component_ref idref="oc-ad"/>
      </symbol>
      <symbol id="sm-6da">
         <name>__doflush</name>
         <value>0xe060</value>
         <object_component_ref idref="oc-1a8"/>
      </symbol>
      <symbol id="sm-6db">
         <name>_fflush</name>
         <value>0xc600</value>
         <object_component_ref idref="oc-1a1"/>
      </symbol>
      <symbol id="sm-6e5">
         <name>__fixfi</name>
         <value>0xeac0</value>
         <object_component_ref idref="oc-188"/>
      </symbol>
      <symbol id="sm-6ef">
         <name>__fltif</name>
         <value>0xf300</value>
         <object_component_ref idref="oc-183"/>
      </symbol>
      <symbol id="sm-6fd">
         <name>_fprintf</name>
         <value>0xcf60</value>
         <object_component_ref idref="oc-19d"/>
      </symbol>
      <symbol id="sm-707">
         <name>_putc</name>
         <value>0x9980</value>
         <object_component_ref idref="oc-1aa"/>
      </symbol>
      <symbol id="sm-708">
         <name>_fputc</name>
         <value>0x9980</value>
         <object_component_ref idref="oc-1aa"/>
      </symbol>
      <symbol id="sm-714">
         <name>_fputs</name>
         <value>0x5b00</value>
         <object_component_ref idref="oc-1a9"/>
      </symbol>
      <symbol id="sm-71e">
         <name>__frcmpyd_div</name>
         <value>0xc240</value>
         <object_component_ref idref="oc-1a0"/>
      </symbol>
      <symbol id="sm-72a">
         <name>__llshl</name>
         <value>0xf0a0</value>
         <object_component_ref idref="oc-1d4"/>
      </symbol>
      <symbol id="sm-72b">
         <name>__llshru</name>
         <value>0xf360</value>
         <object_component_ref idref="oc-19f"/>
      </symbol>
      <symbol id="sm-743">
         <name>_unlink</name>
         <value>0xede0</value>
         <object_component_ref idref="oc-1d6"/>
      </symbol>
      <symbol id="sm-744">
         <name>_lseek</name>
         <value>0xdba0</value>
         <object_component_ref idref="oc-1c1"/>
      </symbol>
      <symbol id="sm-745">
         <name>_close</name>
         <value>0xce40</value>
         <object_component_ref idref="oc-1d0"/>
      </symbol>
      <symbol id="sm-746">
         <name>_write</name>
         <value>0xdda0</value>
         <object_component_ref idref="oc-1af"/>
      </symbol>
      <symbol id="sm-750">
         <name>_memcpy</name>
         <value>0xa300</value>
         <object_component_ref idref="oc-158"/>
      </symbol>
      <symbol id="sm-766">
         <name>__sys_memory</name>
         <value>0x12000</value>
         <object_component_ref idref="oc-d4"/>
      </symbol>
      <symbol id="sm-767">
         <name>_free</name>
         <value>0x7800</value>
         <object_component_ref idref="oc-18e"/>
      </symbol>
      <symbol id="sm-768">
         <name>_malloc</name>
         <value>0xa0c0</value>
         <object_component_ref idref="oc-18d"/>
      </symbol>
      <symbol id="sm-772">
         <name>__mpyd</name>
         <value>0xf620</value>
         <object_component_ref idref="oc-191"/>
      </symbol>
      <symbol id="sm-77c">
         <name>__mpyf</name>
         <value>0xf640</value>
         <object_component_ref idref="oc-185"/>
      </symbol>
      <symbol id="sm-786">
         <name>__mpyll</name>
         <value>0xeb60</value>
         <object_component_ref idref="oc-1a7"/>
      </symbol>
      <symbol id="sm-790">
         <name>__negf</name>
         <value>0xf660</value>
         <object_component_ref idref="oc-195"/>
      </symbol>
      <symbol id="sm-79e">
         <name>_printf</name>
         <value>0xdca0</value>
         <object_component_ref idref="oc-19e"/>
      </symbol>
      <symbol id="sm-7ac">
         <name>_rand</name>
         <value>0xe8c0</value>
         <object_component_ref idref="oc-182"/>
      </symbol>
      <symbol id="sm-7b4">
         <name>__remi</name>
         <value>0xdaa0</value>
         <object_component_ref idref="oc-181"/>
      </symbol>
      <symbol id="sm-7b5">
         <name>__c6xabi_remi</name>
         <value>0xdaa0</value>
         <object_component_ref idref="oc-181"/>
      </symbol>
      <symbol id="sm-7bf">
         <name>_sqrt</name>
         <value>0xc880</value>
         <object_component_ref idref="oc-197"/>
      </symbol>
      <symbol id="sm-7c9">
         <name>__c6xabi_strasgi</name>
         <value>0xc380</value>
         <object_component_ref idref="oc-168"/>
      </symbol>
      <symbol id="sm-7ca">
         <name>__strasg</name>
         <value>0xe300</value>
         <object_component_ref idref="oc-15b"/>
      </symbol>
      <symbol id="sm-7cb">
         <name>__strasgi</name>
         <value>0xc380</value>
         <object_component_ref idref="oc-168"/>
      </symbol>
      <symbol id="sm-7d5">
         <name>__subd</name>
         <value>0xf740</value>
         <object_component_ref idref="oc-190"/>
      </symbol>
      <symbol id="sm-7df">
         <name>__subf</name>
         <value>0xf760</value>
         <object_component_ref idref="oc-187"/>
      </symbol>
      <symbol id="sm-7f7">
         <name>_HOSTopen</name>
         <value>0xc9c0</value>
         <object_component_ref idref="oc-15c"/>
      </symbol>
      <symbol id="sm-7f8">
         <name>_HOSTread</name>
         <value>0xbfc0</value>
         <object_component_ref idref="oc-15e"/>
      </symbol>
      <symbol id="sm-7f9">
         <name>_HOSTrename</name>
         <value>0xa540</value>
         <object_component_ref idref="oc-162"/>
      </symbol>
      <symbol id="sm-7fa">
         <name>_HOSTwrite</name>
         <value>0xcae0</value>
         <object_component_ref idref="oc-15f"/>
      </symbol>
      <symbol id="sm-7fb">
         <name>_HOSTlseek</name>
         <value>0xbbc0</value>
         <object_component_ref idref="oc-160"/>
      </symbol>
      <symbol id="sm-7fc">
         <name>_HOSTunlink</name>
         <value>0xd2a0</value>
         <object_component_ref idref="oc-161"/>
      </symbol>
      <symbol id="sm-7fd">
         <name>_HOSTclose</name>
         <value>0xd1a0</value>
         <object_component_ref idref="oc-15d"/>
      </symbol>
      <symbol id="sm-80b">
         <name>C$$IO$$</name>
         <value>0xeef8</value>
         <object_component_ref idref="oc-16b"/>
      </symbol>
      <symbol id="sm-80c">
         <name>__CIOBUF_</name>
         <value>0x28238</value>
         <object_component_ref idref="oc-ff"/>
      </symbol>
      <symbol id="sm-80d">
         <name>_readmsg</name>
         <value>0xeca0</value>
         <object_component_ref idref="oc-16c"/>
      </symbol>
      <symbol id="sm-80e">
         <name>_writemsg</name>
         <value>0xee80</value>
         <object_component_ref idref="oc-16b"/>
      </symbol>
      <symbol id="sm-818">
         <name>__wrt_ok</name>
         <value>0xcd20</value>
         <object_component_ref idref="oc-1b0"/>
      </symbol>
      <symbol id="sm-826">
         <name>__unlock</name>
         <value>0xfff8</value>
         <object_component_ref idref="oc-107"/>
      </symbol>
      <symbol id="sm-827">
         <name>__lock</name>
         <value>0xfff4</value>
         <object_component_ref idref="oc-107"/>
      </symbol>
      <symbol id="sm-828">
         <name>__nop</name>
         <value>0xf6a0</value>
         <object_component_ref idref="oc-163"/>
      </symbol>
      <symbol id="sm-858">
         <name>__printfi</name>
         <value>0x5080</value>
         <object_component_ref idref="oc-1a4"/>
      </symbol>
      <symbol id="sm-862">
         <name>__args_main</name>
         <value>0xf4c0</value>
         <object_component_ref idref="oc-156"/>
      </symbol>
      <symbol id="sm-863">
         <name>__TI_args_main</name>
         <value>0x1</value>
      </symbol>
      <symbol id="sm-86d">
         <name>_atoi</name>
         <value>0xc4c0</value>
         <object_component_ref idref="oc-1b2"/>
      </symbol>
      <symbol id="sm-877">
         <name>__auto_init</name>
         <value>0xd6a0</value>
         <object_component_ref idref="oc-155"/>
      </symbol>
      <symbol id="sm-881">
         <name>___TI_cpp_init</name>
         <value>0xef20</value>
         <object_component_ref idref="oc-165"/>
      </symbol>
      <symbol id="sm-88b">
         <name>_copy_in</name>
         <value>0xe740</value>
         <object_component_ref idref="oc-164"/>
      </symbol>
      <symbol id="sm-893">
         <name>__ctypes_</name>
         <value>0x28000</value>
         <object_component_ref idref="oc-1b8"/>
      </symbol>
      <symbol id="sm-89b">
         <name>__c6xabi_divu</name>
         <value>0xe680</value>
         <object_component_ref idref="oc-1cd"/>
      </symbol>
      <symbol id="sm-89c">
         <name>__divu</name>
         <value>0xe680</value>
         <object_component_ref idref="oc-1cd"/>
      </symbol>
      <symbol id="sm-8a6">
         <name>_errno</name>
         <value>0x10004</value>
         <object_component_ref idref="oc-124"/>
      </symbol>
      <symbol id="sm-8b0">
         <name>__fixdli</name>
         <value>0xea20</value>
         <object_component_ref idref="oc-1ca"/>
      </symbol>
      <symbol id="sm-8ba">
         <name>__fltlid</name>
         <value>0xf020</value>
         <object_component_ref idref="oc-1cc"/>
      </symbol>
      <symbol id="sm-8c4">
         <name>_fseek</name>
         <value>0xb360</value>
         <object_component_ref idref="oc-1b6"/>
      </symbol>
      <symbol id="sm-8d2">
         <name>__divul</name>
         <value>0x9c20</value>
         <object_component_ref idref="oc-1ce"/>
      </symbol>
      <symbol id="sm-8d3">
         <name>__remli</name>
         <value>0xec00</value>
         <object_component_ref idref="oc-1d2"/>
      </symbol>
      <symbol id="sm-8d4">
         <name>__divli</name>
         <value>0xd8a0</value>
         <object_component_ref idref="oc-1d3"/>
      </symbol>
      <symbol id="sm-8e0">
         <name>__subcull</name>
         <value>0xf3c0</value>
         <object_component_ref idref="oc-1d5"/>
      </symbol>
      <symbol id="sm-8e1">
         <name>__divull</name>
         <value>0x7480</value>
         <object_component_ref idref="oc-1cf"/>
      </symbol>
      <symbol id="sm-8eb">
         <name>___isinf</name>
         <value>0xf2a0</value>
         <object_component_ref idref="oc-1ba"/>
      </symbol>
      <symbol id="sm-8f5">
         <name>_ltoa</name>
         <value>0xc740</value>
         <object_component_ref idref="oc-1cb"/>
      </symbol>
      <symbol id="sm-8ff">
         <name>_memccpy</name>
         <value>0xf1a0</value>
         <object_component_ref idref="oc-1b5"/>
      </symbol>
      <symbol id="sm-909">
         <name>_memset</name>
         <value>0xd080</value>
         <object_component_ref idref="oc-1b1"/>
      </symbol>
      <symbol id="sm-913">
         <name>__negll</name>
         <value>0xf680</value>
         <object_component_ref idref="oc-1bf"/>
      </symbol>
      <symbol id="sm-91d">
         <name>_setvbuf</name>
         <value>0x9420</value>
         <object_component_ref idref="oc-1b7"/>
      </symbol>
      <symbol id="sm-932">
         <name>__cleanup</name>
         <value>0xdf80</value>
         <object_component_ref idref="oc-1c2"/>
      </symbol>
      <symbol id="sm-93c">
         <name>__closefile</name>
         <value>0xbd20</value>
         <object_component_ref idref="oc-1c9"/>
      </symbol>
      <symbol id="sm-946">
         <name>_remove</name>
         <value>0xf7a0</value>
         <object_component_ref idref="oc-1d1"/>
      </symbol>
   </symbol_table>
</link_info>
