******************************************************************************
               TMS320C6x Linker PC v7.4.11                     
******************************************************************************
>> Linked Fri Jan 16 21:44:18 2015

OUTPUT FILE NAME:   <mcbsp1.out>
ENTRY POINT SYMBOL: "_c_int00"  address: 0000ef40


MEMORY CONFIGURATION

         name            origin    length      used     unused   attr    fill
----------------------  --------  ---------  --------  --------  ----  --------
  PMEM                  00000000   00011000  00010c52  000003ae  RWIX
  BMEM                  00011000   00030000  0000147e  0002eb82  RWIX


SECTION ALLOCATION MAP

 output                                  attributes/
section   page    origin      length       input sections
--------  ----  ----------  ----------   ----------------
.text      0    00000000    0000f500     
                  00000000    00001260     gpcregler.obj (.text)
                  00001260    00000c00     ident.obj (.text)
                  00001e60    00000bc0     lumatrixinv.obj (.text)
                  00002a20    00000b00     MatrixVectorOp.obj (.text)
                  00003520    00000980     MainLoop_Helper.obj (.text)
                  00003ea0    00000720     rts6700.lib : divd.obj (.text:__divd)
                  000045c0    000006c0                 : _printfi.obj (.text:__getarg_diouxp)
                  00004c80    00000640                 : _printfi.obj (.text:__setfield)
                  000052c0    00000560                 : _printfi.obj (.text:__printfi)
                  00005820    00000520     Command_Utility.obj (.text)
                  00005d40    000004c0     rts6700.lib : fputs.obj (.text:_fputs)
                  00006200    00000480     dsk6713bsl.lib : dsk6713.obj (.text)
                  00006680    00000420     rts6700.lib : _printfi.obj (.text:_fcvt)
                  00006aa0    00000420     main.obj (.text)
                  00006ec0    00000400     rts6700.lib : _printfi.obj (.text:__pproc_fge)
                  000072c0    00000400                 : _printfi.obj (.text:_ecvt)
                  000076c0    000003a0     main.obj (.text:retain)
                  00007a60    00000380     rts6700.lib : imath64.obj (.text:__divull)
                  00007de0    00000380                 : memory.obj (.text:_free)
                  00008160    00000360                 : _printfi.obj (.text:__pconv_e)
                  000084c0    00000360                 : _printfi.obj (.text:__pproc_fwp)
                  00008820    00000360     enkoder.obj (.text)
                  00008b80    00000300     rts6700.lib : _printfi.obj (.text:__pproc_diouxp)
                  00008e80    000002c0     DAC7716.obj (.text)
                  00009140    000002c0     rts6700.lib : _printfi.obj (.text:__pproc_str)
                  00009400    000002c0                 : setvbuf.obj (.text:_setvbuf)
                  000096c0    000002a0                 : _printfi.obj (.text:__pconv_g)
                  00009960    000002a0                 : fputc.obj (.text:_fputc)
                  00009c00    00000260                 : imath40.obj (.text:__divul)
                  00009e60    00000240                 : _printfi.obj (.text:__mcpy)
                  0000a0a0    00000240                 : memory.obj (.text:_malloc)
                  0000a2e0    00000240                 : memcpy62.obj (.text:_memcpy)
                  0000a520    00000220                 : trgdrv.obj (.text:_HOSTrename)
                  0000a740    00000220     csl6713.lib : csl.obj (.text:__CSL_init)
                  0000a960    000001e0     rts6700.lib : lowlev.obj (.text:_getdevice)
                  0000ab40    000000c0                 : divu.obj (.text:__divu)
                  0000ac00    00000200     vecs_irq.obj (.text:vecs)
                  0000ae00    000001e0     dsk6713bsl.lib : dsk6713_led.obj (.text)
                  0000afe0    000001c0     csl6713.lib : csl_i2c.obj (.text:_I2C_reset)
                  0000b1a0    000001c0                 : csl_irq.obj (.text:_IRQ_map)
                  0000b360    000001c0     rts6700.lib : fseek.obj (.text:_fseek)
                  0000b520    000001c0     csl6713.lib : csl_irq.obj (.text:_mux2Tables)
                  0000b6e0    000001a0                 : csl_mcbsp.obj (.text:_MCBSP_reset)
                  0000b880    000001a0     rts6700.lib : _printfi.obj (.text:__ltostr)
                  0000ba20    000001a0                 : _printfi.obj (.text:__pproc_fflags)
                  0000bbc0    00000160                 : trgdrv.obj (.text:_HOSTlseek)
                  0000bd20    00000160                 : fclose.obj (.text:__closefile)
                  0000be80    00000140     I2C_Utility.obj (.text)
                  0000bfc0    00000140     rts6700.lib : trgdrv.obj (.text:_HOSTread)
                  0000c100    00000140     csl6713.lib : csl_timer.obj (.text:_TIMER_open)
                  0000c240    00000140     rts6700.lib : frcmpyd_div.obj (.text:__frcmpyd_div)
                  0000c380    00000140                 : strasg.obj (.text:__strasgi)
                  0000c4c0    00000140                 : atoi.obj (.text:_atoi)
                  0000c600    00000140                 : fflush.obj (.text:_fflush)
                  0000c740    00000140                 : ltoa.obj (.text:_ltoa)
                  0000c880    00000140                 : sqrt.obj (.text:_sqrt)
                  0000c9c0    00000120                 : trgdrv.obj (.text:_HOSTopen)
                  0000cae0    00000120                 : trgdrv.obj (.text:_HOSTwrite)
                  0000cc00    00000120     csl6713.lib : csl_timer.obj (.text:_TIMER_reset)
                  0000cd20    00000120     rts6700.lib : _io_perm.obj (.text:__wrt_ok)
                  0000ce40    00000120                 : lowlev.obj (.text:_close)
                  0000cf60    00000120                 : fprintf.obj (.text:_fprintf)
                  0000d080    00000120                 : memset.obj (.text:_memset)
                  0000d1a0    00000100                 : trgdrv.obj (.text:_HOSTclose)
                  0000d2a0    00000100                 : trgdrv.obj (.text:_HOSTunlink)
                  0000d3a0    00000100     csl6713.lib : csl_i2c.obj (.text:_I2C_open)
                  0000d4a0    00000100                 : csl_mcbsp.obj (.text:_MCBSP_open)
                  0000d5a0    00000100                 : csl_mcbsp.obj (.text:_MCBSP_start)
                  0000d6a0    00000100     rts6700.lib : autoinit.obj (.text:__auto_init)
                  0000d7a0    00000100                 : _printfi.obj (.text:__div)
                  0000d8a0    00000100                 : imath40.obj (.text:__divli)
                  0000d9a0    00000100                 : _printfi.obj (.text:__pconv_f)
                  0000daa0    00000100                 : lowlev.obj (.text:_lseek)
                  0000dba0    00000100                 : printf.obj (.text:_printf)
                  0000dca0    00000100                 : lowlev.obj (.text:_write)
                  0000dda0    000000e0     IRQ_Utility.obj (.text)
                  0000de80    000000e0     rts6700.lib : fopen.obj (.text:__cleanup)
                  0000df60    000000e0                 : fflush.obj (.text:__doflush)
                  0000e040    000000e0                 : _printfi.obj (.text:__ecpy)
                  0000e120    000000e0                 : _printfi.obj (.text:__fcpy)
                  0000e200    000000e0                 : strasg.obj (.text:__strasg)
                  0000e2e0    000000e0                 : exit.obj (.text:_exit)
                  0000e3c0    000000e0                 : memory.obj (.text:_minsert)
                  0000e4a0    000000e0                 : memory.obj (.text:_mremove)
                  0000e580    000000c0                 : cpy_tbl.obj (.text:_copy_in)
                  0000e640    000000c0                 : lowlev.obj (.text:_finddevice)
                  0000e700    000000a0     McBSP_Utility.obj (.text)
                  0000e7a0    000000a0     csl6713.lib : csl_irq.obj (.text:__IRQ_init)
                  0000e840    000000a0     rts6700.lib : fixdi.obj (.text:__fixdi)
                  0000e8e0    000000a0                 : fixdli.obj (.text:__fixdli)
                  0000e980    000000a0                 : mpyll.obj (.text:__mpyll)
                  0000ea20    000000a0                 : imath40.obj (.text:__remli)
                  0000eac0    000000a0                 : trgmsg.obj (.text:_readmsg)
                  0000eb60    000000a0     csl6713.lib : csl_irq.obj (.text:_setMux)
                  0000ec00    000000a0     rts6700.lib : lowlev.obj (.text:_unlink)
                  0000eca0    000000a0                 : trgmsg.obj (.text:_writemsg)
                  0000ed40    00000080                 : cpp_init.obj (.text:___TI_cpp_init)
                  0000edc0    00000080                 : assert.obj (.text:__abort_msg)
                  0000ee40    00000080                 : fltlid.obj (.text:__fltlid)
                  0000eec0    00000080                 : llshift.obj (.text:__llshl)
                  0000ef40    00000080                 : boot.obj (.text:_c_int00)
                  0000efc0    00000080                 : memccpy.obj (.text:_memccpy)
                  0000f040    00000080     dsk6713bsl.lib : dsk6713_dip.obj (.text)
                  0000f0c0    00000060     rts6700.lib : isinf.obj (.text:___isinf)
                  0000f120    00000060                 : fltid.obj (.text:__fltid)
                  0000f180    00000060                 : llshift.obj (.text:__llshru)
                  0000f1e0    00000060                 : imath64.obj (.text:__subcull)
                  0000f240    00000040                 : _printfi.obj (.text:___isnan)
                  0000f280    00000040                 : args_main.obj (.text:__args_main)
                  0000f2c0    00000020     CPLD.obj (.text)
                  0000f2e0    00000020     csl6713.lib : csl.obj (.text:_CSL6713_LIB_)
                  0000f300    00000020                 : csl_irq.obj (.text:_IRQ_setVecs)
                  0000f320    00000020     rts6700.lib : addd.obj (.text:__addd)
                  0000f340    00000020                 : cmpd.obj (.text:__cmpd)
                  0000f360    00000020                 : mpyd.obj (.text:__mpyd)
                  0000f380    00000020                 : negd.obj (.text:__negd)
                  0000f3a0    00000020                 : negll.obj (.text:__negll)
                  0000f3c0    00000020                 : _lock.obj (.text:__nop)
                  0000f3e0    00000020                 : fprintf.obj (.text:__outc)
                  0000f400    00000020                 : printf.obj (.text:__outc)
                  0000f420    00000020                 : fprintf.obj (.text:__outs)
                  0000f440    00000020                 : printf.obj (.text:__outs)
                  0000f460    00000020                 : subd.obj (.text:__subd)
                  0000f480    00000020                 : exit.obj (.text:_abort)
                  0000f4a0    00000020                 : remove.obj (.text:_remove)
                  0000f4c0    00000020     csl6713.lib : csl_irq.obj (.text)
                  0000f4e0    00000020     vecs_irq.obj (.text)

.far       0    0000f500    0000087e     UNINITIALIZED
                  0000f500    00000324     rts6700.lib : defs.obj (.far)
                  0000f824    00000004                 : errno.obj (.far)
                  0000f828    00000168     MainLoop_Helper.obj (.far)
                  0000f990    0000011c     rts6700.lib : lowlev.obj (.far)
                  0000faac    00000004                 : fopen.obj (.far)
                  0000fab0    00000106     main.obj (.far)
                  0000fbb6    00000002     dsk6713bsl.lib : dsk6713.obj (.far)
                  0000fbb8    000000f4     csl6713.lib : csl_irq.obj (.far)
                  0000fcac    00000038                 : csl_mcbsp.obj (.far)
                  0000fce4    00000028                 : csl.obj (.far)
                  0000fd0c    00000028                 : csl_i2c.obj (.far)
                  0000fd34    00000024                 : csl_timer.obj (.far)
                  0000fd58    0000000c     rts6700.lib : exit.obj (.far)
                  0000fd64    00000008                 : _lock.obj (.far)
                  0000fd6c    00000008                 : memory.obj (.far)
                  0000fd74    00000008                 : trgdrv.obj (.far)
                  0000fd7c    00000002     dsk6713bsl.lib : dsk6713_led.obj (.far)

.stack     0    0000fd80    00000800     UNINITIALIZED
                  0000fd80    00000008     rts6700.lib : boot.obj (.stack)
                  0000fd88    000007f8     --HOLE--

.cinit     0    00010580    000006d4     
                  00010580    0000015c     DAC7716.obj (.cinit)
                  000106dc    00000004     --HOLE-- [fill = 0]
                  000106e0    00000154     main.obj (.cinit)
                  00010834    00000004     --HOLE-- [fill = 0]
                  00010838    0000012c     csl6713.lib : csl_irq.obj (.cinit)
                  00010964    00000004     --HOLE-- [fill = 0]
                  00010968    0000005c     MainLoop_Helper.obj (.cinit)
                  000109c4    00000004     --HOLE-- [fill = 0]
                  000109c8    0000005c     rts6700.lib : defs.obj (.cinit)
                  00010a24    00000004     --HOLE-- [fill = 0]
                  00010a28    0000005c                 : lowlev.obj (.cinit)
                  00010a84    00000004     --HOLE-- [fill = 0]
                  00010a88    00000054     csl6713.lib : csl_mcbsp.obj (.cinit)
                  00010adc    00000004     --HOLE-- [fill = 0]
                  00010ae0    0000004c                 : csl_timer.obj (.cinit)
                  00010b2c    00000004     --HOLE-- [fill = 0]
                  00010b30    0000003c                 : csl.obj (.cinit)
                  00010b6c    00000004     --HOLE-- [fill = 0]
                  00010b70    00000030                 : csl_i2c.obj (.cinit)
                  00010ba0    0000002c     rts6700.lib : exit.obj (.cinit)
                  00010bcc    00000004     --HOLE-- [fill = 0]
                  00010bd0    0000002c                 : memory.obj (.cinit)
                  00010bfc    00000004     --HOLE-- [fill = 0]
                  00010c00    0000001c                 : _lock.obj (.cinit)
                  00010c1c    00000004     --HOLE-- [fill = 0]
                  00010c20    0000000c                 : errno.obj (.cinit)
                  00010c2c    00000004     --HOLE-- [fill = 0]
                  00010c30    0000000c                 : fopen.obj (.cinit)
                  00010c3c    00000004     --HOLE-- [fill = 0]
                  00010c40    0000000c     timer.obj (.cinit)
                  00010c4c    00000004     --HOLE-- [fill = 0]
                  00010c50    00000004     (.pad.cinit) [fill = 0]

.data      0    00011000    00000000     UNINITIALIZED

.sysmem    0    00011000    00001000     UNINITIALIZED
                  00011000    00000008     rts6700.lib : memory.obj (.sysmem)
                  00011008    00000ff8     --HOLE--

.const     0    00012000    0000023e     
                  00012000    00000101     rts6700.lib : ctype.obj (.const:.string:__ctypes_)
                  00012101    00000003                 : assert.obj (.const:.string)
                  00012104    00000080     MatrixVectorOp.obj (.const:.string)
                  00012184    00000040     I2C_Utility.obj (.const)
                  000121c4    0000002c     lumatrixinv.obj (.const:.string)
                  000121f0    00000023     rts6700.lib : _printfi.obj (.const:.string)
                  00012213    00000001     --HOLE-- [fill = 0]
                  00012214    00000020     dsk6713bsl.lib : dsk6713.obj (.const)
                  00012234    00000008     Command_Utility.obj (.const:.string)
                  0001223c    00000002     rts6700.lib : fputs.obj (.const:.string)

.cio       0    00012240    00000120     UNINITIALIZED
                  00012240    00000120     rts6700.lib : trgmsg.obj (.cio)

.bss       0    00012360    000000e0     UNINITIALIZED
                  00012360    00000058     DAC7716.obj (.bss)
                  000123b8    0000004c     main.obj (.bss)
                  00012404    00000030     MainLoop_Helper.obj (.bss)
                  00012434    0000000c     timer.obj (.bss)

.switch    0    00012440    00000040     
                  00012440    00000030     Command_Utility.obj (.switch:_AnalyzeCommands)
                  00012470    00000010     DAC7716.obj (.switch:_DAC_Prepare_EDMA)


GLOBAL SYMBOLS: SORTED ALPHABETICALLY BY Name 

address    name
--------   ----
00012360   $bss
00012360   .bss
00011000   .data
00000000   .text
0000f480   C$$EXIT
0000ed18   C$$IO$$
000123d0   _ADCCounter
00005c4c   _AnalyzeCommands
0000f2c0   _CPLD_WriteMisc
0000f2e0   _CSL6713_LIB_
00000b7c   _CalcArixOutput
000010d0   _CalcArxOutput
0000064c   _CalcClearArx
00000804   _CalcQT
00000490   _CalcRefModelOutput
00000ef0   _CalculateGPC
00001524   _CalculateIdent
00005b3c   _CommandEngine
00005b28   _Copy16Bit
00005acc   _CopyString
000090f0   _DAC_Fill_Values_With_Zeros
00008fd0   _DAC_Prepare_EDMA
00008e9c   _DAC_Prepare_Frame
00008e80   _DAC_Update_Channel_To_Send
0000f048   _DSK6713_DIP_get
0000f040   _DSK6713_DIP_init
0000ae00   _DSK6713_LED_init
0000ae40   _DSK6713_LED_off
0000aeb0   _DSK6713_LED_on
0000af20   _DSK6713_LED_toggle
00006614   _DSK6713_getVersion
0000624c   _DSK6713_init
00006568   _DSK6713_rget
0000657c   _DSK6713_rset
0000fbb6   _DSK6713_version
00006590   _DSK6713_wait
000065e8   _DSK6713_waitusec
00005a64   _DownloadCommand
0000fae0   _EncMeasurement
00008af0   _Enc_Are_Both_Enc_Fresh
00008aa0   _Enc_Compute_Values
00008a00   _Enc_Fill_With_Zeros
00003a7c   _Enc_PrepareFreshOutput
0000588c   _Enc_ReadEnc
000089c0   _Enc_Refresh_Bytes
00003a54   _Enc_SendOrder
00008974   _Enc_Unfresh_All
00003988   _Enc_WaitForFreshInput
00008920   _Encoder_Are_Bytes_Fresh
000088ac   _Encoder_Compute_Value
00008834   _Encoder_Fill_With_Zeros
00008820   _Encoder_Unfresh
000003b4   _FillQ
00000150   _GPC_Constructor
00000000   _GPC_Destructor
0000d1a0   _HOSTclose
0000bbc0   _HOSTlseek
0000c9c0   _HOSTopen
0000bfc0   _HOSTread
0000a520   _HOSTrename
0000d2a0   _HOSTunlink
0000cae0   _HOSTwrite
0000bf54   _I2C_InterruptsRoutine
0000bee0   _I2C_PrepareMasterConfigStruct
0000be80   _I2C_PrepareSlaveConfigStruct
0000bf90   _I2C_Send_Polling
0000d3a0   _I2C_open
0000afe0   _I2C_reset
0000b1a0   _IRQ_map
0000f300   _IRQ_setVecs
0000130c   _IdentObj_Constructor
00001260   _IdentObj_Destructor
00006b1c   _Initialize
00006aa0   _Intialize_Chipset
0000d4a0   _MCBSP_open
0000b6e0   _MCBSP_reset
0000d5a0   _MCBSP_start
000038e8   _ML_CheckSwitch
00003474   _MatrixMult
00003284   _MatrixMultptr
0000fb40   _Parametry1
0000fb48   _Parametry2
0000e750   _Polling_Single_Receive
0000e700   _Polling_Transmit
00003520   _PrepareGPC
000058bc   _ProcessReceivedData
00005820   _RemoveCompletedCommand
0000c100   _TIMER_open
0000cc00   _TIMER_reset
00006e7c   _TimerEventHandler
000123ec   _Wzad_pion
000123ee   _Wzad_poziom
000123e8   _WzmocnienieCalki
000123e4   _WzmocnienieRegulatoraP
00012240   __CIOBUF_
0000a740   __CSL_init
0000fca4   __IRQ_dispatchTable
0000fbe0   __IRQ_eventTable
0000f4c0   __IRQ_hookFetchPacket
0000e7a0   __IRQ_init
0000fc64   __IRQ_intTable
0000fcdc   __MCBSP_hDev0
0000fce0   __MCBSP_hDev1
00010580   __STACK_END
00000800   __STACK_SIZE
00001000   __SYSMEM_SIZE
0000fd34   __TIMER_deviceTable
0000fd54   __TIMER_hBios
0000fd4c   __TIMER_hDev0
0000fd50   __TIMER_hDev1
00000001   __TI_args_main
0000ed40   ___TI_cpp_init
0000fd60   ___TI_enable_exit_profile_output
ffffffff   ___TI_pprof_out_hndl
ffffffff   ___TI_prof_data_size
ffffffff   ___TI_prof_data_start
ffffffff   ___binit__
00012360   ___bss__
ffffffff   ___c_args__
00010580   ___cinit__
00011000   ___data__
00011000   ___edata__
00012440   ___end__
0000f500   ___etext__
0000f0c0   ___isinf
ffffffff   ___pinit__
00000000   ___text__
0000edc0   __abort_msg
0000f320   __addd
0000f280   __args_main
0000d6a0   __auto_init
0000ab40   __c6xabi_divu
0000c380   __c6xabi_strasgi
0000de80   __cleanup
0000fd58   __cleanup_ptr
0000bd20   __closefile
0000f340   __cmpd
00012000   __ctypes_
00003ea0   __divd
0000d8a0   __divli
0000ab40   __divu
00009c00   __divul
00007a60   __divull
0000df60   __doflush
0000fd5c   __dtors_ptr
0000e840   __fixdi
0000e8e0   __fixdli
0000f120   __fltid
0000ee40   __fltlid
0000c240   __frcmpyd_div
0000f820   __ft_end
0000f500   __ftable
0000eec0   __llshl
0000f180   __llshru
0000fd64   __lock
0000f360   __mpyd
0000e980   __mpyll
0000f380   __negd
0000f3a0   __negll
0000f3c0   __nop
000052c0   __printfi
0000ea20   __remli
0000fd80   __stack
0000e200   __strasg
0000c380   __strasgi
0000f1e0   __subcull
0000f460   __subd
00011000   __sys_memory
0000f6e0   __tmpnams
0000fd68   __unlock
0000cd20   __wrt_ok
0000f480   _abort
0000c4c0   _atoi
0000ef40   _c_int00
00007798   _c_int09
000076c0   _c_int14
000123e0   _ce2
0000ce40   _close
0000e580   _copy_in
000123dc   _digital_output
0000de40   _enableIRQ
0000f824   _errno
0000e2e0   _exit
0000c600   _fflush
0000cf60   _fprintf
00009960   _fputc
00005d40   _fputs
00007de0   _free
000031fc   _freeMatrix
00003178   _freeMatrixV
0000b360   _fseek
000123d8   _fstart
00002fe0   _getMatrixEye
00002e64   _getMatrixEyeptr
00002d38   _getMatrixptr
0000f8f0   _identyfikatorPion
0000f940   _identyfikatorPoziom
00002804   _inverse
00012404   _kC
00012414   _kC2
00012408   _kPID
00012418   _kPID2
0000daa0   _lseek
0000c740   _ltoa
00002514   _lubksb
00001e60   _ludcmp
00006d40   _main
0000a0a0   _malloc
00002af8   _matMult
0000efc0   _memccpy
0000a2e0   _memcpy
0000d080   _memset
0000f83c   _modelPion
0000f828   _modelPoziom
00002ac0   _moveTableLeft
000123d4   _pEncMeasurement
0001242c   _pion
0001240c   _pomiar
0001241c   _pomiar2
00012424   _poziom
0000dba0   _printf
00002a70   _pushStart
00002a20   _pushStop
00009960   _putc
0000eac0   _readmsg
0000f8a0   _regulatorPion
0000f850   _regulatorPoziom
0000f4a0   _remove
0000dda0   _setupIRQ
00009400   _setvbuf
0000c880   _sqrt
00012410   _suma
00012420   _suma2
00012430   _uPion
00012428   _uPoziom
0000ec00   _unlink
0000ac20   _vector1
0000ad40   _vector10
0000ad60   _vector11
0000ad80   _vector12
0000ada0   _vector13
0000adc0   _vector14
0000ade0   _vector15
0000ac40   _vector2
0000ac60   _vector3
0000ac80   _vector4
0000aca0   _vector5
0000acc0   _vector6
0000ace0   _vector7
0000ad00   _vector8
0000ac00   _vectors
0000dca0   _write
0000eca0   _writemsg
0000faf8   _wynik
ffffffff   binit
00010580   cinit
00011000   edata
00012440   end
0000f500   etext
ffffffff   pinit


GLOBAL SYMBOLS: SORTED BY Symbol Address 

address    name
--------   ----
00000000   .text
00000000   _GPC_Destructor
00000000   ___text__
00000001   __TI_args_main
00000150   _GPC_Constructor
000003b4   _FillQ
00000490   _CalcRefModelOutput
0000064c   _CalcClearArx
00000800   __STACK_SIZE
00000804   _CalcQT
00000b7c   _CalcArixOutput
00000ef0   _CalculateGPC
00001000   __SYSMEM_SIZE
000010d0   _CalcArxOutput
00001260   _IdentObj_Destructor
0000130c   _IdentObj_Constructor
00001524   _CalculateIdent
00001e60   _ludcmp
00002514   _lubksb
00002804   _inverse
00002a20   _pushStop
00002a70   _pushStart
00002ac0   _moveTableLeft
00002af8   _matMult
00002d38   _getMatrixptr
00002e64   _getMatrixEyeptr
00002fe0   _getMatrixEye
00003178   _freeMatrixV
000031fc   _freeMatrix
00003284   _MatrixMultptr
00003474   _MatrixMult
00003520   _PrepareGPC
000038e8   _ML_CheckSwitch
00003988   _Enc_WaitForFreshInput
00003a54   _Enc_SendOrder
00003a7c   _Enc_PrepareFreshOutput
00003ea0   __divd
000052c0   __printfi
00005820   _RemoveCompletedCommand
0000588c   _Enc_ReadEnc
000058bc   _ProcessReceivedData
00005a64   _DownloadCommand
00005acc   _CopyString
00005b28   _Copy16Bit
00005b3c   _CommandEngine
00005c4c   _AnalyzeCommands
00005d40   _fputs
0000624c   _DSK6713_init
00006568   _DSK6713_rget
0000657c   _DSK6713_rset
00006590   _DSK6713_wait
000065e8   _DSK6713_waitusec
00006614   _DSK6713_getVersion
00006aa0   _Intialize_Chipset
00006b1c   _Initialize
00006d40   _main
00006e7c   _TimerEventHandler
000076c0   _c_int14
00007798   _c_int09
00007a60   __divull
00007de0   _free
00008820   _Encoder_Unfresh
00008834   _Encoder_Fill_With_Zeros
000088ac   _Encoder_Compute_Value
00008920   _Encoder_Are_Bytes_Fresh
00008974   _Enc_Unfresh_All
000089c0   _Enc_Refresh_Bytes
00008a00   _Enc_Fill_With_Zeros
00008aa0   _Enc_Compute_Values
00008af0   _Enc_Are_Both_Enc_Fresh
00008e80   _DAC_Update_Channel_To_Send
00008e9c   _DAC_Prepare_Frame
00008fd0   _DAC_Prepare_EDMA
000090f0   _DAC_Fill_Values_With_Zeros
00009400   _setvbuf
00009960   _fputc
00009960   _putc
00009c00   __divul
0000a0a0   _malloc
0000a2e0   _memcpy
0000a520   _HOSTrename
0000a740   __CSL_init
0000ab40   __c6xabi_divu
0000ab40   __divu
0000ac00   _vectors
0000ac20   _vector1
0000ac40   _vector2
0000ac60   _vector3
0000ac80   _vector4
0000aca0   _vector5
0000acc0   _vector6
0000ace0   _vector7
0000ad00   _vector8
0000ad40   _vector10
0000ad60   _vector11
0000ad80   _vector12
0000ada0   _vector13
0000adc0   _vector14
0000ade0   _vector15
0000ae00   _DSK6713_LED_init
0000ae40   _DSK6713_LED_off
0000aeb0   _DSK6713_LED_on
0000af20   _DSK6713_LED_toggle
0000afe0   _I2C_reset
0000b1a0   _IRQ_map
0000b360   _fseek
0000b6e0   _MCBSP_reset
0000bbc0   _HOSTlseek
0000bd20   __closefile
0000be80   _I2C_PrepareSlaveConfigStruct
0000bee0   _I2C_PrepareMasterConfigStruct
0000bf54   _I2C_InterruptsRoutine
0000bf90   _I2C_Send_Polling
0000bfc0   _HOSTread
0000c100   _TIMER_open
0000c240   __frcmpyd_div
0000c380   __c6xabi_strasgi
0000c380   __strasgi
0000c4c0   _atoi
0000c600   _fflush
0000c740   _ltoa
0000c880   _sqrt
0000c9c0   _HOSTopen
0000cae0   _HOSTwrite
0000cc00   _TIMER_reset
0000cd20   __wrt_ok
0000ce40   _close
0000cf60   _fprintf
0000d080   _memset
0000d1a0   _HOSTclose
0000d2a0   _HOSTunlink
0000d3a0   _I2C_open
0000d4a0   _MCBSP_open
0000d5a0   _MCBSP_start
0000d6a0   __auto_init
0000d8a0   __divli
0000daa0   _lseek
0000dba0   _printf
0000dca0   _write
0000dda0   _setupIRQ
0000de40   _enableIRQ
0000de80   __cleanup
0000df60   __doflush
0000e200   __strasg
0000e2e0   _exit
0000e580   _copy_in
0000e700   _Polling_Transmit
0000e750   _Polling_Single_Receive
0000e7a0   __IRQ_init
0000e840   __fixdi
0000e8e0   __fixdli
0000e980   __mpyll
0000ea20   __remli
0000eac0   _readmsg
0000ec00   _unlink
0000eca0   _writemsg
0000ed18   C$$IO$$
0000ed40   ___TI_cpp_init
0000edc0   __abort_msg
0000ee40   __fltlid
0000eec0   __llshl
0000ef40   _c_int00
0000efc0   _memccpy
0000f040   _DSK6713_DIP_init
0000f048   _DSK6713_DIP_get
0000f0c0   ___isinf
0000f120   __fltid
0000f180   __llshru
0000f1e0   __subcull
0000f280   __args_main
0000f2c0   _CPLD_WriteMisc
0000f2e0   _CSL6713_LIB_
0000f300   _IRQ_setVecs
0000f320   __addd
0000f340   __cmpd
0000f360   __mpyd
0000f380   __negd
0000f3a0   __negll
0000f3c0   __nop
0000f460   __subd
0000f480   C$$EXIT
0000f480   _abort
0000f4a0   _remove
0000f4c0   __IRQ_hookFetchPacket
0000f500   ___etext__
0000f500   __ftable
0000f500   etext
0000f6e0   __tmpnams
0000f820   __ft_end
0000f824   _errno
0000f828   _modelPoziom
0000f83c   _modelPion
0000f850   _regulatorPoziom
0000f8a0   _regulatorPion
0000f8f0   _identyfikatorPion
0000f940   _identyfikatorPoziom
0000fae0   _EncMeasurement
0000faf8   _wynik
0000fb40   _Parametry1
0000fb48   _Parametry2
0000fbb6   _DSK6713_version
0000fbe0   __IRQ_eventTable
0000fc64   __IRQ_intTable
0000fca4   __IRQ_dispatchTable
0000fcdc   __MCBSP_hDev0
0000fce0   __MCBSP_hDev1
0000fd34   __TIMER_deviceTable
0000fd4c   __TIMER_hDev0
0000fd50   __TIMER_hDev1
0000fd54   __TIMER_hBios
0000fd58   __cleanup_ptr
0000fd5c   __dtors_ptr
0000fd60   ___TI_enable_exit_profile_output
0000fd64   __lock
0000fd68   __unlock
0000fd80   __stack
00010580   __STACK_END
00010580   ___cinit__
00010580   cinit
00011000   .data
00011000   ___data__
00011000   ___edata__
00011000   __sys_memory
00011000   edata
00012000   __ctypes_
00012240   __CIOBUF_
00012360   $bss
00012360   .bss
00012360   ___bss__
000123d0   _ADCCounter
000123d4   _pEncMeasurement
000123d8   _fstart
000123dc   _digital_output
000123e0   _ce2
000123e4   _WzmocnienieRegulatoraP
000123e8   _WzmocnienieCalki
000123ec   _Wzad_pion
000123ee   _Wzad_poziom
00012404   _kC
00012408   _kPID
0001240c   _pomiar
00012410   _suma
00012414   _kC2
00012418   _kPID2
0001241c   _pomiar2
00012420   _suma2
00012424   _poziom
00012428   _uPoziom
0001242c   _pion
00012430   _uPion
00012440   ___end__
00012440   end
ffffffff   ___TI_pprof_out_hndl
ffffffff   ___TI_prof_data_size
ffffffff   ___TI_prof_data_start
ffffffff   ___binit__
ffffffff   ___c_args__
ffffffff   ___pinit__
ffffffff   binit
ffffffff   pinit

[260 symbols]
