<?xml version="1.0"?>
<link_info>
   <banner>TMS320C6x Linker PC v7.4.4</banner>
   <copyright>Copyright (c) 1996-2013 Texas Instruments Incorporated</copyright>
   <link_time>0x54b82e74</link_time>
   <output_file>mcbsp1.out</output_file>
   <entry_point>
      <name>_c_int00</name>
      <address>0x11140</address>
   </entry_point>
   <input_file_list>
      <input_file id="fl-2">
         <path>.\</path>
         <kind>object</kind>
         <file>vecs_irq.obj</file>
         <name>vecs_irq.obj</name>
      </input_file>
      <input_file id="fl-3">
         <path>.\</path>
         <kind>object</kind>
         <file>timer.obj</file>
         <name>timer.obj</name>
      </input_file>
      <input_file id="fl-4">
         <path>.\</path>
         <kind>object</kind>
         <file>main.obj</file>
         <name>main.obj</name>
      </input_file>
      <input_file id="fl-5">
         <path>.\</path>
         <kind>object</kind>
         <file>lumatrixinv.obj</file>
         <name>lumatrixinv.obj</name>
      </input_file>
      <input_file id="fl-6">
         <path>.\</path>
         <kind>object</kind>
         <file>ident.obj</file>
         <name>ident.obj</name>
      </input_file>
      <input_file id="fl-7">
         <path>.\</path>
         <kind>object</kind>
         <file>gpcregler.obj</file>
         <name>gpcregler.obj</name>
      </input_file>
      <input_file id="fl-8">
         <path>.\</path>
         <kind>object</kind>
         <file>enkoder.obj</file>
         <name>enkoder.obj</name>
      </input_file>
      <input_file id="fl-9">
         <path>.\</path>
         <kind>object</kind>
         <file>McBSP_Utility.obj</file>
         <name>McBSP_Utility.obj</name>
      </input_file>
      <input_file id="fl-a">
         <path>.\</path>
         <kind>object</kind>
         <file>MatrixVectorOp.obj</file>
         <name>MatrixVectorOp.obj</name>
      </input_file>
      <input_file id="fl-b">
         <path>.\</path>
         <kind>object</kind>
         <file>MainLoop_Helper.obj</file>
         <name>MainLoop_Helper.obj</name>
      </input_file>
      <input_file id="fl-c">
         <path>.\</path>
         <kind>object</kind>
         <file>IRQ_Utility.obj</file>
         <name>IRQ_Utility.obj</name>
      </input_file>
      <input_file id="fl-d">
         <path>.\</path>
         <kind>object</kind>
         <file>I2C_Utility.obj</file>
         <name>I2C_Utility.obj</name>
      </input_file>
      <input_file id="fl-e">
         <path>.\</path>
         <kind>object</kind>
         <file>EDMA_Utility.obj</file>
         <name>EDMA_Utility.obj</name>
      </input_file>
      <input_file id="fl-f">
         <path>.\</path>
         <kind>object</kind>
         <file>DAC7716.obj</file>
         <name>DAC7716.obj</name>
      </input_file>
      <input_file id="fl-10">
         <path>.\</path>
         <kind>object</kind>
         <file>Command_Utility.obj</file>
         <name>Command_Utility.obj</name>
      </input_file>
      <input_file id="fl-11">
         <path>.\</path>
         <kind>object</kind>
         <file>CPLD.obj</file>
         <name>CPLD.obj</name>
      </input_file>
      <input_file id="fl-12">
         <path>.\</path>
         <kind>object</kind>
         <file>ADC8361.obj</file>
         <name>ADC8361.obj</name>
      </input_file>
      <input_file id="fl-19">
         <path>C:\ti\ccsv5\tools\compiler\c6000_7.4.4\lib\</path>
         <kind>archive</kind>
         <file>dsk6713bsl.lib</file>
         <name>dsk6713.obj</name>
      </input_file>
      <input_file id="fl-1a">
         <path>C:\ti\ccsv5\tools\compiler\c6000_7.4.4\lib\</path>
         <kind>archive</kind>
         <file>dsk6713bsl.lib</file>
         <name>dsk6713_dip.obj</name>
      </input_file>
      <input_file id="fl-1b">
         <path>C:\ti\ccsv5\tools\compiler\c6000_7.4.4\lib\</path>
         <kind>archive</kind>
         <file>dsk6713bsl.lib</file>
         <name>dsk6713_led.obj</name>
      </input_file>
      <input_file id="fl-1c">
         <path>C:\ti\ccsv5\tools\compiler\c6000_7.4.4\lib\</path>
         <kind>archive</kind>
         <file>csl6713.lib</file>
         <name>csl.obj</name>
      </input_file>
      <input_file id="fl-1d">
         <path>C:\ti\ccsv5\tools\compiler\c6000_7.4.4\lib\</path>
         <kind>archive</kind>
         <file>csl6713.lib</file>
         <name>csl_edma.obj</name>
      </input_file>
      <input_file id="fl-1e">
         <path>C:\ti\ccsv5\tools\compiler\c6000_7.4.4\lib\</path>
         <kind>archive</kind>
         <file>csl6713.lib</file>
         <name>csl_i2c.obj</name>
      </input_file>
      <input_file id="fl-1f">
         <path>C:\ti\ccsv5\tools\compiler\c6000_7.4.4\lib\</path>
         <kind>archive</kind>
         <file>csl6713.lib</file>
         <name>csl_irq.obj</name>
      </input_file>
      <input_file id="fl-20">
         <path>C:\ti\ccsv5\tools\compiler\c6000_7.4.4\lib\</path>
         <kind>archive</kind>
         <file>csl6713.lib</file>
         <name>csl_mcbsp.obj</name>
      </input_file>
      <input_file id="fl-21">
         <path>C:\ti\ccsv5\tools\compiler\c6000_7.4.4\lib\</path>
         <kind>archive</kind>
         <file>csl6713.lib</file>
         <name>csl_timer.obj</name>
      </input_file>
      <input_file id="fl-22">
         <path>C:\ti\ccsv5\tools\compiler\c6000_7.4.4\lib\</path>
         <kind>archive</kind>
         <file>rts6700.lib</file>
         <name>addd.obj</name>
      </input_file>
      <input_file id="fl-23">
         <path>C:\ti\ccsv5\tools\compiler\c6000_7.4.4\lib\</path>
         <kind>archive</kind>
         <file>rts6700.lib</file>
         <name>assert.obj</name>
      </input_file>
      <input_file id="fl-24">
         <path>C:\ti\ccsv5\tools\compiler\c6000_7.4.4\lib\</path>
         <kind>archive</kind>
         <file>rts6700.lib</file>
         <name>boot.obj</name>
      </input_file>
      <input_file id="fl-25">
         <path>C:\ti\ccsv5\tools\compiler\c6000_7.4.4\lib\</path>
         <kind>archive</kind>
         <file>rts6700.lib</file>
         <name>cmpd.obj</name>
      </input_file>
      <input_file id="fl-26">
         <path>C:\ti\ccsv5\tools\compiler\c6000_7.4.4\lib\</path>
         <kind>archive</kind>
         <file>rts6700.lib</file>
         <name>defs.obj</name>
      </input_file>
      <input_file id="fl-27">
         <path>C:\ti\ccsv5\tools\compiler\c6000_7.4.4\lib\</path>
         <kind>archive</kind>
         <file>rts6700.lib</file>
         <name>divd.obj</name>
      </input_file>
      <input_file id="fl-28">
         <path>C:\ti\ccsv5\tools\compiler\c6000_7.4.4\lib\</path>
         <kind>archive</kind>
         <file>rts6700.lib</file>
         <name>exit.obj</name>
      </input_file>
      <input_file id="fl-29">
         <path>C:\ti\ccsv5\tools\compiler\c6000_7.4.4\lib\</path>
         <kind>archive</kind>
         <file>rts6700.lib</file>
         <name>fflush.obj</name>
      </input_file>
      <input_file id="fl-2a">
         <path>C:\ti\ccsv5\tools\compiler\c6000_7.4.4\lib\</path>
         <kind>archive</kind>
         <file>rts6700.lib</file>
         <name>fixdi.obj</name>
      </input_file>
      <input_file id="fl-2b">
         <path>C:\ti\ccsv5\tools\compiler\c6000_7.4.4\lib\</path>
         <kind>archive</kind>
         <file>rts6700.lib</file>
         <name>fltid.obj</name>
      </input_file>
      <input_file id="fl-2c">
         <path>C:\ti\ccsv5\tools\compiler\c6000_7.4.4\lib\</path>
         <kind>archive</kind>
         <file>rts6700.lib</file>
         <name>fprintf.obj</name>
      </input_file>
      <input_file id="fl-2d">
         <path>C:\ti\ccsv5\tools\compiler\c6000_7.4.4\lib\</path>
         <kind>archive</kind>
         <file>rts6700.lib</file>
         <name>fputc.obj</name>
      </input_file>
      <input_file id="fl-2e">
         <path>C:\ti\ccsv5\tools\compiler\c6000_7.4.4\lib\</path>
         <kind>archive</kind>
         <file>rts6700.lib</file>
         <name>fputs.obj</name>
      </input_file>
      <input_file id="fl-2f">
         <path>C:\ti\ccsv5\tools\compiler\c6000_7.4.4\lib\</path>
         <kind>archive</kind>
         <file>rts6700.lib</file>
         <name>frcmpyd_div.obj</name>
      </input_file>
      <input_file id="fl-30">
         <path>C:\ti\ccsv5\tools\compiler\c6000_7.4.4\lib\</path>
         <kind>archive</kind>
         <file>rts6700.lib</file>
         <name>llshift.obj</name>
      </input_file>
      <input_file id="fl-31">
         <path>C:\ti\ccsv5\tools\compiler\c6000_7.4.4\lib\</path>
         <kind>archive</kind>
         <file>rts6700.lib</file>
         <name>lowlev.obj</name>
      </input_file>
      <input_file id="fl-32">
         <path>C:\ti\ccsv5\tools\compiler\c6000_7.4.4\lib\</path>
         <kind>archive</kind>
         <file>rts6700.lib</file>
         <name>memcpy62.obj</name>
      </input_file>
      <input_file id="fl-33">
         <path>C:\ti\ccsv5\tools\compiler\c6000_7.4.4\lib\</path>
         <kind>archive</kind>
         <file>rts6700.lib</file>
         <name>memory.obj</name>
      </input_file>
      <input_file id="fl-34">
         <path>C:\ti\ccsv5\tools\compiler\c6000_7.4.4\lib\</path>
         <kind>archive</kind>
         <file>rts6700.lib</file>
         <name>mpyd.obj</name>
      </input_file>
      <input_file id="fl-35">
         <path>C:\ti\ccsv5\tools\compiler\c6000_7.4.4\lib\</path>
         <kind>archive</kind>
         <file>rts6700.lib</file>
         <name>mpyll.obj</name>
      </input_file>
      <input_file id="fl-36">
         <path>C:\ti\ccsv5\tools\compiler\c6000_7.4.4\lib\</path>
         <kind>archive</kind>
         <file>rts6700.lib</file>
         <name>negd.obj</name>
      </input_file>
      <input_file id="fl-37">
         <path>C:\ti\ccsv5\tools\compiler\c6000_7.4.4\lib\</path>
         <kind>archive</kind>
         <file>rts6700.lib</file>
         <name>printf.obj</name>
      </input_file>
      <input_file id="fl-38">
         <path>C:\ti\ccsv5\tools\compiler\c6000_7.4.4\lib\</path>
         <kind>archive</kind>
         <file>rts6700.lib</file>
         <name>sqrt.obj</name>
      </input_file>
      <input_file id="fl-39">
         <path>C:\ti\ccsv5\tools\compiler\c6000_7.4.4\lib\</path>
         <kind>archive</kind>
         <file>rts6700.lib</file>
         <name>strasg.obj</name>
      </input_file>
      <input_file id="fl-3a">
         <path>C:\ti\ccsv5\tools\compiler\c6000_7.4.4\lib\</path>
         <kind>archive</kind>
         <file>rts6700.lib</file>
         <name>subd.obj</name>
      </input_file>
      <input_file id="fl-3b">
         <path>C:\ti\ccsv5\tools\compiler\c6000_7.4.4\lib\</path>
         <kind>archive</kind>
         <file>rts6700.lib</file>
         <name>trgdrv.obj</name>
      </input_file>
      <input_file id="fl-3c">
         <path>C:\ti\ccsv5\tools\compiler\c6000_7.4.4\lib\</path>
         <kind>archive</kind>
         <file>rts6700.lib</file>
         <name>trgmsg.obj</name>
      </input_file>
      <input_file id="fl-3d">
         <path>C:\ti\ccsv5\tools\compiler\c6000_7.4.4\lib\</path>
         <kind>archive</kind>
         <file>rts6700.lib</file>
         <name>_io_perm.obj</name>
      </input_file>
      <input_file id="fl-3e">
         <path>C:\ti\ccsv5\tools\compiler\c6000_7.4.4\lib\</path>
         <kind>archive</kind>
         <file>rts6700.lib</file>
         <name>_lock.obj</name>
      </input_file>
      <input_file id="fl-3f">
         <path>C:\ti\ccsv5\tools\compiler\c6000_7.4.4\lib\</path>
         <kind>archive</kind>
         <file>rts6700.lib</file>
         <name>_printfi.obj</name>
      </input_file>
      <input_file id="fl-40">
         <path>C:\ti\ccsv5\tools\compiler\c6000_7.4.4\lib\</path>
         <kind>archive</kind>
         <file>rts6700.lib</file>
         <name>args_main.obj</name>
      </input_file>
      <input_file id="fl-41">
         <path>C:\ti\ccsv5\tools\compiler\c6000_7.4.4\lib\</path>
         <kind>archive</kind>
         <file>rts6700.lib</file>
         <name>atoi.obj</name>
      </input_file>
      <input_file id="fl-42">
         <path>C:\ti\ccsv5\tools\compiler\c6000_7.4.4\lib\</path>
         <kind>archive</kind>
         <file>rts6700.lib</file>
         <name>autoinit.obj</name>
      </input_file>
      <input_file id="fl-43">
         <path>C:\ti\ccsv5\tools\compiler\c6000_7.4.4\lib\</path>
         <kind>archive</kind>
         <file>rts6700.lib</file>
         <name>cpp_init.obj</name>
      </input_file>
      <input_file id="fl-44">
         <path>C:\ti\ccsv5\tools\compiler\c6000_7.4.4\lib\</path>
         <kind>archive</kind>
         <file>rts6700.lib</file>
         <name>cpy_tbl.obj</name>
      </input_file>
      <input_file id="fl-45">
         <path>C:\ti\ccsv5\tools\compiler\c6000_7.4.4\lib\</path>
         <kind>archive</kind>
         <file>rts6700.lib</file>
         <name>ctype.obj</name>
      </input_file>
      <input_file id="fl-46">
         <path>C:\ti\ccsv5\tools\compiler\c6000_7.4.4\lib\</path>
         <kind>archive</kind>
         <file>rts6700.lib</file>
         <name>divu.obj</name>
      </input_file>
      <input_file id="fl-47">
         <path>C:\ti\ccsv5\tools\compiler\c6000_7.4.4\lib\</path>
         <kind>archive</kind>
         <file>rts6700.lib</file>
         <name>errno.obj</name>
      </input_file>
      <input_file id="fl-48">
         <path>C:\ti\ccsv5\tools\compiler\c6000_7.4.4\lib\</path>
         <kind>archive</kind>
         <file>rts6700.lib</file>
         <name>fixdli.obj</name>
      </input_file>
      <input_file id="fl-49">
         <path>C:\ti\ccsv5\tools\compiler\c6000_7.4.4\lib\</path>
         <kind>archive</kind>
         <file>rts6700.lib</file>
         <name>fltlid.obj</name>
      </input_file>
      <input_file id="fl-4a">
         <path>C:\ti\ccsv5\tools\compiler\c6000_7.4.4\lib\</path>
         <kind>archive</kind>
         <file>rts6700.lib</file>
         <name>fseek.obj</name>
      </input_file>
      <input_file id="fl-4b">
         <path>C:\ti\ccsv5\tools\compiler\c6000_7.4.4\lib\</path>
         <kind>archive</kind>
         <file>rts6700.lib</file>
         <name>imath40.obj</name>
      </input_file>
      <input_file id="fl-4c">
         <path>C:\ti\ccsv5\tools\compiler\c6000_7.4.4\lib\</path>
         <kind>archive</kind>
         <file>rts6700.lib</file>
         <name>imath64.obj</name>
      </input_file>
      <input_file id="fl-4d">
         <path>C:\ti\ccsv5\tools\compiler\c6000_7.4.4\lib\</path>
         <kind>archive</kind>
         <file>rts6700.lib</file>
         <name>isinf.obj</name>
      </input_file>
      <input_file id="fl-4e">
         <path>C:\ti\ccsv5\tools\compiler\c6000_7.4.4\lib\</path>
         <kind>archive</kind>
         <file>rts6700.lib</file>
         <name>ltoa.obj</name>
      </input_file>
      <input_file id="fl-4f">
         <path>C:\ti\ccsv5\tools\compiler\c6000_7.4.4\lib\</path>
         <kind>archive</kind>
         <file>rts6700.lib</file>
         <name>memccpy.obj</name>
      </input_file>
      <input_file id="fl-50">
         <path>C:\ti\ccsv5\tools\compiler\c6000_7.4.4\lib\</path>
         <kind>archive</kind>
         <file>rts6700.lib</file>
         <name>memset.obj</name>
      </input_file>
      <input_file id="fl-51">
         <path>C:\ti\ccsv5\tools\compiler\c6000_7.4.4\lib\</path>
         <kind>archive</kind>
         <file>rts6700.lib</file>
         <name>negll.obj</name>
      </input_file>
      <input_file id="fl-52">
         <path>C:\ti\ccsv5\tools\compiler\c6000_7.4.4\lib\</path>
         <kind>archive</kind>
         <file>rts6700.lib</file>
         <name>setvbuf.obj</name>
      </input_file>
      <input_file id="fl-53">
         <path>C:\ti\ccsv5\tools\compiler\c6000_7.4.4\lib\</path>
         <kind>archive</kind>
         <file>rts6700.lib</file>
         <name>abs.obj</name>
      </input_file>
      <input_file id="fl-54">
         <path>C:\ti\ccsv5\tools\compiler\c6000_7.4.4\lib\</path>
         <kind>archive</kind>
         <file>rts6700.lib</file>
         <name>fopen.obj</name>
      </input_file>
      <input_file id="fl-55">
         <path>C:\ti\ccsv5\tools\compiler\c6000_7.4.4\lib\</path>
         <kind>archive</kind>
         <file>rts6700.lib</file>
         <name>fclose.obj</name>
      </input_file>
      <input_file id="fl-56">
         <path>C:\ti\ccsv5\tools\compiler\c6000_7.4.4\lib\</path>
         <kind>archive</kind>
         <file>rts6700.lib</file>
         <name>remove.obj</name>
      </input_file>
   </input_file_list>
   <object_component_list>
      <object_component id="oc-16e">
         <name>.text</name>
         <load_address>0x0</load_address>
         <run_address>0x0</run_address>
         <size>0x12c0</size>
         <input_file_ref idref="fl-7"/>
      </object_component>
      <object_component id="oc-16f">
         <name>.text</name>
         <load_address>0x12c0</load_address>
         <run_address>0x12c0</run_address>
         <size>0xf60</size>
         <input_file_ref idref="fl-6"/>
      </object_component>
      <object_component id="oc-15a">
         <name>.text</name>
         <load_address>0x2220</load_address>
         <run_address>0x2220</run_address>
         <size>0xe20</size>
         <input_file_ref idref="fl-b"/>
      </object_component>
      <object_component id="oc-170">
         <name>.text</name>
         <load_address>0x3040</load_address>
         <run_address>0x3040</run_address>
         <size>0xc80</size>
         <input_file_ref idref="fl-a"/>
      </object_component>
      <object_component id="oc-18a">
         <name>.text</name>
         <load_address>0x3cc0</load_address>
         <run_address>0x3cc0</run_address>
         <size>0xb00</size>
         <input_file_ref idref="fl-5"/>
      </object_component>
      <object_component id="oc-146">
         <name>.text</name>
         <load_address>0x47c0</load_address>
         <run_address>0x47c0</run_address>
         <size>0x840</size>
         <input_file_ref idref="fl-4"/>
      </object_component>
      <object_component id="oc-18c">
         <name>.text:__divd</name>
         <load_address>0x5000</load_address>
         <run_address>0x5000</run_address>
         <size>0x720</size>
         <input_file_ref idref="fl-27"/>
      </object_component>
      <object_component id="oc-1a9">
         <name>.text:__getarg_diouxp</name>
         <load_address>0x5720</load_address>
         <run_address>0x5720</run_address>
         <size>0x6c0</size>
         <input_file_ref idref="fl-3f"/>
      </object_component>
      <object_component id="oc-182">
         <name>.text:__setfield</name>
         <load_address>0x5de0</load_address>
         <run_address>0x5de0</run_address>
         <size>0x640</size>
         <input_file_ref idref="fl-3f"/>
      </object_component>
      <object_component id="oc-145">
         <name>.text</name>
         <load_address>0x6420</load_address>
         <run_address>0x6420</run_address>
         <size>0x620</size>
         <input_file_ref idref="fl-10"/>
      </object_component>
      <object_component id="oc-1f">
         <name>.text:retain</name>
         <load_address>0x6a40</load_address>
         <run_address>0x6a40</run_address>
         <size>0x620</size>
         <input_file_ref idref="fl-4"/>
      </object_component>
      <object_component id="oc-16b">
         <name>.text:__printfi</name>
         <load_address>0x7060</load_address>
         <run_address>0x7060</run_address>
         <size>0x560</size>
         <input_file_ref idref="fl-3f"/>
      </object_component>
      <object_component id="oc-17e">
         <name>.text:_fputs</name>
         <load_address>0x75c0</load_address>
         <run_address>0x75c0</run_address>
         <size>0x4c0</size>
         <input_file_ref idref="fl-2e"/>
      </object_component>
      <object_component id="oc-165">
         <name>.text</name>
         <load_address>0x7a80</load_address>
         <run_address>0x7a80</run_address>
         <size>0x480</size>
         <input_file_ref idref="fl-e"/>
      </object_component>
      <object_component id="oc-6d">
         <name>.text</name>
         <load_address>0x7f00</load_address>
         <run_address>0x7f00</run_address>
         <size>0x480</size>
         <input_file_ref idref="fl-19"/>
      </object_component>
      <object_component id="oc-1b4">
         <name>.text:_fcvt</name>
         <load_address>0x8380</load_address>
         <run_address>0x8380</run_address>
         <size>0x420</size>
         <input_file_ref idref="fl-3f"/>
      </object_component>
      <object_component id="oc-199">
         <name>.text:__pproc_fge</name>
         <load_address>0x87a0</load_address>
         <run_address>0x87a0</run_address>
         <size>0x400</size>
         <input_file_ref idref="fl-3f"/>
      </object_component>
      <object_component id="oc-1b1">
         <name>.text:_ecvt</name>
         <load_address>0x8ba0</load_address>
         <run_address>0x8ba0</run_address>
         <size>0x400</size>
         <input_file_ref idref="fl-3f"/>
      </object_component>
      <object_component id="oc-143">
         <name>.text</name>
         <load_address>0x8fa0</load_address>
         <run_address>0x8fa0</run_address>
         <size>0x3c0</size>
         <input_file_ref idref="fl-f"/>
      </object_component>
      <object_component id="oc-1bd">
         <name>.text:__divull</name>
         <load_address>0x9360</load_address>
         <run_address>0x9360</run_address>
         <size>0x380</size>
         <input_file_ref idref="fl-4c"/>
      </object_component>
      <object_component id="oc-186">
         <name>.text:_free</name>
         <load_address>0x96e0</load_address>
         <run_address>0x96e0</run_address>
         <size>0x380</size>
         <input_file_ref idref="fl-33"/>
      </object_component>
      <object_component id="oc-1a8">
         <name>.text:__pconv_e</name>
         <load_address>0x9a60</load_address>
         <run_address>0x9a60</run_address>
         <size>0x360</size>
         <input_file_ref idref="fl-3f"/>
      </object_component>
      <object_component id="oc-181">
         <name>.text:__pproc_fwp</name>
         <load_address>0x9dc0</load_address>
         <run_address>0x9dc0</run_address>
         <size>0x360</size>
         <input_file_ref idref="fl-3f"/>
      </object_component>
      <object_component id="oc-158">
         <name>.text</name>
         <load_address>0xa120</load_address>
         <run_address>0xa120</run_address>
         <size>0x360</size>
         <input_file_ref idref="fl-8"/>
      </object_component>
      <object_component id="oc-19a">
         <name>.text:__pproc_diouxp</name>
         <load_address>0xa480</load_address>
         <run_address>0xa480</run_address>
         <size>0x300</size>
         <input_file_ref idref="fl-3f"/>
      </object_component>
      <object_component id="oc-15f">
         <name>.text</name>
         <load_address>0xa780</load_address>
         <run_address>0xa780</run_address>
         <size>0x2c0</size>
         <input_file_ref idref="fl-12"/>
      </object_component>
      <object_component id="oc-183">
         <name>.text:__pproc_str</name>
         <load_address>0xaa40</load_address>
         <run_address>0xaa40</run_address>
         <size>0x2c0</size>
         <input_file_ref idref="fl-3f"/>
      </object_component>
      <object_component id="oc-1a2">
         <name>.text:_setvbuf</name>
         <load_address>0xad00</load_address>
         <run_address>0xad00</run_address>
         <size>0x2c0</size>
         <input_file_ref idref="fl-52"/>
      </object_component>
      <object_component id="oc-1a6">
         <name>.text:__pconv_g</name>
         <load_address>0xafc0</load_address>
         <run_address>0xafc0</run_address>
         <size>0x2a0</size>
         <input_file_ref idref="fl-3f"/>
      </object_component>
      <object_component id="oc-17f">
         <name>.text:_fputc</name>
         <load_address>0xb260</load_address>
         <run_address>0xb260</run_address>
         <size>0x2a0</size>
         <input_file_ref idref="fl-2d"/>
      </object_component>
      <object_component id="oc-163">
         <name>.text:_EDMA_open</name>
         <load_address>0xb500</load_address>
         <run_address>0xb500</run_address>
         <size>0x260</size>
         <input_file_ref idref="fl-1d"/>
      </object_component>
      <object_component id="oc-1bc">
         <name>.text:__divul</name>
         <load_address>0xb760</load_address>
         <run_address>0xb760</run_address>
         <size>0x260</size>
         <input_file_ref idref="fl-4b"/>
      </object_component>
      <object_component id="oc-1b3">
         <name>.text:__mcpy</name>
         <load_address>0xb9c0</load_address>
         <run_address>0xb9c0</run_address>
         <size>0x240</size>
         <input_file_ref idref="fl-3f"/>
      </object_component>
      <object_component id="oc-16d">
         <name>.text:_malloc</name>
         <load_address>0xbc00</load_address>
         <run_address>0xbc00</run_address>
         <size>0x240</size>
         <input_file_ref idref="fl-33"/>
      </object_component>
      <object_component id="oc-151">
         <name>.text:_memcpy</name>
         <load_address>0xbe40</load_address>
         <run_address>0xbe40</run_address>
         <size>0x240</size>
         <input_file_ref idref="fl-32"/>
      </object_component>
      <object_component id="oc-14e">
         <name>.text:_HOSTrename</name>
         <load_address>0xc080</load_address>
         <run_address>0xc080</run_address>
         <size>0x220</size>
         <input_file_ref idref="fl-3b"/>
      </object_component>
      <object_component id="oc-164">
         <name>.text:_EDMA_allocTable</name>
         <load_address>0xc2a0</load_address>
         <run_address>0xc2a0</run_address>
         <size>0x200</size>
         <input_file_ref idref="fl-1d"/>
      </object_component>
      <object_component id="oc-1c5">
         <name>.text:_getdevice</name>
         <load_address>0xc4a0</load_address>
         <run_address>0xc4a0</run_address>
         <size>0x1e0</size>
         <input_file_ref idref="fl-31"/>
      </object_component>
      <object_component id="oc-17c">
         <name>.text:_EDMA_resetAll</name>
         <load_address>0xc680</load_address>
         <run_address>0xc680</run_address>
         <size>0x180</size>
         <input_file_ref idref="fl-1d"/>
      </object_component>
      <object_component id="oc-10">
         <name>.text:vecs</name>
         <load_address>0xc800</load_address>
         <run_address>0xc800</run_address>
         <size>0x200</size>
         <input_file_ref idref="fl-2"/>
      </object_component>
      <object_component id="oc-77">
         <name>.text</name>
         <load_address>0xca00</load_address>
         <run_address>0xca00</run_address>
         <size>0x1e0</size>
         <input_file_ref idref="fl-1b"/>
      </object_component>
      <object_component id="oc-15c">
         <name>.text:__CSL_init</name>
         <load_address>0xcbe0</load_address>
         <run_address>0xcbe0</run_address>
         <size>0x1c0</size>
         <input_file_ref idref="fl-1c"/>
      </object_component>
      <object_component id="oc-1a1">
         <name>.text:_fseek</name>
         <load_address>0xcda0</load_address>
         <run_address>0xcda0</run_address>
         <size>0x1c0</size>
         <input_file_ref idref="fl-4a"/>
      </object_component>
      <object_component id="oc-175">
         <name>.text:_I2C_reset</name>
         <load_address>0xcf60</load_address>
         <run_address>0xcf60</run_address>
         <size>0x1a0</size>
         <input_file_ref idref="fl-1e"/>
      </object_component>
      <object_component id="oc-177">
         <name>.text:_IRQ_map</name>
         <load_address>0xd100</load_address>
         <run_address>0xd100</run_address>
         <size>0x1a0</size>
         <input_file_ref idref="fl-1f"/>
      </object_component>
      <object_component id="oc-1ab">
         <name>.text:__ltostr</name>
         <load_address>0xd2a0</load_address>
         <run_address>0xd2a0</run_address>
         <size>0x1a0</size>
         <input_file_ref idref="fl-3f"/>
      </object_component>
      <object_component id="oc-180">
         <name>.text:__pproc_fflags</name>
         <load_address>0xd440</load_address>
         <run_address>0xd440</run_address>
         <size>0x1a0</size>
         <input_file_ref idref="fl-3f"/>
      </object_component>
      <object_component id="oc-178">
         <name>.text:_MCBSP_reset</name>
         <load_address>0xd5e0</load_address>
         <run_address>0xd5e0</run_address>
         <size>0x180</size>
         <input_file_ref idref="fl-20"/>
      </object_component>
      <object_component id="oc-14c">
         <name>.text:_HOSTlseek</name>
         <load_address>0xd760</load_address>
         <run_address>0xd760</run_address>
         <size>0x160</size>
         <input_file_ref idref="fl-3b"/>
      </object_component>
      <object_component id="oc-174">
         <name>.text:_TIMER_open</name>
         <load_address>0xd8c0</load_address>
         <run_address>0xd8c0</run_address>
         <size>0x160</size>
         <input_file_ref idref="fl-21"/>
      </object_component>
      <object_component id="oc-1b7">
         <name>.text:__closefile</name>
         <load_address>0xda20</load_address>
         <run_address>0xda20</run_address>
         <size>0x160</size>
         <input_file_ref idref="fl-55"/>
      </object_component>
      <object_component id="oc-144">
         <name>.text</name>
         <load_address>0xdb80</load_address>
         <run_address>0xdb80</run_address>
         <size>0x140</size>
         <input_file_ref idref="fl-d"/>
      </object_component>
      <object_component id="oc-160">
         <name>.text</name>
         <load_address>0xdcc0</load_address>
         <run_address>0xdcc0</run_address>
         <size>0x140</size>
         <input_file_ref idref="fl-c"/>
      </object_component>
      <object_component id="oc-14a">
         <name>.text:_HOSTread</name>
         <load_address>0xde00</load_address>
         <run_address>0xde00</run_address>
         <size>0x140</size>
         <input_file_ref idref="fl-3b"/>
      </object_component>
      <object_component id="oc-19e">
         <name>.text:__frcmpyd_div</name>
         <load_address>0xdf40</load_address>
         <run_address>0xdf40</run_address>
         <size>0x140</size>
         <input_file_ref idref="fl-2f"/>
      </object_component>
      <object_component id="oc-156">
         <name>.text:__strasgi</name>
         <load_address>0xe080</load_address>
         <run_address>0xe080</run_address>
         <size>0x140</size>
         <input_file_ref idref="fl-39"/>
      </object_component>
      <object_component id="oc-198">
         <name>.text:_atoi</name>
         <load_address>0xe1c0</load_address>
         <run_address>0xe1c0</run_address>
         <size>0x140</size>
         <input_file_ref idref="fl-41"/>
      </object_component>
      <object_component id="oc-19f">
         <name>.text:_fflush</name>
         <load_address>0xe300</load_address>
         <run_address>0xe300</run_address>
         <size>0x140</size>
         <input_file_ref idref="fl-29"/>
      </object_component>
      <object_component id="oc-1b9">
         <name>.text:_ltoa</name>
         <load_address>0xe440</load_address>
         <run_address>0xe440</run_address>
         <size>0x140</size>
         <input_file_ref idref="fl-4e"/>
      </object_component>
      <object_component id="oc-18d">
         <name>.text:_sqrt</name>
         <load_address>0xe580</load_address>
         <run_address>0xe580</run_address>
         <size>0x140</size>
         <input_file_ref idref="fl-38"/>
      </object_component>
      <object_component id="oc-179">
         <name>.text:_EDMA_reset</name>
         <load_address>0xe6c0</load_address>
         <run_address>0xe6c0</run_address>
         <size>0x120</size>
         <input_file_ref idref="fl-1d"/>
      </object_component>
      <object_component id="oc-148">
         <name>.text:_HOSTopen</name>
         <load_address>0xe7e0</load_address>
         <run_address>0xe7e0</run_address>
         <size>0x120</size>
         <input_file_ref idref="fl-3b"/>
      </object_component>
      <object_component id="oc-14b">
         <name>.text:_HOSTwrite</name>
         <load_address>0xe900</load_address>
         <run_address>0xe900</run_address>
         <size>0x120</size>
         <input_file_ref idref="fl-3b"/>
      </object_component>
      <object_component id="oc-191">
         <name>.text:_TIMER_reset</name>
         <load_address>0xea20</load_address>
         <run_address>0xea20</run_address>
         <size>0x120</size>
         <input_file_ref idref="fl-21"/>
      </object_component>
      <object_component id="oc-194">
         <name>.text:__wrt_ok</name>
         <load_address>0xeb40</load_address>
         <run_address>0xeb40</run_address>
         <size>0x120</size>
         <input_file_ref idref="fl-3d"/>
      </object_component>
      <object_component id="oc-1be">
         <name>.text:_close</name>
         <load_address>0xec60</load_address>
         <run_address>0xec60</run_address>
         <size>0x120</size>
         <input_file_ref idref="fl-31"/>
      </object_component>
      <object_component id="oc-19c">
         <name>.text:_fprintf</name>
         <load_address>0xed80</load_address>
         <run_address>0xed80</run_address>
         <size>0x120</size>
         <input_file_ref idref="fl-2c"/>
      </object_component>
      <object_component id="oc-197">
         <name>.text:_memset</name>
         <load_address>0xeea0</load_address>
         <run_address>0xeea0</run_address>
         <size>0x120</size>
         <input_file_ref idref="fl-50"/>
      </object_component>
      <object_component id="oc-190">
         <name>.text:_mux2Tables</name>
         <load_address>0xefc0</load_address>
         <run_address>0xefc0</run_address>
         <size>0x120</size>
         <input_file_ref idref="fl-1f"/>
      </object_component>
      <object_component id="oc-149">
         <name>.text:_HOSTclose</name>
         <load_address>0xf0e0</load_address>
         <run_address>0xf0e0</run_address>
         <size>0x100</size>
         <input_file_ref idref="fl-3b"/>
      </object_component>
      <object_component id="oc-14d">
         <name>.text:_HOSTunlink</name>
         <load_address>0xf1e0</load_address>
         <run_address>0xf1e0</run_address>
         <size>0x100</size>
         <input_file_ref idref="fl-3b"/>
      </object_component>
      <object_component id="oc-166">
         <name>.text:_MCBSP_start</name>
         <load_address>0xf2e0</load_address>
         <run_address>0xf2e0</run_address>
         <size>0x100</size>
         <input_file_ref idref="fl-20"/>
      </object_component>
      <object_component id="oc-140">
         <name>.text:__auto_init</name>
         <load_address>0xf3e0</load_address>
         <run_address>0xf3e0</run_address>
         <size>0x100</size>
         <input_file_ref idref="fl-42"/>
      </object_component>
      <object_component id="oc-1b6">
         <name>.text:__div</name>
         <load_address>0xf4e0</load_address>
         <run_address>0xf4e0</run_address>
         <size>0x100</size>
         <input_file_ref idref="fl-3f"/>
      </object_component>
      <object_component id="oc-1c1">
         <name>.text:__divli</name>
         <load_address>0xf5e0</load_address>
         <run_address>0xf5e0</run_address>
         <size>0x100</size>
         <input_file_ref idref="fl-4b"/>
      </object_component>
      <object_component id="oc-1a7">
         <name>.text:__pconv_f</name>
         <load_address>0xf6e0</load_address>
         <run_address>0xf6e0</run_address>
         <size>0x100</size>
         <input_file_ref idref="fl-3f"/>
      </object_component>
      <object_component id="oc-1af">
         <name>.text:_lseek</name>
         <load_address>0xf7e0</load_address>
         <run_address>0xf7e0</run_address>
         <size>0x100</size>
         <input_file_ref idref="fl-31"/>
      </object_component>
      <object_component id="oc-155">
         <name>.text:_printf</name>
         <load_address>0xf8e0</load_address>
         <run_address>0xf8e0</run_address>
         <size>0x100</size>
         <input_file_ref idref="fl-37"/>
      </object_component>
      <object_component id="oc-196">
         <name>.text:_write</name>
         <load_address>0xf9e0</load_address>
         <run_address>0xf9e0</run_address>
         <size>0x100</size>
         <input_file_ref idref="fl-31"/>
      </object_component>
      <object_component id="oc-15e">
         <name>.text:_I2C_open</name>
         <load_address>0xfae0</load_address>
         <run_address>0xfae0</run_address>
         <size>0xe0</size>
         <input_file_ref idref="fl-1e"/>
      </object_component>
      <object_component id="oc-161">
         <name>.text:_MCBSP_open</name>
         <load_address>0xfbc0</load_address>
         <run_address>0xfbc0</run_address>
         <size>0xe0</size>
         <input_file_ref idref="fl-20"/>
      </object_component>
      <object_component id="oc-1b0">
         <name>.text:__cleanup</name>
         <load_address>0xfca0</load_address>
         <run_address>0xfca0</run_address>
         <size>0xe0</size>
         <input_file_ref idref="fl-54"/>
      </object_component>
      <object_component id="oc-195">
         <name>.text:__doflush</name>
         <load_address>0xfd80</load_address>
         <run_address>0xfd80</run_address>
         <size>0xe0</size>
         <input_file_ref idref="fl-29"/>
      </object_component>
      <object_component id="oc-1b2">
         <name>.text:__ecpy</name>
         <load_address>0xfe60</load_address>
         <run_address>0xfe60</run_address>
         <size>0xe0</size>
         <input_file_ref idref="fl-3f"/>
      </object_component>
      <object_component id="oc-1b5">
         <name>.text:__fcpy</name>
         <load_address>0xff40</load_address>
         <run_address>0xff40</run_address>
         <size>0xe0</size>
         <input_file_ref idref="fl-3f"/>
      </object_component>
      <object_component id="oc-147">
         <name>.text:__strasg</name>
         <load_address>0x10020</load_address>
         <run_address>0x10020</run_address>
         <size>0xe0</size>
         <input_file_ref idref="fl-39"/>
      </object_component>
      <object_component id="oc-142">
         <name>.text:_exit</name>
         <load_address>0x10100</load_address>
         <run_address>0x10100</run_address>
         <size>0xe0</size>
         <input_file_ref idref="fl-28"/>
      </object_component>
      <object_component id="oc-185">
         <name>.text:_minsert</name>
         <load_address>0x101e0</load_address>
         <run_address>0x101e0</run_address>
         <size>0xe0</size>
         <input_file_ref idref="fl-33"/>
      </object_component>
      <object_component id="oc-184">
         <name>.text:_mremove</name>
         <load_address>0x102c0</load_address>
         <run_address>0x102c0</run_address>
         <size>0xe0</size>
         <input_file_ref idref="fl-33"/>
      </object_component>
      <object_component id="oc-162">
         <name>.text:_EDMA_clearPram</name>
         <load_address>0x103a0</load_address>
         <run_address>0x103a0</run_address>
         <size>0xc0</size>
         <input_file_ref idref="fl-1d"/>
      </object_component>
      <object_component id="oc-17b">
         <name>.text:_EDMA_close</name>
         <load_address>0x10460</load_address>
         <run_address>0x10460</run_address>
         <size>0xc0</size>
         <input_file_ref idref="fl-1d"/>
      </object_component>
      <object_component id="oc-1bb">
         <name>.text:__divu</name>
         <load_address>0x10520</load_address>
         <run_address>0x10520</run_address>
         <size>0xc0</size>
         <input_file_ref idref="fl-46"/>
      </object_component>
      <object_component id="oc-150">
         <name>.text:_copy_in</name>
         <load_address>0x105e0</load_address>
         <run_address>0x105e0</run_address>
         <size>0xc0</size>
         <input_file_ref idref="fl-44"/>
      </object_component>
      <object_component id="oc-1c6">
         <name>.text:_finddevice</name>
         <load_address>0x106a0</load_address>
         <run_address>0x106a0</run_address>
         <size>0xc0</size>
         <input_file_ref idref="fl-31"/>
      </object_component>
      <object_component id="oc-1a0">
         <name>.text:_getMux</name>
         <load_address>0x10760</load_address>
         <run_address>0x10760</run_address>
         <size>0xc0</size>
         <input_file_ref idref="fl-1f"/>
      </object_component>
      <object_component id="oc-16c">
         <name>.text:_MCBSP_close</name>
         <load_address>0x10820</load_address>
         <run_address>0x10820</run_address>
         <size>0xa0</size>
         <input_file_ref idref="fl-20"/>
      </object_component>
      <object_component id="oc-172">
         <name>.text:__fixdi</name>
         <load_address>0x108c0</load_address>
         <run_address>0x108c0</run_address>
         <size>0xa0</size>
         <input_file_ref idref="fl-2a"/>
      </object_component>
      <object_component id="oc-1b8">
         <name>.text:__fixdli</name>
         <load_address>0x10960</load_address>
         <run_address>0x10960</run_address>
         <size>0xa0</size>
         <input_file_ref idref="fl-48"/>
      </object_component>
      <object_component id="oc-1ae">
         <name>.text:__mpyll</name>
         <load_address>0x10a00</load_address>
         <run_address>0x10a00</run_address>
         <size>0xa0</size>
         <input_file_ref idref="fl-35"/>
      </object_component>
      <object_component id="oc-1c0">
         <name>.text:__remli</name>
         <load_address>0x10aa0</load_address>
         <run_address>0x10aa0</run_address>
         <size>0xa0</size>
         <input_file_ref idref="fl-4b"/>
      </object_component>
      <object_component id="oc-168">
         <name>.text:_readmsg</name>
         <load_address>0x10b40</load_address>
         <run_address>0x10b40</run_address>
         <size>0xa0</size>
         <input_file_ref idref="fl-3c"/>
      </object_component>
      <object_component id="oc-192">
         <name>.text:_setMux</name>
         <load_address>0x10be0</load_address>
         <run_address>0x10be0</run_address>
         <size>0xa0</size>
         <input_file_ref idref="fl-1f"/>
      </object_component>
      <object_component id="oc-1c4">
         <name>.text:_unlink</name>
         <load_address>0x10c80</load_address>
         <run_address>0x10c80</run_address>
         <size>0xa0</size>
         <input_file_ref idref="fl-31"/>
      </object_component>
      <object_component id="oc-167">
         <name>.text:_writemsg</name>
         <load_address>0x10d20</load_address>
         <run_address>0x10d20</run_address>
         <size>0xa0</size>
         <input_file_ref idref="fl-3c"/>
      </object_component>
      <object_component id="oc-159">
         <name>.text</name>
         <load_address>0x10dc0</load_address>
         <run_address>0x10dc0</run_address>
         <size>0x80</size>
         <input_file_ref idref="fl-9"/>
      </object_component>
      <object_component id="oc-17d">
         <name>.text:_EDMA_freeTable</name>
         <load_address>0x10e40</load_address>
         <run_address>0x10e40</run_address>
         <size>0x80</size>
         <input_file_ref idref="fl-1d"/>
      </object_component>
      <object_component id="oc-173">
         <name>.text:__IRQ_init</name>
         <load_address>0x10ec0</load_address>
         <run_address>0x10ec0</run_address>
         <size>0x80</size>
         <input_file_ref idref="fl-1f"/>
      </object_component>
      <object_component id="oc-152">
         <name>.text:___TI_cpp_init</name>
         <load_address>0x10f40</load_address>
         <run_address>0x10f40</run_address>
         <size>0x80</size>
         <input_file_ref idref="fl-43"/>
      </object_component>
      <object_component id="oc-18f">
         <name>.text:__abort_msg</name>
         <load_address>0x10fc0</load_address>
         <run_address>0x10fc0</run_address>
         <size>0x80</size>
         <input_file_ref idref="fl-23"/>
      </object_component>
      <object_component id="oc-1ba">
         <name>.text:__fltlid</name>
         <load_address>0x11040</load_address>
         <run_address>0x11040</run_address>
         <size>0x80</size>
         <input_file_ref idref="fl-49"/>
      </object_component>
      <object_component id="oc-1c2">
         <name>.text:__llshl</name>
         <load_address>0x110c0</load_address>
         <run_address>0x110c0</run_address>
         <size>0x80</size>
         <input_file_ref idref="fl-30"/>
      </object_component>
      <object_component id="oc-e">
         <name>.text:_c_int00</name>
         <load_address>0x11140</load_address>
         <run_address>0x11140</run_address>
         <size>0x80</size>
         <input_file_ref idref="fl-24"/>
      </object_component>
      <object_component id="oc-19b">
         <name>.text:_memccpy</name>
         <load_address>0x111c0</load_address>
         <run_address>0x111c0</run_address>
         <size>0x80</size>
         <input_file_ref idref="fl-4f"/>
      </object_component>
      <object_component id="oc-73">
         <name>.text</name>
         <load_address>0x11240</load_address>
         <run_address>0x11240</run_address>
         <size>0x80</size>
         <input_file_ref idref="fl-1a"/>
      </object_component>
      <object_component id="oc-193">
         <name>.text:_EDMA_disableChannel</name>
         <load_address>0x112c0</load_address>
         <run_address>0x112c0</run_address>
         <size>0x60</size>
         <input_file_ref idref="fl-1d"/>
      </object_component>
      <object_component id="oc-17a">
         <name>.text:_EDMA_enableChannel</name>
         <load_address>0x11320</load_address>
         <run_address>0x11320</run_address>
         <size>0x60</size>
         <input_file_ref idref="fl-1d"/>
      </object_component>
      <object_component id="oc-1a5">
         <name>.text:___isinf</name>
         <load_address>0x11380</load_address>
         <run_address>0x11380</run_address>
         <size>0x60</size>
         <input_file_ref idref="fl-4d"/>
      </object_component>
      <object_component id="oc-171">
         <name>.text:__fltid</name>
         <load_address>0x113e0</load_address>
         <run_address>0x113e0</run_address>
         <size>0x60</size>
         <input_file_ref idref="fl-2b"/>
      </object_component>
      <object_component id="oc-19d">
         <name>.text:__llshru</name>
         <load_address>0x11440</load_address>
         <run_address>0x11440</run_address>
         <size>0x60</size>
         <input_file_ref idref="fl-30"/>
      </object_component>
      <object_component id="oc-1c3">
         <name>.text:__subcull</name>
         <load_address>0x114a0</load_address>
         <run_address>0x114a0</run_address>
         <size>0x60</size>
         <input_file_ref idref="fl-4c"/>
      </object_component>
      <object_component id="oc-1a4">
         <name>.text:___isnan</name>
         <load_address>0x11500</load_address>
         <run_address>0x11500</run_address>
         <size>0x40</size>
         <input_file_ref idref="fl-3f"/>
      </object_component>
      <object_component id="oc-141">
         <name>.text:__args_main</name>
         <load_address>0x11540</load_address>
         <run_address>0x11540</run_address>
         <size>0x40</size>
         <input_file_ref idref="fl-40"/>
      </object_component>
      <object_component id="oc-15d">
         <name>.text</name>
         <load_address>0x11580</load_address>
         <run_address>0x11580</run_address>
         <size>0x20</size>
         <input_file_ref idref="fl-11"/>
      </object_component>
      <object_component id="oc-15b">
         <name>.text:_CSL6713_LIB_</name>
         <load_address>0x115a0</load_address>
         <run_address>0x115a0</run_address>
         <size>0x20</size>
         <input_file_ref idref="fl-1c"/>
      </object_component>
      <object_component id="oc-176">
         <name>.text:_IRQ_setVecs</name>
         <load_address>0x115c0</load_address>
         <run_address>0x115c0</run_address>
         <size>0x20</size>
         <input_file_ref idref="fl-1f"/>
      </object_component>
      <object_component id="oc-189">
         <name>.text:__addd</name>
         <load_address>0x115e0</load_address>
         <run_address>0x115e0</run_address>
         <size>0x20</size>
         <input_file_ref idref="fl-22"/>
      </object_component>
      <object_component id="oc-18e">
         <name>.text:__cmpd</name>
         <load_address>0x11600</load_address>
         <run_address>0x11600</run_address>
         <size>0x20</size>
         <input_file_ref idref="fl-25"/>
      </object_component>
      <object_component id="oc-188">
         <name>.text:__mpyd</name>
         <load_address>0x11620</load_address>
         <run_address>0x11620</run_address>
         <size>0x20</size>
         <input_file_ref idref="fl-34"/>
      </object_component>
      <object_component id="oc-18b">
         <name>.text:__negd</name>
         <load_address>0x11640</load_address>
         <run_address>0x11640</run_address>
         <size>0x20</size>
         <input_file_ref idref="fl-36"/>
      </object_component>
      <object_component id="oc-1aa">
         <name>.text:__negll</name>
         <load_address>0x11660</load_address>
         <run_address>0x11660</run_address>
         <size>0x20</size>
         <input_file_ref idref="fl-51"/>
      </object_component>
      <object_component id="oc-14f">
         <name>.text:__nop</name>
         <load_address>0x11680</load_address>
         <run_address>0x11680</run_address>
         <size>0x20</size>
         <input_file_ref idref="fl-3e"/>
      </object_component>
      <object_component id="oc-1ad">
         <name>.text:__outc</name>
         <load_address>0x116a0</load_address>
         <run_address>0x116a0</run_address>
         <size>0x20</size>
         <input_file_ref idref="fl-2c"/>
      </object_component>
      <object_component id="oc-16a">
         <name>.text:__outc</name>
         <load_address>0x116c0</load_address>
         <run_address>0x116c0</run_address>
         <size>0x20</size>
         <input_file_ref idref="fl-37"/>
      </object_component>
      <object_component id="oc-1ac">
         <name>.text:__outs</name>
         <load_address>0x116e0</load_address>
         <run_address>0x116e0</run_address>
         <size>0x20</size>
         <input_file_ref idref="fl-2c"/>
      </object_component>
      <object_component id="oc-169">
         <name>.text:__outs</name>
         <load_address>0x11700</load_address>
         <run_address>0x11700</run_address>
         <size>0x20</size>
         <input_file_ref idref="fl-37"/>
      </object_component>
      <object_component id="oc-187">
         <name>.text:__subd</name>
         <load_address>0x11720</load_address>
         <run_address>0x11720</run_address>
         <size>0x20</size>
         <input_file_ref idref="fl-3a"/>
      </object_component>
      <object_component id="oc-153">
         <name>.text:_abort</name>
         <load_address>0x11740</load_address>
         <run_address>0x11740</run_address>
         <size>0x20</size>
         <input_file_ref idref="fl-28"/>
      </object_component>
      <object_component id="oc-1bf">
         <name>.text:_remove</name>
         <load_address>0x11760</load_address>
         <run_address>0x11760</run_address>
         <size>0x20</size>
         <input_file_ref idref="fl-56"/>
      </object_component>
      <object_component id="oc-85">
         <name>.text</name>
         <load_address>0x11780</load_address>
         <run_address>0x11780</run_address>
         <size>0x20</size>
         <input_file_ref idref="fl-1f"/>
      </object_component>
      <object_component id="oc-f">
         <name>.text</name>
         <load_address>0x117a0</load_address>
         <run_address>0x117a0</run_address>
         <size>0x20</size>
         <input_file_ref idref="fl-2"/>
      </object_component>
      <object_component id="oc-97">
         <name>.stack</name>
         <uninitialized>true</uninitialized>
         <run_address>0x120b8</run_address>
         <size>0x8</size>
         <input_file_ref idref="fl-24"/>
      </object_component>
      <object_component id="oc-1e0">
         <name>.stack</name>
         <uninitialized>true</uninitialized>
         <run_address>0x120b8</run_address>
         <size>0x0</size>
      </object_component>
      <object_component id="oc-1d">
         <name>.far</name>
         <uninitialized>true</uninitialized>
         <run_address>0x11c50</run_address>
         <size>0x11e</size>
         <input_file_ref idref="fl-4"/>
      </object_component>
      <object_component id="oc-41">
         <name>.far</name>
         <uninitialized>true</uninitialized>
         <run_address>0x11ae8</run_address>
         <size>0x168</size>
         <input_file_ref idref="fl-b"/>
      </object_component>
      <object_component id="oc-5d">
         <name>.far</name>
         <uninitialized>true</uninitialized>
         <run_address>0x12080</run_address>
         <size>0xe</size>
         <input_file_ref idref="fl-10"/>
      </object_component>
      <object_component id="oc-6e">
         <name>.far</name>
         <uninitialized>true</uninitialized>
         <run_address>0x11d6e</run_address>
         <size>0x2</size>
         <input_file_ref idref="fl-19"/>
      </object_component>
      <object_component id="oc-78">
         <name>.far</name>
         <uninitialized>true</uninitialized>
         <run_address>0x1208e</run_address>
         <size>0x2</size>
         <input_file_ref idref="fl-1b"/>
      </object_component>
      <object_component id="oc-7d">
         <name>.far</name>
         <uninitialized>true</uninitialized>
         <run_address>0x1200c</run_address>
         <size>0x28</size>
         <input_file_ref idref="fl-1c"/>
      </object_component>
      <object_component id="oc-80">
         <name>.far</name>
         <uninitialized>true</uninitialized>
         <run_address>0x11f80</run_address>
         <size>0x54</size>
         <input_file_ref idref="fl-1d"/>
      </object_component>
      <object_component id="oc-83">
         <name>.far</name>
         <uninitialized>true</uninitialized>
         <run_address>0x12034</run_address>
         <size>0x28</size>
         <input_file_ref idref="fl-1e"/>
      </object_component>
      <object_component id="oc-87">
         <name>.far</name>
         <uninitialized>true</uninitialized>
         <run_address>0x11e8c</run_address>
         <size>0xf4</size>
         <input_file_ref idref="fl-1f"/>
      </object_component>
      <object_component id="oc-8a">
         <name>.far</name>
         <uninitialized>true</uninitialized>
         <run_address>0x11fd4</run_address>
         <size>0x38</size>
         <input_file_ref idref="fl-20"/>
      </object_component>
      <object_component id="oc-8d">
         <name>.far</name>
         <uninitialized>true</uninitialized>
         <run_address>0x1205c</run_address>
         <size>0x24</size>
         <input_file_ref idref="fl-21"/>
      </object_component>
      <object_component id="oc-9f">
         <name>.far</name>
         <uninitialized>true</uninitialized>
         <run_address>0x117c0</run_address>
         <size>0x324</size>
         <input_file_ref idref="fl-26"/>
      </object_component>
      <object_component id="oc-a6">
         <name>.far</name>
         <uninitialized>true</uninitialized>
         <run_address>0x12090</run_address>
         <size>0xc</size>
         <input_file_ref idref="fl-28"/>
      </object_component>
      <object_component id="oc-c4">
         <name>.far</name>
         <uninitialized>true</uninitialized>
         <run_address>0x11d70</run_address>
         <size>0x11c</size>
         <input_file_ref idref="fl-31"/>
      </object_component>
      <object_component id="oc-cc">
         <name>.far</name>
         <uninitialized>true</uninitialized>
         <run_address>0x120a4</run_address>
         <size>0x8</size>
         <input_file_ref idref="fl-33"/>
      </object_component>
      <object_component id="oc-e6">
         <name>.far</name>
         <uninitialized>true</uninitialized>
         <run_address>0x120ac</run_address>
         <size>0x8</size>
         <input_file_ref idref="fl-3b"/>
      </object_component>
      <object_component id="oc-f2">
         <name>.far</name>
         <uninitialized>true</uninitialized>
         <run_address>0x1209c</run_address>
         <size>0x8</size>
         <input_file_ref idref="fl-3e"/>
      </object_component>
      <object_component id="oc-10f">
         <name>.far</name>
         <uninitialized>true</uninitialized>
         <run_address>0x11ae4</run_address>
         <size>0x4</size>
         <input_file_ref idref="fl-47"/>
      </object_component>
      <object_component id="oc-137">
         <name>.far</name>
         <uninitialized>true</uninitialized>
         <run_address>0x120b4</run_address>
         <size>0x4</size>
         <input_file_ref idref="fl-54"/>
      </object_component>
      <object_component id="oc-157">
         <name>.switch:_AnalyzeCommands</name>
         <load_address>0x16960</load_address>
         <run_address>0x16960</run_address>
         <size>0x30</size>
         <input_file_ref idref="fl-10"/>
      </object_component>
      <object_component id="oc-154">
         <name>.switch:_DAC_Prepare_EDMA</name>
         <load_address>0x16990</load_address>
         <run_address>0x16990</run_address>
         <size>0x10</size>
         <input_file_ref idref="fl-f"/>
      </object_component>
      <object_component id="oc-14">
         <name>.bss</name>
         <uninitialized>true</uninitialized>
         <run_address>0x16950</run_address>
         <size>0xc</size>
         <input_file_ref idref="fl-3"/>
      </object_component>
      <object_component id="oc-1a">
         <name>.bss</name>
         <uninitialized>true</uninitialized>
         <run_address>0x168b0</run_address>
         <size>0x58</size>
         <input_file_ref idref="fl-4"/>
      </object_component>
      <object_component id="oc-3e">
         <name>.bss</name>
         <uninitialized>true</uninitialized>
         <run_address>0x16908</run_address>
         <size>0x34</size>
         <input_file_ref idref="fl-b"/>
      </object_component>
      <object_component id="oc-53">
         <name>.bss</name>
         <uninitialized>true</uninitialized>
         <run_address>0x16858</run_address>
         <size>0x58</size>
         <input_file_ref idref="fl-f"/>
      </object_component>
      <object_component id="oc-5a">
         <name>.bss</name>
         <uninitialized>true</uninitialized>
         <run_address>0x1695c</run_address>
         <size>0x4</size>
         <input_file_ref idref="fl-10"/>
      </object_component>
      <object_component id="oc-66">
         <name>.bss</name>
         <uninitialized>true</uninitialized>
         <run_address>0x1693c</run_address>
         <size>0x14</size>
         <input_file_ref idref="fl-12"/>
      </object_component>
      <object_component id="oc-cd">
         <name>.sysmem</name>
         <uninitialized>true</uninitialized>
         <run_address>0x16000</run_address>
         <size>0x8</size>
         <input_file_ref idref="fl-33"/>
      </object_component>
      <object_component id="oc-1e1">
         <name>.sysmem</name>
         <uninitialized>true</uninitialized>
         <run_address>0x16000</run_address>
         <size>0x0</size>
      </object_component>
      <object_component id="oc-1c">
         <name>.cinit</name>
         <load_address>0x128b8</load_address>
         <run_address>0x128b8</run_address>
         <size>0x164</size>
         <input_file_ref idref="fl-4"/>
      </object_component>
      <object_component id="oc-55">
         <name>.cinit</name>
         <load_address>0x12a20</load_address>
         <run_address>0x12a20</run_address>
         <size>0x15c</size>
         <input_file_ref idref="fl-f"/>
      </object_component>
      <object_component id="oc-86">
         <name>.cinit</name>
         <load_address>0x12b80</load_address>
         <run_address>0x12b80</run_address>
         <size>0x12c</size>
         <input_file_ref idref="fl-1f"/>
      </object_component>
      <object_component id="oc-7f">
         <name>.cinit</name>
         <load_address>0x12cb0</load_address>
         <run_address>0x12cb0</run_address>
         <size>0x70</size>
         <input_file_ref idref="fl-1d"/>
      </object_component>
      <object_component id="oc-40">
         <name>.cinit</name>
         <load_address>0x12d20</load_address>
         <run_address>0x12d20</run_address>
         <size>0x6c</size>
         <input_file_ref idref="fl-b"/>
      </object_component>
      <object_component id="oc-9e">
         <name>.cinit</name>
         <load_address>0x12d90</load_address>
         <run_address>0x12d90</run_address>
         <size>0x5c</size>
         <input_file_ref idref="fl-26"/>
      </object_component>
      <object_component id="oc-c3">
         <name>.cinit</name>
         <load_address>0x12df0</load_address>
         <run_address>0x12df0</run_address>
         <size>0x5c</size>
         <input_file_ref idref="fl-31"/>
      </object_component>
      <object_component id="oc-89">
         <name>.cinit</name>
         <load_address>0x12e50</load_address>
         <run_address>0x12e50</run_address>
         <size>0x54</size>
         <input_file_ref idref="fl-20"/>
      </object_component>
      <object_component id="oc-68">
         <name>.cinit</name>
         <load_address>0x12ea8</load_address>
         <run_address>0x12ea8</run_address>
         <size>0x4c</size>
         <input_file_ref idref="fl-12"/>
      </object_component>
      <object_component id="oc-8c">
         <name>.cinit</name>
         <load_address>0x12ef8</load_address>
         <run_address>0x12ef8</run_address>
         <size>0x4c</size>
         <input_file_ref idref="fl-21"/>
      </object_component>
      <object_component id="oc-7c">
         <name>.cinit</name>
         <load_address>0x12f48</load_address>
         <run_address>0x12f48</run_address>
         <size>0x3c</size>
         <input_file_ref idref="fl-1c"/>
      </object_component>
      <object_component id="oc-82">
         <name>.cinit</name>
         <load_address>0x12f88</load_address>
         <run_address>0x12f88</run_address>
         <size>0x30</size>
         <input_file_ref idref="fl-1e"/>
      </object_component>
      <object_component id="oc-a5">
         <name>.cinit</name>
         <load_address>0x12fb8</load_address>
         <run_address>0x12fb8</run_address>
         <size>0x2c</size>
         <input_file_ref idref="fl-28"/>
      </object_component>
      <object_component id="oc-cb">
         <name>.cinit</name>
         <load_address>0x12fe8</load_address>
         <run_address>0x12fe8</run_address>
         <size>0x2c</size>
         <input_file_ref idref="fl-33"/>
      </object_component>
      <object_component id="oc-5c">
         <name>.cinit</name>
         <load_address>0x13018</load_address>
         <run_address>0x13018</run_address>
         <size>0x24</size>
         <input_file_ref idref="fl-10"/>
      </object_component>
      <object_component id="oc-f1">
         <name>.cinit</name>
         <load_address>0x13040</load_address>
         <run_address>0x13040</run_address>
         <size>0x1c</size>
         <input_file_ref idref="fl-3e"/>
      </object_component>
      <object_component id="oc-10e">
         <name>.cinit</name>
         <load_address>0x13060</load_address>
         <run_address>0x13060</run_address>
         <size>0xc</size>
         <input_file_ref idref="fl-47"/>
      </object_component>
      <object_component id="oc-136">
         <name>.cinit</name>
         <load_address>0x13070</load_address>
         <run_address>0x13070</run_address>
         <size>0xc</size>
         <input_file_ref idref="fl-54"/>
      </object_component>
      <object_component id="oc-16">
         <name>.cinit</name>
         <load_address>0x13080</load_address>
         <run_address>0x13080</run_address>
         <size>0xc</size>
         <input_file_ref idref="fl-3"/>
      </object_component>
      <object_component id="oc-1a3">
         <name>.const:.string:__ctypes_</name>
         <load_address>0x16400</load_address>
         <run_address>0x16400</run_address>
         <size>0x101</size>
         <input_file_ref idref="fl-45"/>
      </object_component>
      <object_component id="oc-93">
         <name>.const:.string</name>
         <load_address>0x16501</load_address>
         <run_address>0x16501</run_address>
         <size>0x3</size>
         <input_file_ref idref="fl-23"/>
      </object_component>
      <object_component id="oc-3a">
         <name>.const:.string</name>
         <load_address>0x16504</load_address>
         <run_address>0x16504</run_address>
         <size>0x8c</size>
         <input_file_ref idref="fl-a"/>
      </object_component>
      <object_component id="oc-69">
         <name>.const:.string</name>
         <load_address>0x16590</load_address>
         <run_address>0x16590</run_address>
         <size>0x48</size>
         <input_file_ref idref="fl-12"/>
      </object_component>
      <object_component id="oc-56">
         <name>.const:.string</name>
         <load_address>0x165d8</load_address>
         <run_address>0x165d8</run_address>
         <size>0x40</size>
         <input_file_ref idref="fl-f"/>
      </object_component>
      <object_component id="oc-4b">
         <name>.const</name>
         <load_address>0x16618</load_address>
         <run_address>0x16618</run_address>
         <size>0x40</size>
         <input_file_ref idref="fl-d"/>
      </object_component>
      <object_component id="oc-29">
         <name>.const:.string</name>
         <load_address>0x16658</load_address>
         <run_address>0x16658</run_address>
         <size>0x38</size>
         <input_file_ref idref="fl-6"/>
      </object_component>
      <object_component id="oc-42">
         <name>.const:.string</name>
         <load_address>0x16690</load_address>
         <run_address>0x16690</run_address>
         <size>0x2c</size>
         <input_file_ref idref="fl-b"/>
      </object_component>
      <object_component id="oc-24">
         <name>.const:.string</name>
         <load_address>0x166bc</load_address>
         <run_address>0x166bc</run_address>
         <size>0x2c</size>
         <input_file_ref idref="fl-5"/>
      </object_component>
      <object_component id="oc-f6">
         <name>.const:.string</name>
         <load_address>0x166e8</load_address>
         <run_address>0x166e8</run_address>
         <size>0x23</size>
         <input_file_ref idref="fl-3f"/>
      </object_component>
      <object_component id="oc-6f">
         <name>.const</name>
         <load_address>0x1670c</load_address>
         <run_address>0x1670c</run_address>
         <size>0x20</size>
         <input_file_ref idref="fl-19"/>
      </object_component>
      <object_component id="oc-5e">
         <name>.const:.string</name>
         <load_address>0x1672c</load_address>
         <run_address>0x1672c</run_address>
         <size>0x8</size>
         <input_file_ref idref="fl-10"/>
      </object_component>
      <object_component id="oc-b9">
         <name>.const:.string</name>
         <load_address>0x16734</load_address>
         <run_address>0x16734</run_address>
         <size>0x2</size>
         <input_file_ref idref="fl-2e"/>
      </object_component>
      <object_component id="oc-ea">
         <name>.cio</name>
         <uninitialized>true</uninitialized>
         <run_address>0x16738</run_address>
         <size>0x120</size>
         <input_file_ref idref="fl-3c"/>
      </object_component>
      <object_component id="oc-11">
         <name>.debug_info</name>
         <load_address>0x0</load_address>
         <run_address>0x0</run_address>
         <size>0xf0</size>
         <input_file_ref idref="fl-2"/>
      </object_component>
      <object_component id="oc-15">
         <name>.debug_info</name>
         <load_address>0xf0</load_address>
         <run_address>0xf0</run_address>
         <size>0x778</size>
         <input_file_ref idref="fl-3"/>
      </object_component>
      <object_component id="oc-1b">
         <name>.debug_info</name>
         <load_address>0x868</load_address>
         <run_address>0x868</run_address>
         <size>0x2313</size>
         <input_file_ref idref="fl-4"/>
      </object_component>
      <object_component id="oc-23">
         <name>.debug_info</name>
         <load_address>0x2b7b</load_address>
         <run_address>0x2b7b</run_address>
         <size>0x153b</size>
         <input_file_ref idref="fl-5"/>
      </object_component>
      <object_component id="oc-28">
         <name>.debug_info</name>
         <load_address>0x40b6</load_address>
         <run_address>0x40b6</run_address>
         <size>0x16a3</size>
         <input_file_ref idref="fl-6"/>
      </object_component>
      <object_component id="oc-2d">
         <name>.debug_info</name>
         <load_address>0x5759</load_address>
         <run_address>0x5759</run_address>
         <size>0x1d31</size>
         <input_file_ref idref="fl-7"/>
      </object_component>
      <object_component id="oc-31">
         <name>.debug_info</name>
         <load_address>0x748a</load_address>
         <run_address>0x748a</run_address>
         <size>0xe5d</size>
         <input_file_ref idref="fl-8"/>
      </object_component>
      <object_component id="oc-35">
         <name>.debug_info</name>
         <load_address>0x82e7</load_address>
         <run_address>0x82e7</run_address>
         <size>0x973</size>
         <input_file_ref idref="fl-9"/>
      </object_component>
      <object_component id="oc-39">
         <name>.debug_info</name>
         <load_address>0x8c5a</load_address>
         <run_address>0x8c5a</run_address>
         <size>0x1d55</size>
         <input_file_ref idref="fl-a"/>
      </object_component>
      <object_component id="oc-3f">
         <name>.debug_info</name>
         <load_address>0xa9af</load_address>
         <run_address>0xa9af</run_address>
         <size>0x22d2</size>
         <input_file_ref idref="fl-b"/>
      </object_component>
      <object_component id="oc-46">
         <name>.debug_info</name>
         <load_address>0xcc81</load_address>
         <run_address>0xcc81</run_address>
         <size>0x73b</size>
         <input_file_ref idref="fl-c"/>
      </object_component>
      <object_component id="oc-4a">
         <name>.debug_info</name>
         <load_address>0xd3bc</load_address>
         <run_address>0xd3bc</run_address>
         <size>0xb68</size>
         <input_file_ref idref="fl-d"/>
      </object_component>
      <object_component id="oc-4f">
         <name>.debug_info</name>
         <load_address>0xdf24</load_address>
         <run_address>0xdf24</run_address>
         <size>0xc46</size>
         <input_file_ref idref="fl-e"/>
      </object_component>
      <object_component id="oc-54">
         <name>.debug_info</name>
         <load_address>0xeb6a</load_address>
         <run_address>0xeb6a</run_address>
         <size>0xfd7</size>
         <input_file_ref idref="fl-f"/>
      </object_component>
      <object_component id="oc-5b">
         <name>.debug_info</name>
         <load_address>0xfb41</load_address>
         <run_address>0xfb41</run_address>
         <size>0x1710</size>
         <input_file_ref idref="fl-10"/>
      </object_component>
      <object_component id="oc-62">
         <name>.debug_info</name>
         <load_address>0x11251</load_address>
         <run_address>0x11251</run_address>
         <size>0x68a</size>
         <input_file_ref idref="fl-11"/>
      </object_component>
      <object_component id="oc-67">
         <name>.debug_info</name>
         <load_address>0x118db</load_address>
         <run_address>0x118db</run_address>
         <size>0xe6b</size>
         <input_file_ref idref="fl-12"/>
      </object_component>
      <object_component id="oc-71">
         <name>.debug_info</name>
         <load_address>0x12746</load_address>
         <run_address>0x12746</run_address>
         <size>0x8a7</size>
         <input_file_ref idref="fl-19"/>
      </object_component>
      <object_component id="oc-75">
         <name>.debug_info</name>
         <load_address>0x12fed</load_address>
         <run_address>0x12fed</run_address>
         <size>0x4c3</size>
         <input_file_ref idref="fl-1a"/>
      </object_component>
      <object_component id="oc-7a">
         <name>.debug_info</name>
         <load_address>0x134b0</load_address>
         <run_address>0x134b0</run_address>
         <size>0x60b</size>
         <input_file_ref idref="fl-1b"/>
      </object_component>
      <object_component id="oc-8f">
         <name>.debug_info</name>
         <load_address>0x13abb</load_address>
         <run_address>0x13abb</run_address>
         <size>0x636</size>
         <input_file_ref idref="fl-22"/>
      </object_component>
      <object_component id="oc-92">
         <name>.debug_info</name>
         <load_address>0x140f1</load_address>
         <run_address>0x140f1</run_address>
         <size>0x783</size>
         <input_file_ref idref="fl-23"/>
      </object_component>
      <object_component id="oc-96">
         <name>.debug_info</name>
         <load_address>0x14874</load_address>
         <run_address>0x14874</run_address>
         <size>0x70a</size>
         <input_file_ref idref="fl-24"/>
      </object_component>
      <object_component id="oc-9a">
         <name>.debug_info</name>
         <load_address>0x14f7e</load_address>
         <run_address>0x14f7e</run_address>
         <size>0x636</size>
         <input_file_ref idref="fl-25"/>
      </object_component>
      <object_component id="oc-9d">
         <name>.debug_info</name>
         <load_address>0x155b4</load_address>
         <run_address>0x155b4</run_address>
         <size>0x6e6</size>
         <input_file_ref idref="fl-26"/>
      </object_component>
      <object_component id="oc-a1">
         <name>.debug_info</name>
         <load_address>0x15c9a</load_address>
         <run_address>0x15c9a</run_address>
         <size>0x981</size>
         <input_file_ref idref="fl-27"/>
      </object_component>
      <object_component id="oc-a4">
         <name>.debug_info</name>
         <load_address>0x1661b</load_address>
         <run_address>0x1661b</run_address>
         <size>0x7fa</size>
         <input_file_ref idref="fl-28"/>
      </object_component>
      <object_component id="oc-a9">
         <name>.debug_info</name>
         <load_address>0x16e15</load_address>
         <run_address>0x16e15</run_address>
         <size>0x885</size>
         <input_file_ref idref="fl-29"/>
      </object_component>
      <object_component id="oc-ac">
         <name>.debug_info</name>
         <load_address>0x1769a</load_address>
         <run_address>0x1769a</run_address>
         <size>0x68d</size>
         <input_file_ref idref="fl-2a"/>
      </object_component>
      <object_component id="oc-af">
         <name>.debug_info</name>
         <load_address>0x17d27</load_address>
         <run_address>0x17d27</run_address>
         <size>0x6a6</size>
         <input_file_ref idref="fl-2b"/>
      </object_component>
      <object_component id="oc-b2">
         <name>.debug_info</name>
         <load_address>0x183cd</load_address>
         <run_address>0x183cd</run_address>
         <size>0x8f7</size>
         <input_file_ref idref="fl-2c"/>
      </object_component>
      <object_component id="oc-b5">
         <name>.debug_info</name>
         <load_address>0x18cc4</load_address>
         <run_address>0x18cc4</run_address>
         <size>0x829</size>
         <input_file_ref idref="fl-2d"/>
      </object_component>
      <object_component id="oc-b8">
         <name>.debug_info</name>
         <load_address>0x194ed</load_address>
         <run_address>0x194ed</run_address>
         <size>0xb78</size>
         <input_file_ref idref="fl-2e"/>
      </object_component>
      <object_component id="oc-bc">
         <name>.debug_info</name>
         <load_address>0x1a065</load_address>
         <run_address>0x1a065</run_address>
         <size>0x6a3</size>
         <input_file_ref idref="fl-2f"/>
      </object_component>
      <object_component id="oc-bf">
         <name>.debug_info</name>
         <load_address>0x1a708</load_address>
         <run_address>0x1a708</run_address>
         <size>0x700</size>
         <input_file_ref idref="fl-30"/>
      </object_component>
      <object_component id="oc-c2">
         <name>.debug_info</name>
         <load_address>0x1ae08</load_address>
         <run_address>0x1ae08</run_address>
         <size>0xf4e</size>
         <input_file_ref idref="fl-31"/>
      </object_component>
      <object_component id="oc-c7">
         <name>.debug_info</name>
         <load_address>0x1bd56</load_address>
         <run_address>0x1bd56</run_address>
         <size>0x789</size>
         <input_file_ref idref="fl-32"/>
      </object_component>
[...]
         <value>0x11240</value>
         <object_component_ref idref="oc-73"/>
      </symbol>
      <symbol id="sm-61d">
         <name>_DSK6713_DIP_get</name>
         <value>0x11248</value>
         <object_component_ref idref="oc-73"/>
      </symbol>
      <symbol id="sm-629">
         <name>_DSK6713_LED_init</name>
         <value>0xca00</value>
         <object_component_ref idref="oc-77"/>
      </symbol>
      <symbol id="sm-62a">
         <name>_DSK6713_LED_on</name>
         <value>0xcab0</value>
         <object_component_ref idref="oc-77"/>
      </symbol>
      <symbol id="sm-62b">
         <name>_DSK6713_LED_toggle</name>
         <value>0xcb20</value>
         <object_component_ref idref="oc-77"/>
      </symbol>
      <symbol id="sm-62c">
         <name>_DSK6713_LED_off</name>
         <value>0xca40</value>
         <object_component_ref idref="oc-77"/>
      </symbol>
      <symbol id="sm-638">
         <name>_CSL6713_LIB_</name>
         <value>0x115a0</value>
         <object_component_ref idref="oc-15b"/>
      </symbol>
      <symbol id="sm-639">
         <name>__CSL_init</name>
         <value>0xcbe0</value>
         <object_component_ref idref="oc-15c"/>
      </symbol>
      <symbol id="sm-653">
         <name>_EDMA_enableChannel</name>
         <value>0x11320</value>
         <object_component_ref idref="oc-17a"/>
      </symbol>
      <symbol id="sm-654">
         <name>_EDMA_resetAll</name>
         <value>0xc680</value>
         <object_component_ref idref="oc-17c"/>
      </symbol>
      <symbol id="sm-655">
         <name>_EDMA_clearPram</name>
         <value>0x103a0</value>
         <object_component_ref idref="oc-162"/>
      </symbol>
      <symbol id="sm-656">
         <name>_EDMA_reset</name>
         <value>0xe6c0</value>
         <object_component_ref idref="oc-179"/>
      </symbol>
      <symbol id="sm-657">
         <name>_tccAllocTable</name>
         <value>0x11f94</value>
         <object_component_ref idref="oc-80"/>
      </symbol>
      <symbol id="sm-658">
         <name>_EDMA_close</name>
         <value>0x10460</value>
         <object_component_ref idref="oc-17b"/>
      </symbol>
      <symbol id="sm-659">
         <name>_EDMA_open</name>
         <value>0xb500</value>
         <object_component_ref idref="oc-163"/>
      </symbol>
      <symbol id="sm-65a">
         <name>_EDMA_freeTable</name>
         <value>0x10e40</value>
         <object_component_ref idref="oc-17d"/>
      </symbol>
      <symbol id="sm-65b">
         <name>_EDMA_disableChannel</name>
         <value>0x112c0</value>
         <object_component_ref idref="oc-193"/>
      </symbol>
      <symbol id="sm-65c">
         <name>_EDMA_allocTable</name>
         <value>0xc2a0</value>
         <object_component_ref idref="oc-164"/>
      </symbol>
      <symbol id="sm-668">
         <name>_I2C_open</name>
         <value>0xfae0</value>
         <object_component_ref idref="oc-15e"/>
      </symbol>
      <symbol id="sm-669">
         <name>_I2C_reset</name>
         <value>0xcf60</value>
         <object_component_ref idref="oc-175"/>
      </symbol>
      <symbol id="sm-67f">
         <name>_IRQ_setVecs</name>
         <value>0x115c0</value>
         <object_component_ref idref="oc-176"/>
      </symbol>
      <symbol id="sm-680">
         <name>__IRQ_eventTable</name>
         <value>0x11eb4</value>
         <object_component_ref idref="oc-87"/>
      </symbol>
      <symbol id="sm-681">
         <name>__IRQ_intTable</name>
         <value>0x11f38</value>
         <object_component_ref idref="oc-87"/>
      </symbol>
      <symbol id="sm-682">
         <name>_IRQ_map</name>
         <value>0xd100</value>
         <object_component_ref idref="oc-177"/>
      </symbol>
      <symbol id="sm-683">
         <name>__IRQ_init</name>
         <value>0x10ec0</value>
         <object_component_ref idref="oc-173"/>
      </symbol>
      <symbol id="sm-684">
         <name>__IRQ_dispatchTable</name>
         <value>0x11f78</value>
         <object_component_ref idref="oc-87"/>
      </symbol>
      <symbol id="sm-685">
         <name>__IRQ_hookFetchPacket</name>
         <value>0x11780</value>
         <object_component_ref idref="oc-85"/>
      </symbol>
      <symbol id="sm-695">
         <name>_MCBSP_reset</name>
         <value>0xd5e0</value>
         <object_component_ref idref="oc-178"/>
      </symbol>
      <symbol id="sm-696">
         <name>_MCBSP_close</name>
         <value>0x10820</value>
         <object_component_ref idref="oc-16c"/>
      </symbol>
      <symbol id="sm-697">
         <name>_MCBSP_open</name>
         <value>0xfbc0</value>
         <object_component_ref idref="oc-161"/>
      </symbol>
      <symbol id="sm-698">
         <name>__MCBSP_hDev0</name>
         <value>0x12004</value>
         <object_component_ref idref="oc-8a"/>
      </symbol>
      <symbol id="sm-699">
         <name>__MCBSP_hDev1</name>
         <value>0x12008</value>
         <object_component_ref idref="oc-8a"/>
      </symbol>
      <symbol id="sm-69a">
         <name>_MCBSP_start</name>
         <value>0xf2e0</value>
         <object_component_ref idref="oc-166"/>
      </symbol>
      <symbol id="sm-6a6">
         <name>_TIMER_reset</name>
         <value>0xea20</value>
         <object_component_ref idref="oc-191"/>
      </symbol>
      <symbol id="sm-6a7">
         <name>_TIMER_open</name>
         <value>0xd8c0</value>
         <object_component_ref idref="oc-174"/>
      </symbol>
      <symbol id="sm-6a8">
         <name>__TIMER_hDev0</name>
         <value>0x12074</value>
         <object_component_ref idref="oc-8d"/>
      </symbol>
      <symbol id="sm-6a9">
         <name>__TIMER_hDev1</name>
         <value>0x12078</value>
         <object_component_ref idref="oc-8d"/>
      </symbol>
      <symbol id="sm-6aa">
         <name>__TIMER_hBios</name>
         <value>0x1207c</value>
         <object_component_ref idref="oc-8d"/>
      </symbol>
      <symbol id="sm-6ab">
         <name>__TIMER_deviceTable</name>
         <value>0x1205c</value>
         <object_component_ref idref="oc-8d"/>
      </symbol>
      <symbol id="sm-6b5">
         <name>__addd</name>
         <value>0x115e0</value>
         <object_component_ref idref="oc-189"/>
      </symbol>
      <symbol id="sm-6c1">
         <name>__abort_msg</name>
         <value>0x10fc0</value>
         <object_component_ref idref="oc-18f"/>
      </symbol>
      <symbol id="sm-6cd">
         <name>_c_int00</name>
         <value>0x11140</value>
         <object_component_ref idref="oc-e"/>
      </symbol>
      <symbol id="sm-6ce">
         <name>__stack</name>
         <value>0x120b8</value>
         <object_component_ref idref="oc-97"/>
      </symbol>
      <symbol id="sm-6d8">
         <name>__cmpd</name>
         <value>0x11600</value>
         <object_component_ref idref="oc-18e"/>
      </symbol>
      <symbol id="sm-6e2">
         <name>__tmpnams</name>
         <value>0x119a0</value>
         <object_component_ref idref="oc-9f"/>
      </symbol>
      <symbol id="sm-6e3">
         <name>__ft_end</name>
         <value>0x11ae0</value>
         <object_component_ref idref="oc-9f"/>
      </symbol>
      <symbol id="sm-6e4">
         <name>__ftable</name>
         <value>0x117c0</value>
         <object_component_ref idref="oc-9f"/>
      </symbol>
      <symbol id="sm-6ee">
         <name>__divd</name>
         <value>0x5000</value>
         <object_component_ref idref="oc-18c"/>
      </symbol>
      <symbol id="sm-6fe">
         <name>C$$EXIT</name>
         <value>0x11740</value>
         <object_component_ref idref="oc-153"/>
      </symbol>
      <symbol id="sm-6ff">
         <name>_exit</name>
         <value>0x10100</value>
         <object_component_ref idref="oc-142"/>
      </symbol>
      <symbol id="sm-700">
         <name>___TI_enable_exit_profile_output</name>
         <value>0x12098</value>
         <object_component_ref idref="oc-a6"/>
      </symbol>
      <symbol id="sm-701">
         <name>_abort</name>
         <value>0x11740</value>
         <object_component_ref idref="oc-153"/>
      </symbol>
      <symbol id="sm-702">
         <name>__cleanup_ptr</name>
         <value>0x12090</value>
         <object_component_ref idref="oc-a6"/>
      </symbol>
      <symbol id="sm-703">
         <name>__dtors_ptr</name>
         <value>0x12094</value>
         <object_component_ref idref="oc-a6"/>
      </symbol>
      <symbol id="sm-70f">
         <name>__doflush</name>
         <value>0xfd80</value>
         <object_component_ref idref="oc-195"/>
      </symbol>
      <symbol id="sm-710">
         <name>_fflush</name>
         <value>0xe300</value>
         <object_component_ref idref="oc-19f"/>
      </symbol>
      <symbol id="sm-71a">
         <name>__fixdi</name>
         <value>0x108c0</value>
         <object_component_ref idref="oc-172"/>
      </symbol>
      <symbol id="sm-724">
         <name>__fltid</name>
         <value>0x113e0</value>
         <object_component_ref idref="oc-171"/>
      </symbol>
      <symbol id="sm-732">
         <name>_fprintf</name>
         <value>0xed80</value>
         <object_component_ref idref="oc-19c"/>
      </symbol>
      <symbol id="sm-73c">
         <name>_putc</name>
         <value>0xb260</value>
         <object_component_ref idref="oc-17f"/>
      </symbol>
      <symbol id="sm-73d">
         <name>_fputc</name>
         <value>0xb260</value>
         <object_component_ref idref="oc-17f"/>
      </symbol>
      <symbol id="sm-749">
         <name>_fputs</name>
         <value>0x75c0</value>
         <object_component_ref idref="oc-17e"/>
      </symbol>
      <symbol id="sm-753">
         <name>__frcmpyd_div</name>
         <value>0xdf40</value>
         <object_component_ref idref="oc-19e"/>
      </symbol>
      <symbol id="sm-75f">
         <name>__llshl</name>
         <value>0x110c0</value>
         <object_component_ref idref="oc-1c2"/>
      </symbol>
      <symbol id="sm-760">
         <name>__llshru</name>
         <value>0x11440</value>
         <object_component_ref idref="oc-19d"/>
      </symbol>
      <symbol id="sm-778">
         <name>_unlink</name>
         <value>0x10c80</value>
         <object_component_ref idref="oc-1c4"/>
      </symbol>
      <symbol id="sm-779">
         <name>_lseek</name>
         <value>0xf7e0</value>
         <object_component_ref idref="oc-1af"/>
      </symbol>
      <symbol id="sm-77a">
         <name>_close</name>
         <value>0xec60</value>
         <object_component_ref idref="oc-1be"/>
      </symbol>
      <symbol id="sm-77b">
         <name>_write</name>
         <value>0xf9e0</value>
         <object_component_ref idref="oc-196"/>
      </symbol>
      <symbol id="sm-785">
         <name>_memcpy</name>
         <value>0xbe40</value>
         <object_component_ref idref="oc-151"/>
      </symbol>
      <symbol id="sm-79b">
         <name>__sys_memory</name>
         <value>0x16000</value>
         <object_component_ref idref="oc-cd"/>
      </symbol>
      <symbol id="sm-79c">
         <name>_free</name>
         <value>0x96e0</value>
         <object_component_ref idref="oc-186"/>
      </symbol>
      <symbol id="sm-79d">
         <name>_malloc</name>
         <value>0xbc00</value>
         <object_component_ref idref="oc-16d"/>
      </symbol>
      <symbol id="sm-7a7">
         <name>__mpyd</name>
         <value>0x11620</value>
         <object_component_ref idref="oc-188"/>
      </symbol>
      <symbol id="sm-7b1">
         <name>__mpyll</name>
         <value>0x10a00</value>
         <object_component_ref idref="oc-1ae"/>
      </symbol>
      <symbol id="sm-7bb">
         <name>__negd</name>
         <value>0x11640</value>
         <object_component_ref idref="oc-18b"/>
      </symbol>
      <symbol id="sm-7c9">
         <name>_printf</name>
         <value>0xf8e0</value>
         <object_component_ref idref="oc-155"/>
      </symbol>
      <symbol id="sm-7d3">
         <name>_sqrt</name>
         <value>0xe580</value>
         <object_component_ref idref="oc-18d"/>
      </symbol>
      <symbol id="sm-7dd">
         <name>__c6xabi_strasgi</name>
         <value>0xe080</value>
         <object_component_ref idref="oc-156"/>
      </symbol>
      <symbol id="sm-7de">
         <name>__strasg</name>
         <value>0x10020</value>
         <object_component_ref idref="oc-147"/>
      </symbol>
      <symbol id="sm-7df">
         <name>__strasgi</name>
         <value>0xe080</value>
         <object_component_ref idref="oc-156"/>
      </symbol>
      <symbol id="sm-7e9">
         <name>__subd</name>
         <value>0x11720</value>
         <object_component_ref idref="oc-187"/>
      </symbol>
      <symbol id="sm-801">
         <name>_HOSTopen</name>
         <value>0xe7e0</value>
         <object_component_ref idref="oc-148"/>
      </symbol>
      <symbol id="sm-802">
         <name>_HOSTread</name>
         <value>0xde00</value>
         <object_component_ref idref="oc-14a"/>
      </symbol>
      <symbol id="sm-803">
         <name>_HOSTrename</name>
         <value>0xc080</value>
         <object_component_ref idref="oc-14e"/>
      </symbol>
      <symbol id="sm-804">
         <name>_HOSTwrite</name>
         <value>0xe900</value>
         <object_component_ref idref="oc-14b"/>
      </symbol>
      <symbol id="sm-805">
         <name>_HOSTlseek</name>
         <value>0xd760</value>
         <object_component_ref idref="oc-14c"/>
      </symbol>
      <symbol id="sm-806">
         <name>_HOSTunlink</name>
         <value>0xf1e0</value>
         <object_component_ref idref="oc-14d"/>
      </symbol>
      <symbol id="sm-807">
         <name>_HOSTclose</name>
         <value>0xf0e0</value>
         <object_component_ref idref="oc-149"/>
      </symbol>
      <symbol id="sm-815">
         <name>C$$IO$$</name>
         <value>0x10d98</value>
         <object_component_ref idref="oc-167"/>
      </symbol>
      <symbol id="sm-816">
         <name>__CIOBUF_</name>
         <value>0x16738</value>
         <object_component_ref idref="oc-ea"/>
      </symbol>
      <symbol id="sm-817">
         <name>_readmsg</name>
         <value>0x10b40</value>
         <object_component_ref idref="oc-168"/>
      </symbol>
      <symbol id="sm-818">
         <name>_writemsg</name>
         <value>0x10d20</value>
         <object_component_ref idref="oc-167"/>
      </symbol>
      <symbol id="sm-822">
         <name>__wrt_ok</name>
         <value>0xeb40</value>
         <object_component_ref idref="oc-194"/>
      </symbol>
      <symbol id="sm-830">
         <name>__unlock</name>
         <value>0x120a0</value>
         <object_component_ref idref="oc-f2"/>
      </symbol>
      <symbol id="sm-831">
         <name>__lock</name>
         <value>0x1209c</value>
         <object_component_ref idref="oc-f2"/>
      </symbol>
      <symbol id="sm-832">
         <name>__nop</name>
         <value>0x11680</value>
         <object_component_ref idref="oc-14f"/>
      </symbol>
      <symbol id="sm-862">
         <name>__printfi</name>
         <value>0x7060</value>
         <object_component_ref idref="oc-16b"/>
      </symbol>
      <symbol id="sm-86c">
         <name>__args_main</name>
         <value>0x11540</value>
         <object_component_ref idref="oc-141"/>
      </symbol>
      <symbol id="sm-86d">
         <name>__TI_args_main</name>
         <value>0x1</value>
      </symbol>
      <symbol id="sm-877">
         <name>_atoi</name>
         <value>0xe1c0</value>
         <object_component_ref idref="oc-198"/>
      </symbol>
      <symbol id="sm-881">
         <name>__auto_init</name>
         <value>0xf3e0</value>
         <object_component_ref idref="oc-140"/>
      </symbol>
      <symbol id="sm-88b">
         <name>___TI_cpp_init</name>
         <value>0x10f40</value>
         <object_component_ref idref="oc-152"/>
      </symbol>
      <symbol id="sm-895">
         <name>_copy_in</name>
         <value>0x105e0</value>
         <object_component_ref idref="oc-150"/>
      </symbol>
      <symbol id="sm-89d">
         <name>__ctypes_</name>
         <value>0x16400</value>
         <object_component_ref idref="oc-1a3"/>
      </symbol>
      <symbol id="sm-8a5">
         <name>__c6xabi_divu</name>
         <value>0x10520</value>
         <object_component_ref idref="oc-1bb"/>
      </symbol>
      <symbol id="sm-8a6">
         <name>__divu</name>
         <value>0x10520</value>
         <object_component_ref idref="oc-1bb"/>
      </symbol>
      <symbol id="sm-8b0">
         <name>_errno</name>
         <value>0x11ae4</value>
         <object_component_ref idref="oc-10f"/>
      </symbol>
      <symbol id="sm-8ba">
         <name>__fixdli</name>
         <value>0x10960</value>
         <object_component_ref idref="oc-1b8"/>
      </symbol>
      <symbol id="sm-8c4">
         <name>__fltlid</name>
         <value>0x11040</value>
         <object_component_ref idref="oc-1ba"/>
      </symbol>
      <symbol id="sm-8ce">
         <name>_fseek</name>
         <value>0xcda0</value>
         <object_component_ref idref="oc-1a1"/>
      </symbol>
      <symbol id="sm-8dc">
         <name>__divul</name>
         <value>0xb760</value>
         <object_component_ref idref="oc-1bc"/>
      </symbol>
      <symbol id="sm-8dd">
         <name>__remli</name>
         <value>0x10aa0</value>
         <object_component_ref idref="oc-1c0"/>
      </symbol>
      <symbol id="sm-8de">
         <name>__divli</name>
         <value>0xf5e0</value>
         <object_component_ref idref="oc-1c1"/>
      </symbol>
      <symbol id="sm-8ea">
         <name>__subcull</name>
         <value>0x114a0</value>
         <object_component_ref idref="oc-1c3"/>
      </symbol>
      <symbol id="sm-8eb">
         <name>__divull</name>
         <value>0x9360</value>
         <object_component_ref idref="oc-1bd"/>
      </symbol>
      <symbol id="sm-8f5">
         <name>___isinf</name>
         <value>0x11380</value>
         <object_component_ref idref="oc-1a5"/>
      </symbol>
      <symbol id="sm-8ff">
         <name>_ltoa</name>
         <value>0xe440</value>
         <object_component_ref idref="oc-1b9"/>
      </symbol>
      <symbol id="sm-909">
         <name>_memccpy</name>
         <value>0x111c0</value>
         <object_component_ref idref="oc-19b"/>
      </symbol>
      <symbol id="sm-913">
         <name>_memset</name>
         <value>0xeea0</value>
         <object_component_ref idref="oc-197"/>
      </symbol>
      <symbol id="sm-91d">
         <name>__negll</name>
         <value>0x11660</value>
         <object_component_ref idref="oc-1aa"/>
      </symbol>
      <symbol id="sm-927">
         <name>_setvbuf</name>
         <value>0xad00</value>
         <object_component_ref idref="oc-1a2"/>
      </symbol>
      <symbol id="sm-93c">
         <name>__cleanup</name>
         <value>0xfca0</value>
         <object_component_ref idref="oc-1b0"/>
      </symbol>
      <symbol id="sm-946">
         <name>__closefile</name>
         <value>0xda20</value>
         <object_component_ref idref="oc-1b7"/>
      </symbol>
      <symbol id="sm-950">
         <name>_remove</name>
         <value>0x11760</value>
         <object_component_ref idref="oc-1bf"/>
      </symbol>
   </symbol_table>
</link_info>
