******************************************************************************
               TMS320C6x Linker PC v7.4.11                     
******************************************************************************
>> Linked Fri Jan 16 20:19:46 2015

OUTPUT FILE NAME:   <mcbsp1.out>
ENTRY POINT SYMBOL: "_c_int00"  address: 00010940


MEMORY CONFIGURATION

         name            origin    length      used     unused   attr    fill
----------------------  --------  ---------  --------  --------  ----  --------
  PMEM                  00000000   00013000  00012890  00000770  RWIX
  BMEM                  00013000   00030000  0000150a  0002eaf6  RWIX


SECTION ALLOCATION MAP

 output                                  attributes/
section   page    origin      length       input sections
--------  ----  ----------  ----------   ----------------
.text      0    00000000    00010fa0     
                  00000000    00001260     gpcregler.obj (.text)
                  00001260    00000ca0     MatrixVectorOp.obj (.text)
                  00001f00    00000c00     ident.obj (.text)
                  00002b00    00000be0     lumatrixinv.obj (.text)
                  000036e0    00000b00     MainLoop_Helper.obj (.text)
                  000041e0    00000900     main.obj (.text)
                  00004ae0    00000720     rts6700.lib : divd.obj (.text:__divd)
                  00005200    000006c0                 : _printfi.obj (.text:__getarg_diouxp)
                  000058c0    00000640                 : _printfi.obj (.text:__setfield)
                  00005f00    00000620     main.obj (.text:retain)
                  00006520    00000560     rts6700.lib : _printfi.obj (.text:__printfi)
                  00006a80    00000540     Command_Utility.obj (.text)
                  00006fc0    000004c0     rts6700.lib : fputs.obj (.text:_fputs)
                  00007480    00000480     EDMA_Utility.obj (.text)
                  00007900    00000480     dsk6713bsl.lib : dsk6713.obj (.text)
                  00007d80    00000420     rts6700.lib : _printfi.obj (.text:_fcvt)
                  000081a0    00000400                 : _printfi.obj (.text:__pproc_fge)
                  000085a0    00000400                 : _printfi.obj (.text:_ecvt)
                  000089a0    00000380     DAC7716.obj (.text)
                  00008d20    00000380     rts6700.lib : imath64.obj (.text:__divull)
                  000090a0    00000380                 : memory.obj (.text:_free)
                  00009420    00000360                 : _printfi.obj (.text:__pconv_e)
                  00009780    00000360                 : _printfi.obj (.text:__pproc_fwp)
                  00009ae0    00000360     enkoder.obj (.text)
                  00009e40    00000300     rts6700.lib : _printfi.obj (.text:__pproc_diouxp)
                  0000a140    000002c0                 : _printfi.obj (.text:__pproc_str)
                  0000a400    000002c0                 : setvbuf.obj (.text:_setvbuf)
                  0000a6c0    000002a0                 : _printfi.obj (.text:__pconv_g)
                  0000a960    000002a0                 : fputc.obj (.text:_fputc)
                  0000ac00    00000280     csl6713.lib : csl_edma.obj (.text:_EDMA_open)
                  0000ae80    00000260     rts6700.lib : imath40.obj (.text:__divul)
                  0000b0e0    00000240                 : _printfi.obj (.text:__mcpy)
                  0000b320    00000240                 : memory.obj (.text:_malloc)
                  0000b560    00000240                 : memcpy62.obj (.text:_memcpy)
                  0000b7a0    00000220                 : trgdrv.obj (.text:_HOSTrename)
                  0000b9c0    00000220     csl6713.lib : csl.obj (.text:__CSL_init)
                  0000bbe0    00000020     CPLD.obj (.text)
                  0000bc00    00000200     vecs_irq.obj (.text:vecs)
                  0000be00    000001e0     rts6700.lib : lowlev.obj (.text:_getdevice)
                  0000bfe0    000001e0     dsk6713bsl.lib : dsk6713_led.obj (.text)
                  0000c1c0    000001c0     csl6713.lib : csl_i2c.obj (.text:_I2C_reset)
                  0000c380    000001c0                 : csl_irq.obj (.text:_IRQ_map)
                  0000c540    000001c0     rts6700.lib : fseek.obj (.text:_fseek)
                  0000c700    000001c0     csl6713.lib : csl_irq.obj (.text:_mux2Tables)
                  0000c8c0    000001a0                 : csl_edma.obj (.text:_EDMA_allocTable)
                  0000ca60    000001a0                 : csl_edma.obj (.text:_EDMA_resetAll)
                  0000cc00    000001a0                 : csl_mcbsp.obj (.text:_MCBSP_reset)
                  0000cda0    000001a0     rts6700.lib : _printfi.obj (.text:__ltostr)
                  0000cf40    000001a0                 : _printfi.obj (.text:__pproc_fflags)
                  0000d0e0    00000160                 : trgdrv.obj (.text:_HOSTlseek)
                  0000d240    00000160                 : fclose.obj (.text:__closefile)
                  0000d3a0    00000140     I2C_Utility.obj (.text)
                  0000d4e0    00000140     IRQ_Utility.obj (.text)
                  0000d620    00000140     csl6713.lib : csl_edma.obj (.text:_EDMA_reset)
                  0000d760    00000140     rts6700.lib : trgdrv.obj (.text:_HOSTread)
                  0000d8a0    00000140     csl6713.lib : csl_timer.obj (.text:_TIMER_open)
                  0000d9e0    00000140     rts6700.lib : frcmpyd_div.obj (.text:__frcmpyd_div)
                  0000db20    00000140                 : strasg.obj (.text:__strasgi)
                  0000dc60    00000140                 : atoi.obj (.text:_atoi)
                  0000dda0    00000140                 : fflush.obj (.text:_fflush)
                  0000dee0    00000140                 : ltoa.obj (.text:_ltoa)
                  0000e020    00000140                 : sqrt.obj (.text:_sqrt)
                  0000e160    00000120                 : trgdrv.obj (.text:_HOSTopen)
                  0000e280    00000120                 : trgdrv.obj (.text:_HOSTwrite)
                  0000e3a0    00000120     csl6713.lib : csl_timer.obj (.text:_TIMER_reset)
                  0000e4c0    00000120     rts6700.lib : _io_perm.obj (.text:__wrt_ok)
                  0000e5e0    00000120                 : lowlev.obj (.text:_close)
                  0000e700    00000120                 : fprintf.obj (.text:_fprintf)
                  0000e820    00000120                 : memset.obj (.text:_memset)
                  0000e940    00000100                 : trgdrv.obj (.text:_HOSTclose)
                  0000ea40    00000100                 : trgdrv.obj (.text:_HOSTunlink)
                  0000eb40    00000100     csl6713.lib : csl_i2c.obj (.text:_I2C_open)
                  0000ec40    00000100                 : csl_mcbsp.obj (.text:_MCBSP_open)
                  0000ed40    00000100                 : csl_mcbsp.obj (.text:_MCBSP_start)
                  0000ee40    00000100     rts6700.lib : autoinit.obj (.text:__auto_init)
                  0000ef40    00000100                 : _printfi.obj (.text:__div)
                  0000f040    00000100                 : imath40.obj (.text:__divli)
                  0000f140    00000100                 : _printfi.obj (.text:__pconv_f)
                  0000f240    00000100                 : lowlev.obj (.text:_lseek)
                  0000f340    00000100                 : printf.obj (.text:_printf)
                  0000f440    00000100                 : lowlev.obj (.text:_write)
                  0000f540    000000e0                 : fopen.obj (.text:__cleanup)
                  0000f620    000000e0                 : fflush.obj (.text:__doflush)
                  0000f700    000000e0                 : _printfi.obj (.text:__ecpy)
                  0000f7e0    000000e0                 : _printfi.obj (.text:__fcpy)
                  0000f8c0    000000e0                 : strasg.obj (.text:__strasg)
                  0000f9a0    000000e0                 : exit.obj (.text:_exit)
                  0000fa80    000000e0                 : memory.obj (.text:_minsert)
                  0000fb60    000000e0                 : memory.obj (.text:_mremove)
                  0000fc40    000000c0     csl6713.lib : csl_edma.obj (.text:_EDMA_clearPram)
                  0000fd00    000000c0     rts6700.lib : divu.obj (.text:__divu)
                  0000fdc0    000000c0                 : cpy_tbl.obj (.text:_copy_in)
                  0000fe80    000000c0                 : lowlev.obj (.text:_finddevice)
                  0000ff40    000000a0     McBSP_Utility.obj (.text)
                  0000ffe0    000000a0     csl6713.lib : csl_edma.obj (.text:_EDMA_close)
                  00010080    000000a0                 : csl_mcbsp.obj (.text:_MCBSP_close)
                  00010120    000000a0                 : csl_irq.obj (.text:__IRQ_init)
                  000101c0    000000a0     rts6700.lib : fixdi.obj (.text:__fixdi)
                  00010260    000000a0                 : fixdli.obj (.text:__fixdli)
                  00010300    000000a0                 : mpyll.obj (.text:__mpyll)
                  000103a0    000000a0                 : imath40.obj (.text:__remli)
                  00010440    000000a0                 : trgmsg.obj (.text:_readmsg)
                  000104e0    000000a0     csl6713.lib : csl_irq.obj (.text:_setMux)
                  00010580    000000a0     rts6700.lib : lowlev.obj (.text:_unlink)
                  00010620    000000a0                 : trgmsg.obj (.text:_writemsg)
                  000106c0    00000080     csl6713.lib : csl_edma.obj (.text:_EDMA_freeTable)
                  00010740    00000080     rts6700.lib : cpp_init.obj (.text:___TI_cpp_init)
                  000107c0    00000080                 : assert.obj (.text:__abort_msg)
                  00010840    00000080                 : fltlid.obj (.text:__fltlid)
                  000108c0    00000080                 : llshift.obj (.text:__llshl)
                  00010940    00000080                 : boot.obj (.text:_c_int00)
                  000109c0    00000080                 : memccpy.obj (.text:_memccpy)
                  00010a40    00000080     dsk6713bsl.lib : dsk6713_dip.obj (.text)
                  00010ac0    00000060     csl6713.lib : csl_edma.obj (.text:_EDMA_disableChannel)
                  00010b20    00000060                 : csl_edma.obj (.text:_EDMA_enableChannel)
                  00010b80    00000060     rts6700.lib : isinf.obj (.text:___isinf)
                  00010be0    00000060                 : fltid.obj (.text:__fltid)
                  00010c40    00000060                 : llshift.obj (.text:__llshru)
                  00010ca0    00000060                 : imath64.obj (.text:__subcull)
                  00010d00    00000040                 : _printfi.obj (.text:___isnan)
                  00010d40    00000040                 : args_main.obj (.text:__args_main)
                  00010d80    00000020     csl6713.lib : csl.obj (.text:_CSL6713_LIB_)
                  00010da0    00000020                 : csl_irq.obj (.text:_IRQ_setVecs)
                  00010dc0    00000020     rts6700.lib : addd.obj (.text:__addd)
                  00010de0    00000020                 : cmpd.obj (.text:__cmpd)
                  00010e00    00000020                 : mpyd.obj (.text:__mpyd)
                  00010e20    00000020                 : negd.obj (.text:__negd)
                  00010e40    00000020                 : negll.obj (.text:__negll)
                  00010e60    00000020                 : _lock.obj (.text:__nop)
                  00010e80    00000020                 : fprintf.obj (.text:__outc)
                  00010ea0    00000020                 : printf.obj (.text:__outc)
                  00010ec0    00000020                 : fprintf.obj (.text:__outs)
                  00010ee0    00000020                 : printf.obj (.text:__outs)
                  00010f00    00000020                 : subd.obj (.text:__subd)
                  00010f20    00000020                 : exit.obj (.text:_abort)
                  00010f40    00000020                 : remove.obj (.text:_remove)
                  00010f60    00000020     csl6713.lib : csl_irq.obj (.text)
                  00010f80    00000020     vecs_irq.obj (.text)

.far       0    00010fa0    000008e0     UNINITIALIZED
                  00010fa0    00000324     rts6700.lib : defs.obj (.far)
                  000112c4    00000004                 : errno.obj (.far)
                  000112c8    00000168     MainLoop_Helper.obj (.far)
                  00011430    0000011c     rts6700.lib : lowlev.obj (.far)
                  0001154c    00000004                 : fopen.obj (.far)
                  00011550    00000106     main.obj (.far)
                  00011656    00000002     dsk6713bsl.lib : dsk6713.obj (.far)
                  00011658    000000f4     csl6713.lib : csl_irq.obj (.far)
                  0001174c    00000054                 : csl_edma.obj (.far)
                  000117a0    00000038                 : csl_mcbsp.obj (.far)
                  000117d8    00000028                 : csl.obj (.far)
                  00011800    00000028                 : csl_i2c.obj (.far)
                  00011828    00000024                 : csl_timer.obj (.far)
                  0001184c    0000000e     Command_Utility.obj (.far)
                  0001185a    00000002     dsk6713bsl.lib : dsk6713_led.obj (.far)
                  0001185c    0000000c     rts6700.lib : exit.obj (.far)
                  00011868    00000008                 : _lock.obj (.far)
                  00011870    00000008                 : memory.obj (.far)
                  00011878    00000008                 : trgdrv.obj (.far)

.stack     0    00011880    00000800     UNINITIALIZED
                  00011880    00000008     rts6700.lib : boot.obj (.stack)
                  00011888    000007f8     --HOLE--

.cinit     0    00012080    0000078c     
                  00012080    00000174     main.obj (.cinit)
                  000121f4    00000004     --HOLE-- [fill = 0]
                  000121f8    0000015c     DAC7716.obj (.cinit)
                  00012354    00000004     --HOLE-- [fill = 0]
                  00012358    0000012c     csl6713.lib : csl_irq.obj (.cinit)
                  00012484    00000004     --HOLE-- [fill = 0]
                  00012488    00000070                 : csl_edma.obj (.cinit)
                  000124f8    0000005c     MainLoop_Helper.obj (.cinit)
                  00012554    00000004     --HOLE-- [fill = 0]
                  00012558    0000005c     rts6700.lib : defs.obj (.cinit)
                  000125b4    00000004     --HOLE-- [fill = 0]
                  000125b8    0000005c                 : lowlev.obj (.cinit)
                  00012614    00000004     --HOLE-- [fill = 0]
                  00012618    00000054     csl6713.lib : csl_mcbsp.obj (.cinit)
                  0001266c    00000004     --HOLE-- [fill = 0]
                  00012670    0000004c                 : csl_timer.obj (.cinit)
                  000126bc    00000004     --HOLE-- [fill = 0]
                  000126c0    0000003c                 : csl.obj (.cinit)
                  000126fc    00000004     --HOLE-- [fill = 0]
                  00012700    00000030                 : csl_i2c.obj (.cinit)
                  00012730    0000002c     rts6700.lib : exit.obj (.cinit)
                  0001275c    00000004     --HOLE-- [fill = 0]
                  00012760    0000002c                 : memory.obj (.cinit)
                  0001278c    00000004     --HOLE-- [fill = 0]
                  00012790    00000024     Command_Utility.obj (.cinit)
                  000127b4    00000004     --HOLE-- [fill = 0]
                  000127b8    0000001c     rts6700.lib : _lock.obj (.cinit)
                  000127d4    00000004     --HOLE-- [fill = 0]
                  000127d8    0000000c                 : errno.obj (.cinit)
                  000127e4    00000004     --HOLE-- [fill = 0]
                  000127e8    0000000c                 : fopen.obj (.cinit)
                  000127f4    00000004     --HOLE-- [fill = 0]
                  000127f8    0000000c     timer.obj (.cinit)
                  00012804    00000004     --HOLE-- [fill = 0]
                  00012808    00000004     (.pad.cinit) [fill = 0]

.buffers   0    00012880    00000084     UNINITIALIZED
                  00012880    00000084     main.obj (.buffers)

.data      0    00013000    00000000     UNINITIALIZED

.sysmem    0    00013000    00001000     UNINITIALIZED
                  00013000    00000008     rts6700.lib : memory.obj (.sysmem)
                  00013008    00000ff8     --HOLE--

.const     0    00014000    000002b6     
                  00014000    00000101     rts6700.lib : ctype.obj (.const:.string:__ctypes_)
                  00014101    00000003                 : assert.obj (.const:.string)
                  00014104    0000008c     MatrixVectorOp.obj (.const:.string)
                  00014190    00000040     DAC7716.obj (.const:.string)
                  000141d0    00000040     I2C_Utility.obj (.const)
                  00014210    0000002c     MainLoop_Helper.obj (.const:.string)
                  0001423c    0000002c     lumatrixinv.obj (.const:.string)
                  00014268    00000023     rts6700.lib : _printfi.obj (.const:.string)
                  0001428b    00000001     --HOLE-- [fill = 0]
                  0001428c    00000020     dsk6713bsl.lib : dsk6713.obj (.const)
                  000142ac    00000008     Command_Utility.obj (.const:.string)
                  000142b4    00000002     rts6700.lib : fputs.obj (.const:.string)

.cio       0    000142b8    00000120     UNINITIALIZED
                  000142b8    00000120     rts6700.lib : trgmsg.obj (.cio)

.bss       0    000143d8    000000f4     UNINITIALIZED
                  000143d8    0000005c     main.obj (.bss)
                  00014434    00000058     DAC7716.obj (.bss)
                  0001448c    00000030     MainLoop_Helper.obj (.bss)
                  000144bc    0000000c     timer.obj (.bss)
                  000144c8    00000004     Command_Utility.obj (.bss)

.switch    0    000144cc    00000040     
                  000144cc    00000030     Command_Utility.obj (.switch:_AnalyzeCommands)
                  000144fc    00000010     DAC7716.obj (.switch:_DAC_Prepare_EDMA)


GLOBAL SYMBOLS: SORTED ALPHABETICALLY BY Name 

address    name
--------   ----
000143d8   $bss
000143d8   .bss
00013000   .data
00000000   .text
00010f20   C$$EXIT
00010698   C$$IO$$
00014400   _ADCCounter
00006ed0   _AnalyzeCommands
0000bbe0   _CPLD_WriteMisc
00010d80   _CSL6713_LIB_
00000b7c   _CalcArixOutput
000010d0   _CalcArxOutput
0000064c   _CalcClearArx
00000804   _CalcQT
00000490   _CalcRefModelOutput
00000ef0   _CalculateGPC
000021c4   _CalculateIdent
00006d9c   _CommandEngine
00006d88   _Copy16Bit
00006d2c   _CopyString
00008cc0   _DAC_Fill_Values_With_Zeros
00008ba0   _DAC_Prepare_EDMA
00008a6c   _DAC_Prepare_Frame
00008a50   _DAC_Update_Channel_To_Send
00010a48   _DSK6713_DIP_get
00010a40   _DSK6713_DIP_init
0000bfe0   _DSK6713_LED_init
0000c020   _DSK6713_LED_off
0000c090   _DSK6713_LED_on
0000c100   _DSK6713_LED_toggle
00007d14   _DSK6713_getVersion
0000794c   _DSK6713_init
00007c68   _DSK6713_rget
00007c7c   _DSK6713_rset
00011656   _DSK6713_version
00007c90   _DSK6713_wait
00007ce8   _DSK6713_waitusec
00006cc4   _DownloadCommand
000078d4   _EDMAADCConfOpt
000078c4   _EDMADACConfOpt
0000c8c0   _EDMA_allocTable
0000fc40   _EDMA_clearPram
0000ffe0   _EDMA_close
00010ac0   _EDMA_disableChannel
00010b20   _EDMA_enableChannel
000106c0   _EDMA_freeTable
0000ac00   _EDMA_open
0000d620   _EDMA_reset
0000ca60   _EDMA_resetAll
000078b4   _EDMI2CRecConfOpt
000078a4   _EDMI2CTransConfOpt
00011580   _EncMeasurement
00009db0   _Enc_Are_Both_Enc_Fresh
00009d60   _Enc_Compute_Values
00009cc0   _Enc_Fill_With_Zeros
00003dd8   _Enc_PrepareFreshOutput
00006aec   _Enc_ReadEnc
00009c80   _Enc_Refresh_Bytes
00003db0   _Enc_SendOrder
00009c34   _Enc_Unfresh_All
00003ce4   _Enc_WaitForFreshInput
00009be0   _Encoder_Are_Bytes_Fresh
00009b6c   _Encoder_Compute_Value
00009af4   _Encoder_Fill_With_Zeros
00009ae0   _Encoder_Unfresh
000003b4   _FillQ
00000150   _GPC_Constructor
00000000   _GPC_Destructor
0000e940   _HOSTclose
0000d0e0   _HOSTlseek
0000e160   _HOSTopen
0000d760   _HOSTread
0000b7a0   _HOSTrename
0000ea40   _HOSTunlink
0000e280   _HOSTwrite
0000d474   _I2C_InterruptsRoutine
0000d400   _I2C_PrepareMasterConfigStruct
0000d3a0   _I2C_PrepareSlaveConfigStruct
0000d4b0   _I2C_Send_Polling
0000eb40   _I2C_open
0000c1c0   _I2C_reset
0000c380   _IRQ_map
00010da0   _IRQ_setVecs
00001fac   _IdentObj_Constructor
00001f00   _IdentObj_Destructor
0000425c   _Initialize
000041e0   _Intialize_Chipset
00010080   _MCBSP_close
0000ec40   _MCBSP_open
0000cc00   _MCBSP_reset
0000ed40   _MCBSP_start
00003c44   _ML_CheckSwitch
00003b80   _ML_ExitProcedure
00003b3c   _ML_ShowGoodbyeMsg
00001e5c   _MatrixMult
00001c6c   _MatrixMultptr
000115e0   _Parametry1
000115e8   _Parametry2
0000ff90   _Polling_Single_Receive
0000ff40   _Polling_Transmit
000036e0   _PrepareGPC
000089a0   _PrintfDACTransferInfo
00006b1c   _ProcessReceivedData
00006a80   _RemoveCompletedCommand
0000d8a0   _TIMER_open
0000e3a0   _TIMER_reset
00004aa0   _TimerEventHandler
000144c8   _WelcomeStringLength
0001441c   _Wzad_pion
0001441e   _Wzad_poziom
00014418   _WzmocnienieCalki
00014414   _WzmocnienieRegulatoraP
000142b8   __CIOBUF_
0000b9c0   __CSL_init
00011744   __IRQ_dispatchTable
00011680   __IRQ_eventTable
00010f60   __IRQ_hookFetchPacket
00010120   __IRQ_init
00011704   __IRQ_intTable
000117d0   __MCBSP_hDev0
000117d4   __MCBSP_hDev1
00012080   __STACK_END
00000800   __STACK_SIZE
00001000   __SYSMEM_SIZE
00011828   __TIMER_deviceTable
00011848   __TIMER_hBios
00011840   __TIMER_hDev0
00011844   __TIMER_hDev1
00000001   __TI_args_main
00010740   ___TI_cpp_init
00011864   ___TI_enable_exit_profile_output
ffffffff   ___TI_pprof_out_hndl
ffffffff   ___TI_prof_data_size
ffffffff   ___TI_prof_data_start
ffffffff   ___binit__
000143d8   ___bss__
ffffffff   ___c_args__
00012080   ___cinit__
00013000   ___data__
00013000   ___edata__
000144cc   ___end__
00010fa0   ___etext__
00010b80   ___isinf
ffffffff   ___pinit__
00000000   ___text__
000107c0   __abort_msg
00010dc0   __addd
00010d40   __args_main
0000ee40   __auto_init
0000fd00   __c6xabi_divu
0000db20   __c6xabi_strasgi
0000f540   __cleanup
0001185c   __cleanup_ptr
0000d240   __closefile
00010de0   __cmpd
00014000   __ctypes_
00004ae0   __divd
0000f040   __divli
0000fd00   __divu
0000ae80   __divul
00008d20   __divull
0000f620   __doflush
00011860   __dtors_ptr
000101c0   __fixdi
00010260   __fixdli
00010be0   __fltid
00010840   __fltlid
0000d9e0   __frcmpyd_div
000112c0   __ft_end
00010fa0   __ftable
000108c0   __llshl
00010c40   __llshru
00011868   __lock
00010e00   __mpyd
00010300   __mpyll
00010e20   __negd
00010e40   __negll
00010e60   __nop
00006520   __printfi
000103a0   __remli
00011880   __stack
0000f8c0   __strasg
0000db20   __strasgi
00010ca0   __subcull
00010f00   __subd
00013000   __sys_memory
00011180   __tmpnams
0001186c   __unlock
0000e4c0   __wrt_ok
00010f20   _abort
0000dc60   _atoi
00010940   _c_int00
00006288   _c_int08
00005fd8   _c_int09
00005f00   _c_int14
00014410   _ce2
0000e5e0   _close
0000fdc0   _copy_in
0001440c   _digital_output
0000d5d0   _enableIRQ
000076b4   _enableIRQ_EDMA
000112c4   _errno
0000f9a0   _exit
0000dda0   _fflush
0000e700   _fprintf
0000a960   _fputc
00006fc0   _fputs
000090a0   _free
00001be4   _freeMatrix
00001b60   _freeMatrixV
0000c540   _fseek
00014408   _fstart
000019c8   _getMatrixEye
0000184c   _getMatrixEyeptr
00001720   _getMatrixptr
00011390   _identyfikatorPion
000113e0   _identyfikatorPoziom
000034b8   _inverse
0001448c   _kC
0001449c   _kC2
00014490   _kPID
000144a0   _kPID2
0000f240   _lseek
0000dee0   _ltoa
000031c8   _lubksb
00002b00   _ludcmp
00004934   _main
0000b320   _malloc
000014e0   _matMult
000109c0   _memccpy
0000b560   _memcpy
0000e820   _memset
000112dc   _modelPion
000112c8   _modelPoziom
000014a8   _moveTableLeft
00014404   _pEncMeasurement
000144b4   _pion
00014494   _pomiar
000144a4   _pomiar2
000144ac   _poziom
000013a4   _printMatrix
00001300   _printTable
0000f340   _printf
000012b0   _pushStart
00001260   _pushStop
0000a960   _putc
00010440   _readmsg
00011340   _regulatorPion
000112f0   _regulatorPoziom
00010f40   _remove
0000d4e0   _setupIRQ
0000a400   _setvbuf
0000e020   _sqrt
000074e0   _stopEdma
00014498   _suma
000144a8   _suma2
00011760   _tccAllocTable
000144b8   _uPion
000144b0   _uPoziom
00010580   _unlink
0000bc20   _vector1
0000bd40   _vector10
0000bd60   _vector11
0000bd80   _vector12
0000bda0   _vector13
0000bdc0   _vector14
0000bde0   _vector15
0000bc40   _vector2
0000bc60   _vector3
0000bc80   _vector4
0000bca0   _vector5
0000bcc0   _vector6
0000bce0   _vector7
0000bc00   _vectors
0000f440   _write
00010620   _writemsg
00011598   _wynik
ffffffff   binit
00012080   cinit
00013000   edata
000144cc   end
00010fa0   etext
ffffffff   pinit


GLOBAL SYMBOLS: SORTED BY Symbol Address 

address    name
--------   ----
00000000   .text
00000000   _GPC_Destructor
00000000   ___text__
00000001   __TI_args_main
00000150   _GPC_Constructor
000003b4   _FillQ
00000490   _CalcRefModelOutput
0000064c   _CalcClearArx
00000800   __STACK_SIZE
00000804   _CalcQT
00000b7c   _CalcArixOutput
00000ef0   _CalculateGPC
00001000   __SYSMEM_SIZE
000010d0   _CalcArxOutput
00001260   _pushStop
000012b0   _pushStart
00001300   _printTable
000013a4   _printMatrix
000014a8   _moveTableLeft
000014e0   _matMult
00001720   _getMatrixptr
0000184c   _getMatrixEyeptr
000019c8   _getMatrixEye
00001b60   _freeMatrixV
00001be4   _freeMatrix
00001c6c   _MatrixMultptr
00001e5c   _MatrixMult
00001f00   _IdentObj_Destructor
00001fac   _IdentObj_Constructor
000021c4   _CalculateIdent
00002b00   _ludcmp
000031c8   _lubksb
000034b8   _inverse
000036e0   _PrepareGPC
00003b3c   _ML_ShowGoodbyeMsg
00003b80   _ML_ExitProcedure
00003c44   _ML_CheckSwitch
00003ce4   _Enc_WaitForFreshInput
00003db0   _Enc_SendOrder
00003dd8   _Enc_PrepareFreshOutput
000041e0   _Intialize_Chipset
0000425c   _Initialize
00004934   _main
00004aa0   _TimerEventHandler
00004ae0   __divd
00005f00   _c_int14
00005fd8   _c_int09
00006288   _c_int08
00006520   __printfi
00006a80   _RemoveCompletedCommand
00006aec   _Enc_ReadEnc
00006b1c   _ProcessReceivedData
00006cc4   _DownloadCommand
00006d2c   _CopyString
00006d88   _Copy16Bit
00006d9c   _CommandEngine
00006ed0   _AnalyzeCommands
00006fc0   _fputs
000074e0   _stopEdma
000076b4   _enableIRQ_EDMA
000078a4   _EDMI2CTransConfOpt
000078b4   _EDMI2CRecConfOpt
000078c4   _EDMADACConfOpt
000078d4   _EDMAADCConfOpt
0000794c   _DSK6713_init
00007c68   _DSK6713_rget
00007c7c   _DSK6713_rset
00007c90   _DSK6713_wait
00007ce8   _DSK6713_waitusec
00007d14   _DSK6713_getVersion
000089a0   _PrintfDACTransferInfo
00008a50   _DAC_Update_Channel_To_Send
00008a6c   _DAC_Prepare_Frame
00008ba0   _DAC_Prepare_EDMA
00008cc0   _DAC_Fill_Values_With_Zeros
00008d20   __divull
000090a0   _free
00009ae0   _Encoder_Unfresh
00009af4   _Encoder_Fill_With_Zeros
00009b6c   _Encoder_Compute_Value
00009be0   _Encoder_Are_Bytes_Fresh
00009c34   _Enc_Unfresh_All
00009c80   _Enc_Refresh_Bytes
00009cc0   _Enc_Fill_With_Zeros
00009d60   _Enc_Compute_Values
00009db0   _Enc_Are_Both_Enc_Fresh
0000a400   _setvbuf
0000a960   _fputc
0000a960   _putc
0000ac00   _EDMA_open
0000ae80   __divul
0000b320   _malloc
0000b560   _memcpy
0000b7a0   _HOSTrename
0000b9c0   __CSL_init
0000bbe0   _CPLD_WriteMisc
0000bc00   _vectors
0000bc20   _vector1
0000bc40   _vector2
0000bc60   _vector3
0000bc80   _vector4
0000bca0   _vector5
0000bcc0   _vector6
0000bce0   _vector7
0000bd40   _vector10
0000bd60   _vector11
0000bd80   _vector12
0000bda0   _vector13
0000bdc0   _vector14
0000bde0   _vector15
0000bfe0   _DSK6713_LED_init
0000c020   _DSK6713_LED_off
0000c090   _DSK6713_LED_on
0000c100   _DSK6713_LED_toggle
0000c1c0   _I2C_reset
0000c380   _IRQ_map
0000c540   _fseek
0000c8c0   _EDMA_allocTable
0000ca60   _EDMA_resetAll
0000cc00   _MCBSP_reset
0000d0e0   _HOSTlseek
0000d240   __closefile
0000d3a0   _I2C_PrepareSlaveConfigStruct
0000d400   _I2C_PrepareMasterConfigStruct
0000d474   _I2C_InterruptsRoutine
0000d4b0   _I2C_Send_Polling
0000d4e0   _setupIRQ
0000d5d0   _enableIRQ
0000d620   _EDMA_reset
0000d760   _HOSTread
0000d8a0   _TIMER_open
0000d9e0   __frcmpyd_div
0000db20   __c6xabi_strasgi
0000db20   __strasgi
0000dc60   _atoi
0000dda0   _fflush
0000dee0   _ltoa
0000e020   _sqrt
0000e160   _HOSTopen
0000e280   _HOSTwrite
0000e3a0   _TIMER_reset
0000e4c0   __wrt_ok
0000e5e0   _close
0000e700   _fprintf
0000e820   _memset
0000e940   _HOSTclose
0000ea40   _HOSTunlink
0000eb40   _I2C_open
0000ec40   _MCBSP_open
0000ed40   _MCBSP_start
0000ee40   __auto_init
0000f040   __divli
0000f240   _lseek
0000f340   _printf
0000f440   _write
0000f540   __cleanup
0000f620   __doflush
0000f8c0   __strasg
0000f9a0   _exit
0000fc40   _EDMA_clearPram
0000fd00   __c6xabi_divu
0000fd00   __divu
0000fdc0   _copy_in
0000ff40   _Polling_Transmit
0000ff90   _Polling_Single_Receive
0000ffe0   _EDMA_close
00010080   _MCBSP_close
00010120   __IRQ_init
000101c0   __fixdi
00010260   __fixdli
00010300   __mpyll
000103a0   __remli
00010440   _readmsg
00010580   _unlink
00010620   _writemsg
00010698   C$$IO$$
000106c0   _EDMA_freeTable
00010740   ___TI_cpp_init
000107c0   __abort_msg
00010840   __fltlid
000108c0   __llshl
00010940   _c_int00
000109c0   _memccpy
00010a40   _DSK6713_DIP_init
00010a48   _DSK6713_DIP_get
00010ac0   _EDMA_disableChannel
00010b20   _EDMA_enableChannel
00010b80   ___isinf
00010be0   __fltid
00010c40   __llshru
00010ca0   __subcull
00010d40   __args_main
00010d80   _CSL6713_LIB_
00010da0   _IRQ_setVecs
00010dc0   __addd
00010de0   __cmpd
00010e00   __mpyd
00010e20   __negd
00010e40   __negll
00010e60   __nop
00010f00   __subd
00010f20   C$$EXIT
00010f20   _abort
00010f40   _remove
00010f60   __IRQ_hookFetchPacket
00010fa0   ___etext__
00010fa0   __ftable
00010fa0   etext
00011180   __tmpnams
000112c0   __ft_end
000112c4   _errno
000112c8   _modelPoziom
000112dc   _modelPion
000112f0   _regulatorPoziom
00011340   _regulatorPion
00011390   _identyfikatorPion
000113e0   _identyfikatorPoziom
00011580   _EncMeasurement
00011598   _wynik
000115e0   _Parametry1
000115e8   _Parametry2
00011656   _DSK6713_version
00011680   __IRQ_eventTable
00011704   __IRQ_intTable
00011744   __IRQ_dispatchTable
00011760   _tccAllocTable
000117d0   __MCBSP_hDev0
000117d4   __MCBSP_hDev1
00011828   __TIMER_deviceTable
00011840   __TIMER_hDev0
00011844   __TIMER_hDev1
00011848   __TIMER_hBios
0001185c   __cleanup_ptr
00011860   __dtors_ptr
00011864   ___TI_enable_exit_profile_output
00011868   __lock
0001186c   __unlock
00011880   __stack
00012080   __STACK_END
00012080   ___cinit__
00012080   cinit
00013000   .data
00013000   ___data__
00013000   ___edata__
00013000   __sys_memory
00013000   edata
00014000   __ctypes_
000142b8   __CIOBUF_
000143d8   $bss
000143d8   .bss
000143d8   ___bss__
00014400   _ADCCounter
00014404   _pEncMeasurement
00014408   _fstart
0001440c   _digital_output
00014410   _ce2
00014414   _WzmocnienieRegulatoraP
00014418   _WzmocnienieCalki
0001441c   _Wzad_pion
0001441e   _Wzad_poziom
0001448c   _kC
00014490   _kPID
00014494   _pomiar
00014498   _suma
0001449c   _kC2
000144a0   _kPID2
000144a4   _pomiar2
000144a8   _suma2
000144ac   _poziom
000144b0   _uPoziom
000144b4   _pion
000144b8   _uPion
000144c8   _WelcomeStringLength
000144cc   ___end__
000144cc   end
ffffffff   ___TI_pprof_out_hndl
ffffffff   ___TI_prof_data_size
ffffffff   ___TI_prof_data_start
ffffffff   ___binit__
ffffffff   ___c_args__
ffffffff   ___pinit__
ffffffff   binit
ffffffff   pinit

[283 symbols]
