******************************************************************************
               TMS320C6x Linker PC v7.4.11                     
******************************************************************************
>> Linked Thu Jan 29 16:45:39 2015

OUTPUT FILE NAME:   <mcbsp1.out>
ENTRY POINT SYMBOL: "_c_int00"  address: 0000f3c0


MEMORY CONFIGURATION

         name            origin    length      used     unused   attr    fill
----------------------  --------  ---------  --------  --------  ----  --------
  PMEM                  00000000   00012000  000111bc  00000e44  RWIX
  BMEM                  00012000   00030000  0000147a  0002eb86  RWIX


SECTION ALLOCATION MAP

 output                                  attributes/
section   page    origin      length       input sections
--------  ----  ----------  ----------   ----------------
.text      0    00000000    0000fa40     
                  00000000    00001260     gpcregler.obj (.text)
                  00001260    00000c60     MainLoop_Helper.obj (.text)
                  00001ec0    00000c40     ident.obj (.text)
                  00002b00    00000bc0     lumatrixinv.obj (.text)
                  000036c0    00000b00     MatrixVectorOp.obj (.text)
                  000041c0    00000720     rts6700.lib : divd.obj (.text:__divd)
                  000048e0    000006c0                 : _printfi.obj (.text:__getarg_diouxp)
                  00004fa0    00000640                 : _printfi.obj (.text:__setfield)
                  000055e0    00000560                 : _printfi.obj (.text:__printfi)
                  00005b40    00000520     Command_Utility.obj (.text)
                  00006060    000004c0     rts6700.lib : fputs.obj (.text:_fputs)
                  00006520    00000480     dsk6713bsl.lib : dsk6713.obj (.text)
                  000069a0    00000420     rts6700.lib : _printfi.obj (.text:_fcvt)
                  00006dc0    00000420     main.obj (.text)
                  000071e0    00000400     rts6700.lib : _printfi.obj (.text:__pproc_fge)
                  000075e0    00000400                 : _printfi.obj (.text:_ecvt)
                  000079e0    000003a0     main.obj (.text:retain)
                  00007d80    00000380     rts6700.lib : imath64.obj (.text:__divull)
                  00008100    00000380                 : memory.obj (.text:_free)
                  00008480    00000360                 : _printfi.obj (.text:__pconv_e)
                  000087e0    00000360                 : _printfi.obj (.text:__pproc_fwp)
                  00008b40    00000360     enkoder.obj (.text)
                  00008ea0    00000300     rts6700.lib : _printfi.obj (.text:__pproc_diouxp)
                  000091a0    000002c0     DAC7716.obj (.text)
                  00009460    000002c0     rts6700.lib : _printfi.obj (.text:__pproc_str)
                  00009720    000002c0                 : setvbuf.obj (.text:_setvbuf)
                  000099e0    000002a0                 : _printfi.obj (.text:__pconv_g)
                  00009c80    000002a0                 : fputc.obj (.text:_fputc)
                  00009f20    00000260                 : imath40.obj (.text:__divul)
                  0000a180    00000240                 : _printfi.obj (.text:__mcpy)
                  0000a3c0    00000240                 : memory.obj (.text:_malloc)
                  0000a600    00000240                 : memcpy62.obj (.text:_memcpy)
                  0000a840    00000220                 : trgdrv.obj (.text:_HOSTrename)
                  0000aa60    00000220     csl6713.lib : csl.obj (.text:__CSL_init)
                  0000ac80    000001e0     rts6700.lib : lowlev.obj (.text:_getdevice)
                  0000ae60    000001a0     csl6713.lib : csl_mcbsp.obj (.text:_MCBSP_reset)
                  0000b000    00000200     vecs_irq.obj (.text:vecs)
                  0000b200    000001e0     dsk6713bsl.lib : dsk6713_led.obj (.text)
                  0000b3e0    000001c0     csl6713.lib : csl_i2c.obj (.text:_I2C_reset)
                  0000b5a0    000001c0                 : csl_irq.obj (.text:_IRQ_map)
                  0000b760    000001c0     rts6700.lib : fseek.obj (.text:_fseek)
                  0000b920    000001c0     csl6713.lib : csl_irq.obj (.text:_mux2Tables)
                  0000bae0    000001a0     rts6700.lib : _printfi.obj (.text:__ltostr)
                  0000bc80    000001a0                 : _printfi.obj (.text:__pproc_fflags)
                  0000be20    00000160                 : trgdrv.obj (.text:_HOSTlseek)
                  0000bf80    00000160                 : fclose.obj (.text:__closefile)
                  0000c0e0    00000140     I2C_Utility.obj (.text)
                  0000c220    00000140     rts6700.lib : trgdrv.obj (.text:_HOSTread)
                  0000c360    00000140     csl6713.lib : csl_timer.obj (.text:_TIMER_open)
                  0000c4a0    00000140     rts6700.lib : frcmpyd_div.obj (.text:__frcmpyd_div)
                  0000c5e0    00000140                 : strasg.obj (.text:__strasgi)
                  0000c720    00000140                 : atoi.obj (.text:_atoi)
                  0000c860    00000140                 : fflush.obj (.text:_fflush)
                  0000c9a0    00000140                 : ltoa.obj (.text:_ltoa)
                  0000cae0    00000140                 : sqrt.obj (.text:_sqrt)
                  0000cc20    00000120                 : trgdrv.obj (.text:_HOSTopen)
                  0000cd40    00000120                 : trgdrv.obj (.text:_HOSTwrite)
                  0000ce60    00000120     csl6713.lib : csl_timer.obj (.text:_TIMER_reset)
                  0000cf80    00000120     rts6700.lib : _io_perm.obj (.text:__wrt_ok)
                  0000d0a0    00000120                 : lowlev.obj (.text:_close)
                  0000d1c0    00000120                 : fprintf.obj (.text:_fprintf)
                  0000d2e0    00000120                 : memset.obj (.text:_memset)
                  0000d400    00000100                 : trgdrv.obj (.text:_HOSTclose)
                  0000d500    00000100                 : trgdrv.obj (.text:_HOSTunlink)
                  0000d600    00000100     csl6713.lib : csl_i2c.obj (.text:_I2C_open)
                  0000d700    00000100                 : csl_mcbsp.obj (.text:_MCBSP_open)
                  0000d800    00000100                 : csl_mcbsp.obj (.text:_MCBSP_start)
                  0000d900    00000100     rts6700.lib : autoinit.obj (.text:__auto_init)
                  0000da00    00000100                 : _printfi.obj (.text:__div)
                  0000db00    00000100                 : imath40.obj (.text:__divli)
                  0000dc00    00000100                 : _printfi.obj (.text:__pconv_f)
                  0000dd00    00000100                 : lowlev.obj (.text:_lseek)
                  0000de00    00000100                 : printf.obj (.text:_printf)
                  0000df00    00000100                 : lowlev.obj (.text:_write)
                  0000e000    000000e0     IRQ_Utility.obj (.text)
                  0000e0e0    000000e0     rts6700.lib : fopen.obj (.text:__cleanup)
                  0000e1c0    000000e0                 : fflush.obj (.text:__doflush)
                  0000e2a0    000000e0                 : _printfi.obj (.text:__ecpy)
                  0000e380    000000e0                 : _printfi.obj (.text:__fcpy)
                  0000e460    000000e0                 : strasg.obj (.text:__strasg)
                  0000e540    000000e0                 : exit.obj (.text:_exit)
                  0000e620    000000e0                 : memory.obj (.text:_minsert)
                  0000e700    000000e0                 : memory.obj (.text:_mremove)
                  0000e7e0    000000c0                 : divu.obj (.text:__divu)
                  0000e8a0    000000c0                 : cpy_tbl.obj (.text:_copy_in)
                  0000e960    000000c0                 : lowlev.obj (.text:_finddevice)
                  0000ea20    000000c0                 : rand.obj (.text:_rand)
                  0000eae0    000000a0     McBSP_Utility.obj (.text)
                  0000eb80    000000a0     csl6713.lib : csl_irq.obj (.text:__IRQ_init)
                  0000ec20    000000a0     rts6700.lib : fixdi.obj (.text:__fixdi)
                  0000ecc0    000000a0                 : fixdli.obj (.text:__fixdli)
                  0000ed60    000000a0                 : fixfi.obj (.text:__fixfi)
                  0000ee00    000000a0                 : mpyll.obj (.text:__mpyll)
                  0000eea0    000000a0                 : imath40.obj (.text:__remli)
                  0000ef40    000000a0                 : trgmsg.obj (.text:_readmsg)
                  0000efe0    000000a0     csl6713.lib : csl_irq.obj (.text:_setMux)
                  0000f080    000000a0     rts6700.lib : lowlev.obj (.text:_unlink)
                  0000f120    000000a0                 : trgmsg.obj (.text:_writemsg)
                  0000f1c0    00000080                 : cpp_init.obj (.text:___TI_cpp_init)
                  0000f240    00000080                 : assert.obj (.text:__abort_msg)
                  0000f2c0    00000080                 : fltlid.obj (.text:__fltlid)
                  0000f340    00000080                 : llshift.obj (.text:__llshl)
                  0000f3c0    00000080                 : boot.obj (.text:_c_int00)
                  0000f440    00000080                 : memccpy.obj (.text:_memccpy)
                  0000f4c0    00000080     dsk6713bsl.lib : dsk6713_dip.obj (.text)
                  0000f540    00000060     rts6700.lib : isinf.obj (.text:___isinf)
                  0000f5a0    00000060                 : fltid.obj (.text:__fltid)
                  0000f600    00000060                 : fltif.obj (.text:__fltif)
                  0000f660    00000060                 : llshift.obj (.text:__llshru)
                  0000f6c0    00000060                 : imath64.obj (.text:__subcull)
                  0000f720    00000040                 : _printfi.obj (.text:___isnan)
                  0000f760    00000040                 : args_main.obj (.text:__args_main)
                  0000f7a0    00000020     CPLD.obj (.text)
                  0000f7c0    00000020     csl6713.lib : csl.obj (.text:_CSL6713_LIB_)
                  0000f7e0    00000020                 : csl_irq.obj (.text:_IRQ_setVecs)
                  0000f800    00000020     rts6700.lib : addd.obj (.text:__addd)
                  0000f820    00000020                 : addf.obj (.text:__addf)
                  0000f840    00000020                 : cmpd.obj (.text:__cmpd)
                  0000f860    00000020                 : mpyd.obj (.text:__mpyd)
                  0000f880    00000020                 : mpyf.obj (.text:__mpyf)
                  0000f8a0    00000020                 : negd.obj (.text:__negd)
                  0000f8c0    00000020                 : negll.obj (.text:__negll)
                  0000f8e0    00000020                 : _lock.obj (.text:__nop)
                  0000f900    00000020                 : fprintf.obj (.text:__outc)
                  0000f920    00000020                 : printf.obj (.text:__outc)
                  0000f940    00000020                 : fprintf.obj (.text:__outs)
                  0000f960    00000020                 : printf.obj (.text:__outs)
                  0000f980    00000020                 : subd.obj (.text:__subd)
                  0000f9a0    00000020                 : subf.obj (.text:__subf)
                  0000f9c0    00000020                 : exit.obj (.text:_abort)
                  0000f9e0    00000020                 : remove.obj (.text:_remove)
                  0000fa00    00000020     csl6713.lib : csl_irq.obj (.text)
                  0000fa20    00000020     vecs_irq.obj (.text)

.far       0    0000fa40    00000888     UNINITIALIZED
                  0000fa40    00000324     rts6700.lib : defs.obj (.far)
                  0000fd64    00000004                 : errno.obj (.far)
                  0000fd68    00000168     MainLoop_Helper.obj (.far)
                  0000fed0    0000011c     rts6700.lib : lowlev.obj (.far)
                  0000ffec    00000004                 : fopen.obj (.far)
                  0000fff0    00000106     main.obj (.far)
                  000100f6    00000002     dsk6713bsl.lib : dsk6713.obj (.far)
                  000100f8    000000f4     csl6713.lib : csl_irq.obj (.far)
                  000101ec    00000038                 : csl_mcbsp.obj (.far)
                  00010224    00000028                 : csl.obj (.far)
                  0001024c    00000028                 : csl_i2c.obj (.far)
                  00010274    00000024                 : csl_timer.obj (.far)
                  00010298    0000000c     rts6700.lib : exit.obj (.far)
                  000102a4    00000008                 : _lock.obj (.far)
                  000102ac    00000008                 : memory.obj (.far)
                  000102b4    00000002     dsk6713bsl.lib : dsk6713_led.obj (.far)
                  000102b6    00000002     --HOLE--
                  000102b8    00000008     rts6700.lib : rand.obj (.far)
                  000102c0    00000008                 : trgdrv.obj (.far)

.stack     0    000102c8    00000800     UNINITIALIZED
                  000102c8    00000008     rts6700.lib : boot.obj (.stack)
                  000102d0    000007f8     --HOLE--

.cinit     0    00010ac8    000006f4     
                  00010ac8    0000015c     DAC7716.obj (.cinit)
                  00010c24    00000004     --HOLE-- [fill = 0]
                  00010c28    00000154     main.obj (.cinit)
                  00010d7c    00000004     --HOLE-- [fill = 0]
                  00010d80    0000012c     csl6713.lib : csl_irq.obj (.cinit)
                  00010eac    00000004     --HOLE-- [fill = 0]
                  00010eb0    0000006c     MainLoop_Helper.obj (.cinit)
                  00010f1c    00000004     --HOLE-- [fill = 0]
                  00010f20    0000005c     rts6700.lib : defs.obj (.cinit)
                  00010f7c    00000004     --HOLE-- [fill = 0]
                  00010f80    0000005c                 : lowlev.obj (.cinit)
                  00010fdc    00000004     --HOLE-- [fill = 0]
                  00010fe0    00000054     csl6713.lib : csl_mcbsp.obj (.cinit)
                  00011034    00000004     --HOLE-- [fill = 0]
                  00011038    0000004c                 : csl_timer.obj (.cinit)
                  00011084    00000004     --HOLE-- [fill = 0]
                  00011088    0000003c                 : csl.obj (.cinit)
                  000110c4    00000004     --HOLE-- [fill = 0]
                  000110c8    00000030                 : csl_i2c.obj (.cinit)
                  000110f8    0000002c     rts6700.lib : exit.obj (.cinit)
                  00011124    00000004     --HOLE-- [fill = 0]
                  00011128    0000002c                 : memory.obj (.cinit)
                  00011154    00000004     --HOLE-- [fill = 0]
                  00011158    0000001c                 : _lock.obj (.cinit)
                  00011174    00000004     --HOLE-- [fill = 0]
                  00011178    00000010                 : rand.obj (.cinit)
                  00011188    0000000c                 : errno.obj (.cinit)
                  00011194    00000004     --HOLE-- [fill = 0]
                  00011198    0000000c                 : fopen.obj (.cinit)
                  000111a4    00000004     --HOLE-- [fill = 0]
                  000111a8    0000000c     timer.obj (.cinit)
                  000111b4    00000004     --HOLE-- [fill = 0]
                  000111b8    00000004     (.pad.cinit) [fill = 0]

.data      0    00012000    00000000     UNINITIALIZED

.sysmem    0    00012000    00001000     UNINITIALIZED
                  00012000    00000008     rts6700.lib : memory.obj (.sysmem)
                  00012008    00000ff8     --HOLE--

.const     0    00013000    00000236     
                  00013000    00000101     rts6700.lib : ctype.obj (.const:.string:__ctypes_)
                  00013101    00000003                 : assert.obj (.const:.string)
                  00013104    00000080     MatrixVectorOp.obj (.const:.string)
                  00013184    00000040     I2C_Utility.obj (.const)
                  000131c4    0000002c     lumatrixinv.obj (.const:.string)
                  000131f0    00000023     rts6700.lib : _printfi.obj (.const:.string)
                  00013213    00000001     --HOLE-- [fill = 0]
                  00013214    00000020     dsk6713bsl.lib : dsk6713.obj (.const)
                  00013234    00000002     rts6700.lib : fputs.obj (.const:.string)

.cio       0    00013238    00000120     UNINITIALIZED
                  00013238    00000120     rts6700.lib : trgmsg.obj (.cio)

.bss       0    00013358    000000e4     UNINITIALIZED
                  00013358    00000058     DAC7716.obj (.bss)
                  000133b0    0000004c     main.obj (.bss)
                  000133fc    00000034     MainLoop_Helper.obj (.bss)
                  00013430    0000000c     timer.obj (.bss)

.switch    0    0001343c    00000040     
                  0001343c    00000030     Command_Utility.obj (.switch:_AnalyzeCommands)
                  0001346c    00000010     DAC7716.obj (.switch:_DAC_Prepare_EDMA)


GLOBAL SYMBOLS: SORTED ALPHABETICALLY BY Name 

address    name
--------   ----
00013358   $bss
00013358   .bss
00012000   .data
00000000   .text
0000f9c0   C$$EXIT
0000f198   C$$IO$$
000133c8   _ADCCounter
00005f68   _AnalyzeCommands
0000f7a0   _CPLD_WriteMisc
0000f7c0   _CSL6713_LIB_
00000b7c   _CalcArixOutput
000010d0   _CalcArxOutput
0000064c   _CalcClearArx
00000804   _CalcQT
00000490   _CalcRefModelOutput
00000ef0   _CalculateGPC
000021c4   _CalculateIdent
00005e5c   _CommandEngine
00005e48   _Copy16Bit
00005dec   _CopyString
00009410   _DAC_Fill_Values_With_Zeros
000092f0   _DAC_Prepare_EDMA
000091bc   _DAC_Prepare_Frame
000091a0   _DAC_Update_Channel_To_Send
0000f4c8   _DSK6713_DIP_get
0000f4c0   _DSK6713_DIP_init
0000b200   _DSK6713_LED_init
0000b240   _DSK6713_LED_off
0000b2b0   _DSK6713_LED_on
0000b320   _DSK6713_LED_toggle
00006934   _DSK6713_getVersion
0000656c   _DSK6713_init
00006888   _DSK6713_rget
0000689c   _DSK6713_rset
000100f6   _DSK6713_version
000068b0   _DSK6713_wait
00006908   _DSK6713_waitusec
00005d84   _DownloadCommand
00010020   _EncMeasurement
00008e10   _Enc_Are_Both_Enc_Fresh
00008dc0   _Enc_Compute_Values
00008d20   _Enc_Fill_With_Zeros
000018ac   _Enc_PrepareFreshOutput
00005bac   _Enc_ReadEnc
00008ce0   _Enc_Refresh_Bytes
00001884   _Enc_SendOrder
00008c94   _Enc_Unfresh_All
000017b8   _Enc_WaitForFreshInput
00008c40   _Encoder_Are_Bytes_Fresh
00008bcc   _Encoder_Compute_Value
00008b54   _Encoder_Fill_With_Zeros
00008b40   _Encoder_Unfresh
000003b4   _FillQ
00000150   _GPC_Constructor
00000000   _GPC_Destructor
0000d400   _HOSTclose
0000be20   _HOSTlseek
0000cc20   _HOSTopen
0000c220   _HOSTread
0000a840   _HOSTrename
0000d500   _HOSTunlink
0000cd40   _HOSTwrite
0000c1b4   _I2C_InterruptsRoutine
0000c140   _I2C_PrepareMasterConfigStruct
0000c0e0   _I2C_PrepareSlaveConfigStruct
0000c1f0   _I2C_Send_Polling
0000d600   _I2C_open
0000b3e0   _I2C_reset
0000b5a0   _IRQ_map
0000f7e0   _IRQ_setVecs
00001f6c   _IdentObj_Constructor
00001ec0   _IdentObj_Destructor
00006e3c   _Initialize
00006dc0   _Intialize_Chipset
0000d700   _MCBSP_open
0000ae60   _MCBSP_reset
0000d800   _MCBSP_start
00001718   _ML_CheckSwitch
00004114   _MatrixMult
00003f24   _MatrixMultptr
00010080   _Parametry1
00010088   _Parametry2
0000eb30   _Polling_Single_Receive
0000eae0   _Polling_Transmit
00001260   _PrepareGPC
00005bdc   _ProcessReceivedData
00005b40   _RemoveCompletedCommand
0000c360   _TIMER_open
0000ce60   _TIMER_reset
000071ac   _TimerEventHandler
000133e4   _Wzad_pion
000133e6   _Wzad_poziom
000133e0   _WzmocnienieCalki
000133dc   _WzmocnienieRegulatoraP
00013238   __CIOBUF_
0000aa60   __CSL_init
000101e4   __IRQ_dispatchTable
00010120   __IRQ_eventTable
0000fa00   __IRQ_hookFetchPacket
0000eb80   __IRQ_init
000101a4   __IRQ_intTable
0001021c   __MCBSP_hDev0
00010220   __MCBSP_hDev1
00010ac8   __STACK_END
00000800   __STACK_SIZE
00001000   __SYSMEM_SIZE
00010274   __TIMER_deviceTable
00010294   __TIMER_hBios
0001028c   __TIMER_hDev0
00010290   __TIMER_hDev1
00000001   __TI_args_main
0000f1c0   ___TI_cpp_init
000102a0   ___TI_enable_exit_profile_output
ffffffff   ___TI_pprof_out_hndl
ffffffff   ___TI_prof_data_size
ffffffff   ___TI_prof_data_start
ffffffff   ___binit__
00013358   ___bss__
ffffffff   ___c_args__
00010ac8   ___cinit__
00012000   ___data__
00012000   ___edata__
0001343c   ___end__
0000fa40   ___etext__
0000f540   ___isinf
ffffffff   ___pinit__
00000000   ___text__
0000f240   __abort_msg
0000f800   __addd
0000f820   __addf
0000f760   __args_main
0000d900   __auto_init
0000e7e0   __c6xabi_divu
0000c5e0   __c6xabi_strasgi
0000e0e0   __cleanup
00010298   __cleanup_ptr
0000bf80   __closefile
0000f840   __cmpd
00013000   __ctypes_
000041c0   __divd
0000db00   __divli
0000e7e0   __divu
00009f20   __divul
00007d80   __divull
0000e1c0   __doflush
0001029c   __dtors_ptr
0000ec20   __fixdi
0000ecc0   __fixdli
0000ed60   __fixfi
0000f5a0   __fltid
0000f600   __fltif
0000f2c0   __fltlid
0000c4a0   __frcmpyd_div
0000fd60   __ft_end
0000fa40   __ftable
0000f340   __llshl
0000f660   __llshru
000102a4   __lock
0000f860   __mpyd
0000f880   __mpyf
0000ee00   __mpyll
0000f8a0   __negd
0000f8c0   __negll
0000f8e0   __nop
000055e0   __printfi
0000eea0   __remli
000102c8   __stack
0000e460   __strasg
0000c5e0   __strasgi
0000f6c0   __subcull
0000f980   __subd
0000f9a0   __subf
00012000   __sys_memory
0000fc20   __tmpnams
000102a8   __unlock
0000cf80   __wrt_ok
0000f9c0   _abort
0000c720   _atoi
0000f3c0   _c_int00
00007ab8   _c_int09
000079e0   _c_int14
000133d8   _ce2
0000d0a0   _close
0000e8a0   _copy_in
000133d4   _digital_output
0000e0a0   _enableIRQ
0000fd64   _errno
0000e540   _exit
0000c860   _fflush
0000d1c0   _fprintf
00009c80   _fputc
00006060   _fputs
00008100   _free
00003e9c   _freeMatrix
00003e18   _freeMatrixV
0000b760   _fseek
000133d0   _fstart
00003c80   _getMatrixEye
00003b04   _getMatrixEyeptr
000039d8   _getMatrixptr
0000fe30   _identyfikatorPion
0000fe80   _identyfikatorPoziom
000034a4   _inverse
000133fc   _kC
0001340c   _kC2
00013400   _kPID
00013410   _kPID2
0000dd00   _lseek
0000c9a0   _ltoa
000031b4   _lubksb
00002b00   _ludcmp
00007060   _main
0000a3c0   _malloc
00003798   _matMult
0000f440   _memccpy
0000a600   _memcpy
0000d2e0   _memset
0000fd7c   _modelPion
0000fd68   _modelPoziom
00003760   _moveTableLeft
000133cc   _pEncMeasurement
00013428   _pion
00013404   _pomiar
00013414   _pomiar2
00013420   _poziom
0000de00   _printf
00003710   _pushStart
000036c0   _pushStop
00009c80   _putc
0000ea20   _rand
0000ef40   _readmsg
0000fde0   _regulatorPion
0000fd90   _regulatorPoziom
0000f9e0   _remove
0000e000   _setupIRQ
00009720   _setvbuf
0000cae0   _sqrt
00013408   _suma
00013418   _suma2
0001342c   _uPion
00013424   _uPoziom
0000f080   _unlink
0001341c   _use_Gpc
0000b020   _vector1
0000b140   _vector10
0000b160   _vector11
0000b180   _vector12
0000b1a0   _vector13
0000b1c0   _vector14
0000b1e0   _vector15
0000b040   _vector2
0000b060   _vector3
0000b080   _vector4
0000b0a0   _vector5
0000b0c0   _vector6
0000b0e0   _vector7
0000b100   _vector8
0000b000   _vectors
0000df00   _write
0000f120   _writemsg
00010038   _wynik
ffffffff   binit
00010ac8   cinit
00012000   edata
0001343c   end
0000fa40   etext
ffffffff   pinit


GLOBAL SYMBOLS: SORTED BY Symbol Address 

address    name
--------   ----
00000000   .text
00000000   _GPC_Destructor
00000000   ___text__
00000001   __TI_args_main
00000150   _GPC_Constructor
000003b4   _FillQ
00000490   _CalcRefModelOutput
0000064c   _CalcClearArx
00000800   __STACK_SIZE
00000804   _CalcQT
00000b7c   _CalcArixOutput
00000ef0   _CalculateGPC
00001000   __SYSMEM_SIZE
000010d0   _CalcArxOutput
00001260   _PrepareGPC
00001718   _ML_CheckSwitch
000017b8   _Enc_WaitForFreshInput
00001884   _Enc_SendOrder
000018ac   _Enc_PrepareFreshOutput
00001ec0   _IdentObj_Destructor
00001f6c   _IdentObj_Constructor
000021c4   _CalculateIdent
00002b00   _ludcmp
000031b4   _lubksb
000034a4   _inverse
000036c0   _pushStop
00003710   _pushStart
00003760   _moveTableLeft
00003798   _matMult
000039d8   _getMatrixptr
00003b04   _getMatrixEyeptr
00003c80   _getMatrixEye
00003e18   _freeMatrixV
00003e9c   _freeMatrix
00003f24   _MatrixMultptr
00004114   _MatrixMult
000041c0   __divd
000055e0   __printfi
00005b40   _RemoveCompletedCommand
00005bac   _Enc_ReadEnc
00005bdc   _ProcessReceivedData
00005d84   _DownloadCommand
00005dec   _CopyString
00005e48   _Copy16Bit
00005e5c   _CommandEngine
00005f68   _AnalyzeCommands
00006060   _fputs
0000656c   _DSK6713_init
00006888   _DSK6713_rget
0000689c   _DSK6713_rset
000068b0   _DSK6713_wait
00006908   _DSK6713_waitusec
00006934   _DSK6713_getVersion
00006dc0   _Intialize_Chipset
00006e3c   _Initialize
00007060   _main
000071ac   _TimerEventHandler
000079e0   _c_int14
00007ab8   _c_int09
00007d80   __divull
00008100   _free
00008b40   _Encoder_Unfresh
00008b54   _Encoder_Fill_With_Zeros
00008bcc   _Encoder_Compute_Value
00008c40   _Encoder_Are_Bytes_Fresh
00008c94   _Enc_Unfresh_All
00008ce0   _Enc_Refresh_Bytes
00008d20   _Enc_Fill_With_Zeros
00008dc0   _Enc_Compute_Values
00008e10   _Enc_Are_Both_Enc_Fresh
000091a0   _DAC_Update_Channel_To_Send
000091bc   _DAC_Prepare_Frame
000092f0   _DAC_Prepare_EDMA
00009410   _DAC_Fill_Values_With_Zeros
00009720   _setvbuf
00009c80   _fputc
00009c80   _putc
00009f20   __divul
0000a3c0   _malloc
0000a600   _memcpy
0000a840   _HOSTrename
0000aa60   __CSL_init
0000ae60   _MCBSP_reset
0000b000   _vectors
0000b020   _vector1
0000b040   _vector2
0000b060   _vector3
0000b080   _vector4
0000b0a0   _vector5
0000b0c0   _vector6
0000b0e0   _vector7
0000b100   _vector8
0000b140   _vector10
0000b160   _vector11
0000b180   _vector12
0000b1a0   _vector13
0000b1c0   _vector14
0000b1e0   _vector15
0000b200   _DSK6713_LED_init
0000b240   _DSK6713_LED_off
0000b2b0   _DSK6713_LED_on
0000b320   _DSK6713_LED_toggle
0000b3e0   _I2C_reset
0000b5a0   _IRQ_map
0000b760   _fseek
0000be20   _HOSTlseek
0000bf80   __closefile
0000c0e0   _I2C_PrepareSlaveConfigStruct
0000c140   _I2C_PrepareMasterConfigStruct
0000c1b4   _I2C_InterruptsRoutine
0000c1f0   _I2C_Send_Polling
0000c220   _HOSTread
0000c360   _TIMER_open
0000c4a0   __frcmpyd_div
0000c5e0   __c6xabi_strasgi
0000c5e0   __strasgi
0000c720   _atoi
0000c860   _fflush
0000c9a0   _ltoa
0000cae0   _sqrt
0000cc20   _HOSTopen
0000cd40   _HOSTwrite
0000ce60   _TIMER_reset
0000cf80   __wrt_ok
0000d0a0   _close
0000d1c0   _fprintf
0000d2e0   _memset
0000d400   _HOSTclose
0000d500   _HOSTunlink
0000d600   _I2C_open
0000d700   _MCBSP_open
0000d800   _MCBSP_start
0000d900   __auto_init
0000db00   __divli
0000dd00   _lseek
0000de00   _printf
0000df00   _write
0000e000   _setupIRQ
0000e0a0   _enableIRQ
0000e0e0   __cleanup
0000e1c0   __doflush
0000e460   __strasg
0000e540   _exit
0000e7e0   __c6xabi_divu
0000e7e0   __divu
0000e8a0   _copy_in
0000ea20   _rand
0000eae0   _Polling_Transmit
0000eb30   _Polling_Single_Receive
0000eb80   __IRQ_init
0000ec20   __fixdi
0000ecc0   __fixdli
0000ed60   __fixfi
0000ee00   __mpyll
0000eea0   __remli
0000ef40   _readmsg
0000f080   _unlink
0000f120   _writemsg
0000f198   C$$IO$$
0000f1c0   ___TI_cpp_init
0000f240   __abort_msg
0000f2c0   __fltlid
0000f340   __llshl
0000f3c0   _c_int00
0000f440   _memccpy
0000f4c0   _DSK6713_DIP_init
0000f4c8   _DSK6713_DIP_get
0000f540   ___isinf
0000f5a0   __fltid
0000f600   __fltif
0000f660   __llshru
0000f6c0   __subcull
0000f760   __args_main
0000f7a0   _CPLD_WriteMisc
0000f7c0   _CSL6713_LIB_
0000f7e0   _IRQ_setVecs
0000f800   __addd
0000f820   __addf
0000f840   __cmpd
0000f860   __mpyd
0000f880   __mpyf
0000f8a0   __negd
0000f8c0   __negll
0000f8e0   __nop
0000f980   __subd
0000f9a0   __subf
0000f9c0   C$$EXIT
0000f9c0   _abort
0000f9e0   _remove
0000fa00   __IRQ_hookFetchPacket
0000fa40   ___etext__
0000fa40   __ftable
0000fa40   etext
0000fc20   __tmpnams
0000fd60   __ft_end
0000fd64   _errno
0000fd68   _modelPoziom
0000fd7c   _modelPion
0000fd90   _regulatorPoziom
0000fde0   _regulatorPion
0000fe30   _identyfikatorPion
0000fe80   _identyfikatorPoziom
00010020   _EncMeasurement
00010038   _wynik
00010080   _Parametry1
00010088   _Parametry2
000100f6   _DSK6713_version
00010120   __IRQ_eventTable
000101a4   __IRQ_intTable
000101e4   __IRQ_dispatchTable
0001021c   __MCBSP_hDev0
00010220   __MCBSP_hDev1
00010274   __TIMER_deviceTable
0001028c   __TIMER_hDev0
00010290   __TIMER_hDev1
00010294   __TIMER_hBios
00010298   __cleanup_ptr
0001029c   __dtors_ptr
000102a0   ___TI_enable_exit_profile_output
000102a4   __lock
000102a8   __unlock
000102c8   __stack
00010ac8   __STACK_END
00010ac8   ___cinit__
00010ac8   cinit
00012000   .data
00012000   ___data__
00012000   ___edata__
00012000   __sys_memory
00012000   edata
00013000   __ctypes_
00013238   __CIOBUF_
00013358   $bss
00013358   .bss
00013358   ___bss__
000133c8   _ADCCounter
000133cc   _pEncMeasurement
000133d0   _fstart
000133d4   _digital_output
000133d8   _ce2
000133dc   _WzmocnienieRegulatoraP
000133e0   _WzmocnienieCalki
000133e4   _Wzad_pion
000133e6   _Wzad_poziom
000133fc   _kC
00013400   _kPID
00013404   _pomiar
00013408   _suma
0001340c   _kC2
00013410   _kPID2
00013414   _pomiar2
00013418   _suma2
0001341c   _use_Gpc
00013420   _poziom
00013424   _uPoziom
00013428   _pion
0001342c   _uPion
0001343c   ___end__
0001343c   end
ffffffff   ___TI_pprof_out_hndl
ffffffff   ___TI_prof_data_size
ffffffff   ___TI_prof_data_start
ffffffff   ___binit__
ffffffff   ___c_args__
ffffffff   ___pinit__
ffffffff   binit
ffffffff   pinit

[267 symbols]
